../drivers/freertos/fsl_lpuart_freertos.c:19:13:LPUART_RTOS_Callback	16	static
../drivers/freertos/fsl_lpuart_freertos.c:72:5:LPUART_RTOS_Init	40	static
../drivers/freertos/fsl_lpuart_freertos.c:195:5:LPUART_RTOS_Deinit	8	static
../drivers/freertos/fsl_lpuart_freertos.c:232:5:LPUART_RTOS_Send	40	static
../drivers/freertos/fsl_lpuart_freertos.c:317:5:LPUART_RTOS_Receive	56	static
../drivers/freertos/fsl_lpuart_freertos.c:438:5:LPUART_RTOS_SetRxTimeout	0	static
../drivers/freertos/fsl_lpuart_freertos.c:466:5:LPUART_RTOS_SetTxTimeout	0	static
