../rbwsLiDAR/src/rbwsLiDAR.c:35:10:millis	8	static
../rbwsLiDAR/src/rbwsLiDAR.c:40:6:delay	16	static
../rbwsLiDAR/src/rbwsLiDAR.c:53:10:rbwsLiDAR_Get_Health	48	static
../rbwsLiDAR/src/rbwsLiDAR.c:103:10:rbwsLiDAR_Get_Device_Info	48	static
../rbwsLiDAR/src/rbwsLiDAR.c:151:10:rbwsLiDAR_Stop_Scan	16	static
../rbwsLiDAR/src/rbwsLiDAR.c:164:10:rbwsLiDAR_Start_Scan	32	static
../rbwsLiDAR/src/rbwsLiDAR.c:200:10:rbwsLiDAR_Send_Command	48	static
../rbwsLiDAR/src/rbwsLiDAR.c:248:10:rbwsLiDAR_Wait_Point	40	static
../rbwsLiDAR/src/rbwsLiDAR.c:313:10:rbwsLiDAR_Wait_Response_Header	40	static
../rbwsLiDAR/src/rbwsLiDAR.c:357:10:rbwsLiDAR_GetCurrentPoint	56	static
../rbwsLiDAR/src/rbwsLiDAR.c:379:6:rbwsLiDAR_Measure	8	static
