../rbwsMotorControl/src/rbwsMotorControl.c:37:6:delay	8	static
../rbwsMotorControl/src/rbwsMotorControl.c:48:6:rbwsMotorControl_Generate_PWM	8	static
../rbwsMotorControl/src/rbwsMotorControl.c:88:6:rbwsMotorControl_Set_LiDAR_Motor_DutyCycle	8	static
../rbwsMotorControl/src/rbwsMotorControl.c:105:6:rbwsMotorControl_Set_Motor_DutyCycle	8	static
../rbwsMotorControl/src/rbwsMotorControl.c:122:6:rbwsMotorControl_Set_Servo_DutyCycle	8	static
../rbwsMotorControl/src/rbwsMotorControl.c:138:6:rbwsMotorControl_initESC	8	static
../rbwsMotorControl/src/rbwsMotorControl.c:148:6:rbwsMotorControl_init	8	static
