../rbwsInertialMeasurementUnit/src/rbwsMPU6050.c:79:6:delay	8	static
../rbwsInertialMeasurementUnit/src/rbwsMPU6050.c:89:10:rbwsMPU6050_GetDeviceID	8	static
../rbwsInertialMeasurementUnit/src/rbwsMPU6050.c:102:9:rbwsMPU6050_TestConnection	0	static
../rbwsInertialMeasurementUnit/src/rbwsMPU6050.c:112:6:rbwsMPU6050_Config	40	static
../rbwsInertialMeasurementUnit/src/rbwsMPU6050.c:131:6:rbwsMPU6050_ClockConfig	8	static
../rbwsInertialMeasurementUnit/src/rbwsMPU6050.c:141:6:rbwsMPU6050_GyroConfig	8	static
../rbwsInertialMeasurementUnit/src/rbwsMPU6050.c:149:6:rbwsMPU6050_AccelConfig	8	static
../rbwsInertialMeasurementUnit/src/rbwsMPU6050.c:159:10:rbwsMPU6050_DataIsReady	0	static
../rbwsInertialMeasurementUnit/src/rbwsMPU6050.c:175:6:rbwsMPU6050_init	16	static
../rbwsInertialMeasurementUnit/src/rbwsMPU6050.c:205:6:rbwsMPU6050_ReadMeasurements	40	static
../rbwsInertialMeasurementUnit/src/rbwsMPU6050.c:226:6:rbwsMPU6050_Complementary_Filter	40	static
../rbwsInertialMeasurementUnit/src/rbwsMPU6050.c:249:6:rbwsMPU6050_main	104	static
../rbwsInertialMeasurementUnit/src/rbwsMPU6050.c:292:6:rbwsInertialMeasurementUnit_Save_Measurement	8	static
../rbwsInertialMeasurementUnit/src/rbwsMPU6050.c:304:17:rbwsInertialMeasurementUnit_Get_Measurements	0	static
