../freertos/freertos-kernel/event_groups.c:148:24:xEventGroupCreate	8	static
../freertos/freertos-kernel/event_groups.c:317:13:xEventGroupWaitBits	32	static
../freertos/freertos-kernel/event_groups.c:473:13:xEventGroupClearBits	16	static
../freertos/freertos-kernel/event_groups.c:686:6:vEventGroupClearBitsCallback	8	static
../freertos/freertos-kernel/event_groups.c:503:16:xEventGroupClearBitsFromISR	8	static
../freertos/freertos-kernel/event_groups.c:517:13:xEventGroupGetBitsFromISR	8	static
../freertos/freertos-kernel/event_groups.c:533:13:xEventGroupSetBits	32	static
../freertos/freertos-kernel/event_groups.c:194:13:xEventGroupSync	32	static
../freertos/freertos-kernel/event_groups.c:677:6:vEventGroupSetBitsCallback	8	static
../freertos/freertos-kernel/event_groups.c:629:6:vEventGroupDelete	16	static
../freertos/freertos-kernel/event_groups.c:732:16:xEventGroupSetBitsFromISR	8	static
../freertos/freertos-kernel/event_groups.c:749:17:uxEventGroupGetNumber	0	static
../freertos/freertos-kernel/event_groups.c:771:10:vEventGroupSetNumber	0	static
