Archive member included to satisfy reference by file (symbol)

c:/nxp/mcuxpressoide_11.8.1_1197/ide/plugins/com.nxp.mcuxpresso.tools.win32_11.8.1.202308071233/tools/bin/../lib/gcc/arm-none-eabi/12.2.1/thumb/v6-m/nofp\libgcc.a(_thumb1_case_sqi.o)
                              ./utilities/fsl_str.o (__gnu_thumb1_case_sqi)
c:/nxp/mcuxpressoide_11.8.1_1197/ide/plugins/com.nxp.mcuxpresso.tools.win32_11.8.1.202308071233/tools/bin/../lib/gcc/arm-none-eabi/12.2.1/thumb/v6-m/nofp\libgcc.a(_thumb1_case_uqi.o)
                              ./freertos/freertos-kernel/tasks.o (__gnu_thumb1_case_uqi)
c:/nxp/mcuxpressoide_11.8.1_1197/ide/plugins/com.nxp.mcuxpresso.tools.win32_11.8.1.202308071233/tools/bin/../lib/gcc/arm-none-eabi/12.2.1/thumb/v6-m/nofp\libgcc.a(_udivsi3.o)
                              ./freertos/freertos-kernel/portable/GCC/ARM_CM0/port.o (__aeabi_uidiv)
c:/nxp/mcuxpressoide_11.8.1_1197/ide/plugins/com.nxp.mcuxpresso.tools.win32_11.8.1.202308071233/tools/bin/../lib/gcc/arm-none-eabi/12.2.1/thumb/v6-m/nofp\libgcc.a(_divsi3.o)
                              ./utilities/fsl_str.o (__aeabi_idiv)
c:/nxp/mcuxpressoide_11.8.1_1197/ide/plugins/com.nxp.mcuxpresso.tools.win32_11.8.1.202308071233/tools/bin/../lib/gcc/arm-none-eabi/12.2.1/thumb/v6-m/nofp\libgcc.a(_dvmd_tls.o)
                              c:/nxp/mcuxpressoide_11.8.1_1197/ide/plugins/com.nxp.mcuxpresso.tools.win32_11.8.1.202308071233/tools/bin/../lib/gcc/arm-none-eabi/12.2.1/thumb/v6-m/nofp\libgcc.a(_udivsi3.o) (__aeabi_idiv0)
c:/nxp/mcuxpressoide_11.8.1_1197/ide/plugins/com.nxp.mcuxpresso.tools.win32_11.8.1.202308071233/tools/bin/../lib/gcc/arm-none-eabi/12.2.1/thumb/v6-m/nofp\libgcc.a(_arm_cmpdf2.o)
                              ./utilities/fsl_str.o (__aeabi_dcmpeq)
c:/nxp/mcuxpressoide_11.8.1_1197/ide/plugins/com.nxp.mcuxpresso.tools.win32_11.8.1.202308071233/tools/bin/../lib/gcc/arm-none-eabi/12.2.1/thumb/v6-m/nofp\libgcc.a(_aeabi_ldivmod.o)
                              ./rbwsPWT/src/rbwsPWT.o (__aeabi_ldivmod)
c:/nxp/mcuxpressoide_11.8.1_1197/ide/plugins/com.nxp.mcuxpresso.tools.win32_11.8.1.202308071233/tools/bin/../lib/gcc/arm-none-eabi/12.2.1/thumb/v6-m/nofp\libgcc.a(_aeabi_uldivmod.o)
                              ./rbwsPWT/src/rbwsPWT.o (__aeabi_uldivmod)
c:/nxp/mcuxpressoide_11.8.1_1197/ide/plugins/com.nxp.mcuxpresso.tools.win32_11.8.1.202308071233/tools/bin/../lib/gcc/arm-none-eabi/12.2.1/thumb/v6-m/nofp\libgcc.a(_muldi3.o)
                              ./rbwsPWT/src/rbwsPWT.o (__aeabi_lmul)
c:/nxp/mcuxpressoide_11.8.1_1197/ide/plugins/com.nxp.mcuxpresso.tools.win32_11.8.1.202308071233/tools/bin/../lib/gcc/arm-none-eabi/12.2.1/thumb/v6-m/nofp\libgcc.a(_fixunsdfsi.o)
                              ./rbwsPWT/src/rbwsPWT.o (__aeabi_d2uiz)
c:/nxp/mcuxpressoide_11.8.1_1197/ide/plugins/com.nxp.mcuxpresso.tools.win32_11.8.1.202308071233/tools/bin/../lib/gcc/arm-none-eabi/12.2.1/thumb/v6-m/nofp\libgcc.a(_fixdfdi.o)
                              ./utilities/fsl_str.o (__aeabi_d2lz)
c:/nxp/mcuxpressoide_11.8.1_1197/ide/plugins/com.nxp.mcuxpresso.tools.win32_11.8.1.202308071233/tools/bin/../lib/gcc/arm-none-eabi/12.2.1/thumb/v6-m/nofp\libgcc.a(_fixunsdfdi.o)
                              c:/nxp/mcuxpressoide_11.8.1_1197/ide/plugins/com.nxp.mcuxpresso.tools.win32_11.8.1.202308071233/tools/bin/../lib/gcc/arm-none-eabi/12.2.1/thumb/v6-m/nofp\libgcc.a(_fixdfdi.o) (__aeabi_d2ulz)
c:/nxp/mcuxpressoide_11.8.1_1197/ide/plugins/com.nxp.mcuxpresso.tools.win32_11.8.1.202308071233/tools/bin/../lib/gcc/arm-none-eabi/12.2.1/thumb/v6-m/nofp\libgcc.a(_floatdidf.o)
                              ./utilities/fsl_str.o (__aeabi_l2d)
c:/nxp/mcuxpressoide_11.8.1_1197/ide/plugins/com.nxp.mcuxpresso.tools.win32_11.8.1.202308071233/tools/bin/../lib/gcc/arm-none-eabi/12.2.1/thumb/v6-m/nofp\libgcc.a(_floatundidf.o)
                              ./rbwsPWT/src/rbwsPWT.o (__aeabi_ul2d)
c:/nxp/mcuxpressoide_11.8.1_1197/ide/plugins/com.nxp.mcuxpresso.tools.win32_11.8.1.202308071233/tools/bin/../lib/gcc/arm-none-eabi/12.2.1/thumb/v6-m/nofp\libgcc.a(_udivmoddi4.o)
                              c:/nxp/mcuxpressoide_11.8.1_1197/ide/plugins/com.nxp.mcuxpresso.tools.win32_11.8.1.202308071233/tools/bin/../lib/gcc/arm-none-eabi/12.2.1/thumb/v6-m/nofp\libgcc.a(_aeabi_uldivmod.o) (__udivmoddi4)
c:/nxp/mcuxpressoide_11.8.1_1197/ide/plugins/com.nxp.mcuxpresso.tools.win32_11.8.1.202308071233/tools/bin/../lib/gcc/arm-none-eabi/12.2.1/thumb/v6-m/nofp\libgcc.a(bpabi.o)
                              c:/nxp/mcuxpressoide_11.8.1_1197/ide/plugins/com.nxp.mcuxpresso.tools.win32_11.8.1.202308071233/tools/bin/../lib/gcc/arm-none-eabi/12.2.1/thumb/v6-m/nofp\libgcc.a(_aeabi_ldivmod.o) (__gnu_ldivmod_helper)
c:/nxp/mcuxpressoide_11.8.1_1197/ide/plugins/com.nxp.mcuxpresso.tools.win32_11.8.1.202308071233/tools/bin/../lib/gcc/arm-none-eabi/12.2.1/thumb/v6-m/nofp\libgcc.a(addsf3.o)
                              ./rbwsKalmanFilter/src/rbwsKalmanFilter.o (__aeabi_fadd)
[...]
Memory Configuration

Name             Origin             Length             Attributes
PROGRAM_FLASH    0x00000000         0x00010000         xr
SRAM             0x1ffff800         0x00002000         xrw
*default*        0x00000000         0xffffffff

Linker script and memory map

LOAD ./utilities/fsl_assert.o
LOAD ./utilities/fsl_debug_console.o
LOAD ./utilities/fsl_str.o
LOAD ./startup/startup_mke16z4.o
LOAD ./source/Licenta.o
LOAD ./source/mtb.o
LOAD ./source/semihost_hardfault.o
LOAD ./rbwsPWT/src/rbwsPWT.o
LOAD ./rbwsMotorControl/src/rbwsMotorControl.o
LOAD ./rbwsLidarA1M8/src/rbwsLidarA1M8_main.o
LOAD ./rbwsKalmanFilter/src/rbwsKalmanFilter.o
LOAD ./rbwsKalmanFilter/src/rbwsKalmanFilter_Matrix_Operations.o
LOAD ./rbwsInertialMeasurementUnit/src/rbwsI2C.o
LOAD ./rbwsInertialMeasurementUnit/src/rbwsMPU6050.o
LOAD ./rbwsFreeRTOS/src/rbwsFreeRTOS.o
LOAD ./freertos/freertos-kernel/portable/MemMang/heap_4.o
LOAD ./freertos/freertos-kernel/portable/GCC/ARM_CM0/port.o
LOAD ./freertos/freertos-kernel/croutine.o
LOAD ./freertos/freertos-kernel/event_groups.o
LOAD ./freertos/freertos-kernel/list.o
LOAD ./freertos/freertos-kernel/queue.o
LOAD ./freertos/freertos-kernel/stream_buffer.o
LOAD ./freertos/freertos-kernel/tasks.o
LOAD ./freertos/freertos-kernel/timers.o
LOAD ./drivers/freertos/fsl_lpuart_freertos.o
LOAD ./drivers/fsl_adc12.o
LOAD ./drivers/fsl_clock.o
LOAD ./drivers/fsl_common.o
LOAD ./drivers/fsl_common_arm.o
LOAD ./drivers/fsl_ftm.o
LOAD ./drivers/fsl_gpio.o
LOAD ./drivers/fsl_lpi2c.o
LOAD ./drivers/fsl_lpspi.o
LOAD ./drivers/fsl_lpuart.o
LOAD ./drivers/fsl_pwt.o
LOAD ./drivers/fsl_smc.o
LOAD ./device/system_MKE16Z4.o
LOAD ./component/uart/fsl_adapter_lpuart.o
LOAD ./component/serial_manager/fsl_component_serial_manager.o
LOAD ./component/serial_manager/fsl_component_serial_port_uart.o
LOAD ./component/lists/fsl_component_generic_list.o
LOAD ./board/board.o
LOAD ./board/clock_config.o
LOAD ./board/peripherals.o
LOAD ./board/pin_mux.o
START GROUP
LOAD c:/nxp/mcuxpressoide_11.8.1_1197/ide/plugins/com.nxp.mcuxpresso.tools.win32_11.8.1.202308071233/tools/bin/../lib/gcc/arm-none-eabi/12.2.1/thumb/v6-m/nofp\libgcc.a
LOAD c:/nxp/mcuxpressoide_11.8.1_1197/ide/plugins/com.nxp.mcuxpresso.tools.win32_11.8.1.202308071233/tools/bin/../lib/gcc/arm-none-eabi/12.2.1/thumb/v6-m/nofp\libc_nano.a
LOAD c:/nxp/mcuxpressoide_11.8.1_1197/ide/plugins/com.nxp.mcuxpresso.tools.win32_11.8.1.202308071233/tools/bin/../lib/gcc/arm-none-eabi/12.2.1/thumb/v6-m/nofp\libm.a
LOAD c:/nxp/mcuxpressoide_11.8.1_1197/ide/plugins/com.nxp.mcuxpresso.tools.win32_11.8.1.202308071233/tools/bin/../lib/gcc/arm-none-eabi/12.2.1/../../../../arm-none-eabi/lib/thumb/v6-m/nofp\libcr_newlib_nohost.a
END GROUP
                0x00000000                __base_PROGRAM_FLASH = 0x0
                0x00000000                __base_Flash = 0x0
                0x00010000                __top_PROGRAM_FLASH = 0x10000
                0x00010000                __top_Flash = 0x10000
                0x1ffff800                __base_SRAM = 0x1ffff800
                0x1ffff800                __base_RAM = 0x1ffff800
                0x20001800                __top_SRAM = 0x20001800
                0x20001800                __top_RAM = 0x20001800

.text           0x00000000     0xa7e0
 FILL mask 0xff
                0x00000000                __vectors_start__ = ABSOLUTE (.)
 *(SORT_BY_ALIGNMENT(.isr_vector))
 .isr_vector    0x00000000       0xc0 ./startup/startup_mke16z4.o
                0x00000000                g_pfnVectors
                0x00000000                __Vectors
                0x000000c0                . = ALIGN (0x4)
                0x000000c0                __section_table_start = .
                0x000000c0                __data_section_table = .
                0x000000c0        0x4 LONG 0xa7e8 LOADADDR (.data)
                0x000000c4        0x4 LONG 0x1ffff880 ADDR (.data)
                0x000000c8        0x4 LONG 0x1ec SIZEOF (.data)
                0x000000cc                __data_section_table_end = .
                0x000000cc                __bss_section_table = .
                0x000000cc        0x4 LONG 0x1ffffa6c ADDR (.bss)
                0x000000d0        0x4 LONG 0x2b4 SIZEOF (.bss)
                0x000000d4                __bss_section_table_end = .
                0x000000d4                __section_table_end = .
 *(SORT_BY_ALIGNMENT(.after_vectors*))
 .after_vectors.reset
                0x000000d4       0x4c ./startup/startup_mke16z4.o
                0x000000d4                ResetISR
 .after_vectors
                0x00000120      0x10c ./startup/startup_mke16z4.o
                0x00000120                NMI_Handler
                0x0000012a                Reserved39_DriverIRQHandler
                0x0000012a                Reserved37_DriverIRQHandler
                0x0000012a                PDB0_DriverIRQHandler
                0x0000012a                PORTAE_DriverIRQHandler
                0x0000012a                FTM1_DriverIRQHandler
                0x0000012a                WDOG_EWM_DriverIRQHandler
                0x0000012a                MSCAN_DriverIRQHandler
                0x0000012a                Reserved18_DriverIRQHandler
                0x0000012a                PWT_LPTMR0_DriverIRQHandler
                0x0000012a                CMP0_DriverIRQHandler
                0x0000012a                PORTBCD_DriverIRQHandler
                0x0000012a                Reserved19_DriverIRQHandler
                0x0000012a                ADC0_DriverIRQHandler
                0x0000012a                Reserved17_DriverIRQHandler
                0x0000012a                Reserved27_DriverIRQHandler
                0x0000012a                TSI_DriverIRQHandler
                0x0000012a                FTFA_DriverIRQHandler
                0x0000012a                FTM0_DriverIRQHandler
                0x0000012a                IntDefaultHandler
                0x0000012a                RTC_DriverIRQHandler
                0x0000012a                SCG_RCM_DriverIRQHandler
                0x0000012a                Reserved35_DriverIRQHandler
                0x0000012a                LVD_LVW_DriverIRQHandler
                0x0000012a                Reserved20_DriverIRQHandler
                0x0000012a                LPIT0_DriverIRQHandler
                0x0000012a                Reserved16_DriverIRQHandler
                0x0000012a                Reserved25_DriverIRQHandler
                0x0000012c                Reserved16_IRQHandler
                0x00000134                Reserved17_IRQHandler
                0x0000013c                Reserved18_IRQHandler
                0x00000144                Reserved19_IRQHandler
                0x0000014c                Reserved20_IRQHandler
                0x00000154                FTFA_IRQHandler
                0x0000015c                LVD_LVW_IRQHandler
                0x00000164                PORTAE_IRQHandler
                0x0000016c                LPI2C0_IRQHandler
                0x00000174                Reserved25_IRQHandler
                0x0000017c                LPSPI0_IRQHandler
                0x00000184                Reserved27_IRQHandler
                0x0000018c                LPUART0_IRQHandler
                0x00000194                LPUART1_IRQHandler
                0x0000019c                LPUART2_IRQHandler
                0x000001a4                ADC0_IRQHandler
                0x000001ac                CMP0_IRQHandler
                0x000001b4                FTM0_IRQHandler
                0x000001bc                FTM1_IRQHandler
                0x000001c4                Reserved35_IRQHandler
                0x000001cc                RTC_IRQHandler
                0x000001d4                Reserved37_IRQHandler
                0x000001dc                LPIT0_IRQHandler
                0x000001e4                Reserved39_IRQHandler
                0x000001ec                TSI_IRQHandler
                0x000001f4                PDB0_IRQHandler
                0x000001fc                PORTBCD_IRQHandler
                0x00000204                SCG_RCM_IRQHandler
                0x0000020c                WDOG_EWM_IRQHandler
                0x0000021c                MSCAN_Rx_IRQHandler
                0x00000224                MSCAN_ORed_IRQHandler
 .after_vectors.init_data
                0x0000022c       0x12 ./startup/startup_mke16z4.o
                0x0000022c                data_init
 .after_vectors.init_bss
                0x0000023e       0x10 ./startup/startup_mke16z4.o
                0x0000023e                bss_init
                0x00000400                . = 0x400
 *fill*         0x0000024e      0x1b2 ff
                0x00000400                PROVIDE (__FLASH_CONFIG_START__ = .)
 *(SORT_BY_ALIGNMENT(.FlashConfig))
 .FlashConfig   0x00000400       0x10 ./startup/startup_mke16z4.o
                0x00000400                Flash_Config
                0x00000410                PROVIDE (__FLASH_CONFIG_END__ = .)
                0x00000001                ASSERT (! ((__FLASH_CONFIG_START__ == __FLASH_CONFIG_END__)), Linker Flash Config Support Enabled, but no .FlashConfig section provided within application)
 *(SORT_BY_ALIGNMENT(.text*))
 .text.PendSV_Handler
                0x00000410       0x44 ./freertos/freertos-kernel/portable/GCC/ARM_CM0/port.o
                0x00000410                PendSV_Handler
 .text.__assert_func
                0x00000454       0x1c ./utilities/fsl_assert.o
                0x00000454                __assert_func
 .text.DbgConsole_SendDataReliable
                0x00000470       0x38 ./utilities/fsl_debug_console.o
                0x00000470                DbgConsole_SendDataReliable
 .text.DbgConsole_Init
                0x000004a8       0xa4 ./utilities/fsl_debug_console.o
                0x000004a8                DbgConsole_Init
 .text.DbgConsole_Vprintf
                0x0000054c       0x40 ./utilities/fsl_debug_console.o
                0x0000054c                DbgConsole_Vprintf
 .text.StrFormatPrintf
                0x0000058c      0x354 ./utilities/fsl_str.o
                0x0000058c                StrFormatPrintf
 .text.HardFault_Handler
                0x000008e0       0x38 ./source/semihost_hardfault.o
                0x000008e0                HardFault_Handler
 .text.PWT_LPTMR0_IRQHandler
                0x00000918       0x38 ./rbwsPWT/src/rbwsPWT.o
                0x00000918                PWT_LPTMR0_IRQHandler
 .text.rbwsPWT_init
                0x00000950       0x38 ./rbwsPWT/src/rbwsPWT.o
                0x00000950                rbwsPWT_init
 .text.rbwsPWT_readPulse
                0x00000988      0x120 ./rbwsPWT/src/rbwsPWT.o
                0x00000988                rbwsPWT_readPulse
 .text.rbwsPWT_main
                0x00000aa8       0x48 ./rbwsPWT/src/rbwsPWT.o
                0x00000aa8                rbwsPWT_main
 .text.delay    0x00000af0       0x14 ./rbwsMotorControl/src/rbwsMotorControl.o
                0x00000af0                delay
 .text.rbwsMotorControl_Generate_PWM
                0x00000b04       0x64 ./rbwsMotorControl/src/rbwsMotorControl.o
                0x00000b04                rbwsMotorControl_Generate_PWM
 .text.rbwsMotorControl_Set_LiDAR_Motor_DutyCycle
                0x00000b68       0x28 ./rbwsMotorControl/src/rbwsMotorControl.o
                0x00000b68                rbwsMotorControl_Set_LiDAR_Motor_DutyCycle
 .text.rbwsMotorControl_Set_Motor_DutyCycle
                0x00000b90       0x28 ./rbwsMotorControl/src/rbwsMotorControl.o
                0x00000b90                rbwsMotorControl_Set_Motor_DutyCycle
 .text.rbwsMotorControl_Set_Servo_DutyCycle
                0x00000bb8       0x28 ./rbwsMotorControl/src/rbwsMotorControl.o
                0x00000bb8                rbwsMotorControl_Set_Servo_DutyCycle
 .text.rbwsMotorControl_initESC
                0x00000be0       0x14 ./rbwsMotorControl/src/rbwsMotorControl.o
                0x00000be0                rbwsMotorControl_initESC
 .text.rbwsLidarA1M8_sendCommandAndGetResponse
                0x00000bf4       0x74 ./rbwsLidarA1M8/src/rbwsLidarA1M8_main.o
                0x00000bf4                rbwsLidarA1M8_sendCommandAndGetResponse
 .text.rbwsLidarA1M8_init
                0x00000c68       0x24 ./rbwsLidarA1M8/src/rbwsLidarA1M8_main.o
                0x00000c68                rbwsLidarA1M8_init
 .text.rbwsLidarA1M8_main
                0x00000c8c       0x40 ./rbwsLidarA1M8/src/rbwsLidarA1M8_main.o
                0x00000c8c                rbwsLidarA1M8_main
 .text.rbwsI2C_Write
                0x00000ccc       0x70 ./rbwsInertialMeasurementUnit/src/rbwsI2C.o
                0x00000ccc                rbwsI2C_Write
 .text.rbwsI2C_Read
                0x00000d3c       0x5c ./rbwsInertialMeasurementUnit/src/rbwsI2C.o
                0x00000d3c                rbwsI2C_Read
 .text.rbwsMPU6050_Config
                0x00000d98       0x58 ./rbwsInertialMeasurementUnit/src/rbwsMPU6050.o
                0x00000d98                rbwsMPU6050_Config
 .text.rbwsMPU6050_init
                0x00000df0       0x38 ./rbwsInertialMeasurementUnit/src/rbwsMPU6050.o
                0x00000df0                rbwsMPU6050_init
 .text.rbwsMPU6050_ReadMeasurements
                0x00000e28       0x60 ./rbwsInertialMeasurementUnit/src/rbwsMPU6050.o
                0x00000e28                rbwsMPU6050_ReadMeasurements
 .text.rbwsMPU6050_main
                0x00000e88      0x248 ./rbwsInertialMeasurementUnit/src/rbwsMPU6050.o
                0x00000e88                rbwsMPU6050_main
 .text.SysTick_Handler
                0x000010d0       0x24 ./freertos/freertos-kernel/portable/GCC/ARM_CM0/port.o
                0x000010d0                SysTick_Handler
 .text.prvResetNextTaskUnblockTime
                0x000010f4       0x24 ./freertos/freertos-kernel/tasks.o
 .text.xTaskIncrementTick
                0x00001118      0x144 ./freertos/freertos-kernel/tasks.o
                0x00001118                xTaskIncrementTick
 .text.vTaskSwitchContext
                0x0000125c       0x6c ./freertos/freertos-kernel/tasks.o
                0x0000125c                vTaskSwitchContext
 .text.CLOCK_GetErClkFreq
                0x000012c8       0x3c ./drivers/fsl_clock.o
                0x000012c8                CLOCK_GetErClkFreq
 .text.CLOCK_DeinitSysOsc
                0x00001304       0x30 ./drivers/fsl_clock.o
                0x00001304                CLOCK_DeinitSysOsc
 .text.CLOCK_InitSysOsc
                0x00001334       0xa8 ./drivers/fsl_clock.o
                0x00001334                CLOCK_InitSysOsc
 .text.CLOCK_GetSysOscFreq
                0x000013dc       0x40 ./drivers/fsl_clock.o
                0x000013dc                CLOCK_GetSysOscFreq
 .text.CLOCK_GetSysOscAsyncFreq
                0x0000141c       0x2c ./drivers/fsl_clock.o
                0x0000141c                CLOCK_GetSysOscAsyncFreq
 .text.CLOCK_DeinitSirc
                0x00001448       0x30 ./drivers/fsl_clock.o
                0x00001448                CLOCK_DeinitSirc
 .text.CLOCK_InitSirc
                0x00001478       0x60 ./drivers/fsl_clock.o
                0x00001478                CLOCK_InitSirc
 .text.CLOCK_GetSircFreq
                0x000014d8       0x30 ./drivers/fsl_clock.o
                0x000014d8                CLOCK_GetSircFreq
 .text.CLOCK_GetSircAsyncFreq
                0x00001508       0x30 ./drivers/fsl_clock.o
                0x00001508                CLOCK_GetSircAsyncFreq
 .text.CLOCK_DeinitFirc
                0x00001538       0x34 ./drivers/fsl_clock.o
                0x00001538                CLOCK_DeinitFirc
 .text.CLOCK_InitFirc
                0x0000156c       0xb0 ./drivers/fsl_clock.o
                0x0000156c                CLOCK_InitFirc
 .text.CLOCK_GetFircFreq
                0x0000161c       0x28 ./drivers/fsl_clock.o
                0x0000161c                CLOCK_GetFircFreq
 .text.CLOCK_GetFircAsyncFreq
                0x00001644       0x30 ./drivers/fsl_clock.o
                0x00001644                CLOCK_GetFircAsyncFreq
 .text.CLOCK_DeinitLpFll
                0x00001674       0x34 ./drivers/fsl_clock.o
                0x00001674                CLOCK_DeinitLpFll
 .text.CLOCK_InitLpFll
                0x000016a8       0xd0 ./drivers/fsl_clock.o
                0x000016a8                CLOCK_InitLpFll
 .text.CLOCK_GetLpFllFreq
                0x00001778       0x28 ./drivers/fsl_clock.o
                0x00001778                CLOCK_GetLpFllFreq
 .text.CLOCK_GetSysClkFreq
                0x000017a0       0x54 ./drivers/fsl_clock.o
                0x000017a0                CLOCK_GetSysClkFreq
 .text.CLOCK_GetLpFllAsyncFreq
                0x000017f4       0x34 ./drivers/fsl_clock.o
                0x000017f4                CLOCK_GetLpFllAsyncFreq
 .text.CLOCK_GetIpFreq
                0x00001828       0x58 ./drivers/fsl_clock.o
                0x00001828                CLOCK_GetIpFreq
 .text.SDK_DelayAtLeastUs
                0x00001880       0x48 ./drivers/fsl_common_arm.o
                0x00001880                SDK_DelayAtLeastUs
 .text.FTM_GetInstance
                0x000018c8       0x38 ./drivers/fsl_ftm.o
 .text.FTM_Init
                0x00001900      0x250 ./drivers/fsl_ftm.o
                0x00001900                FTM_Init
 .text.FTM_UpdatePwmDutycycle
                0x00001b50       0xac ./drivers/fsl_ftm.o
                0x00001b50                FTM_UpdatePwmDutycycle
 .text.FTM_SetupPwmMode
                0x00001bfc      0x1a8 ./drivers/fsl_ftm.o
                0x00001bfc                FTM_SetupPwmMode
 .text.LPI2C_GetCyclesForWidth
                0x00001da4       0x6c ./drivers/fsl_lpi2c.o
 .text.CLOCK_EnableClock.constprop.0
                0x00001e10       0x34 ./drivers/fsl_lpi2c.o
 .text.LPI2C_GetInstance
                0x00001e44       0x28 ./drivers/fsl_lpi2c.o
                0x00001e44                LPI2C_GetInstance
 .text.LPI2C_MasterCheckAndClearError
                0x00001e6c       0x50 ./drivers/fsl_lpi2c.o
                0x00001e6c                LPI2C_MasterCheckAndClearError
 .text.LPI2C_MasterSetBaudRate
                0x00001ebc      0x19c ./drivers/fsl_lpi2c.o
                0x00001ebc                LPI2C_MasterSetBaudRate
 .text.LPI2C_MasterInit
                0x00002058      0x128 ./drivers/fsl_lpi2c.o
                0x00002058                LPI2C_MasterInit
 .text.LPI2C_MasterStart
                0x00002180       0x3c ./drivers/fsl_lpi2c.o
                0x00002180                LPI2C_MasterStart
 .text.LPI2C_MasterStop
                0x000021bc       0x34 ./drivers/fsl_lpi2c.o
                0x000021bc                LPI2C_MasterStop
 .text.LPI2C_MasterReceive
                0x000021f0       0x88 ./drivers/fsl_lpi2c.o
                0x000021f0                LPI2C_MasterReceive
 .text.LPI2C_MasterSend
                0x00002278       0x40 ./drivers/fsl_lpi2c.o
                0x00002278                LPI2C_MasterSend
 .text.LPI2C0_DriverIRQHandler
                0x000022b8       0x4c ./drivers/fsl_lpi2c.o
                0x000022b8                LPI2C0_DriverIRQHandler
 .text.CLOCK_EnableClock.constprop.0
                0x00002304       0x34 ./drivers/fsl_lpspi.o
 .text.LPSPI_GetInstance
                0x00002338       0x28 ./drivers/fsl_lpspi.o
                0x00002338                LPSPI_GetInstance
 .text.LPSPI_SetDummyData
                0x00002360       0x14 ./drivers/fsl_lpspi.o
                0x00002360                LPSPI_SetDummyData
 .text.LPSPI_MasterSetBaudRate
                0x00002374       0xd4 ./drivers/fsl_lpspi.o
                0x00002374                LPSPI_MasterSetBaudRate
 .text.LPSPI_MasterSetDelayScaler
                0x00002448       0x5c ./drivers/fsl_lpspi.o
                0x00002448                LPSPI_MasterSetDelayScaler
 .text.LPSPI_MasterSetDelayTimes
                0x000024a4      0x118 ./drivers/fsl_lpspi.o
                0x000024a4                LPSPI_MasterSetDelayTimes
 .text.LPSPI_MasterInit
                0x000025bc      0x110 ./drivers/fsl_lpspi.o
                0x000025bc                LPSPI_MasterInit
 .text.LPSPI0_DriverIRQHandler
                0x000026cc       0x4c ./drivers/fsl_lpspi.o
                0x000026cc                LPSPI0_DriverIRQHandler
 .text.LPUART_ReadNonBlocking
                0x00002718       0x4c ./drivers/fsl_lpuart.o
 .text.LPUART_GetInstance
                0x00002764       0x44 ./drivers/fsl_lpuart.o
                0x00002764                LPUART_GetInstance
 .text.LPUART_TransferGetRxRingBufferLength
                0x000027a8       0x34 ./drivers/fsl_lpuart.o
                0x000027a8                LPUART_TransferGetRxRingBufferLength
 .text.LPUART_TransferIsRxRingBufferFull
                0x000027dc       0x30 ./drivers/fsl_lpuart.o
 .text.LPUART_Init
                0x0000280c      0x26c ./drivers/fsl_lpuart.o
                0x0000280c                LPUART_Init
 .text.LPUART_GetDefaultConfig
                0x00002a78       0x3c ./drivers/fsl_lpuart.o
                0x00002a78                LPUART_GetDefaultConfig
 .text.LPUART_GetEnabledInterrupts
                0x00002ab4       0x34 ./drivers/fsl_lpuart.o
                0x00002ab4                LPUART_GetEnabledInterrupts
 .text.LPUART_GetStatusFlags
                0x00002ae8       0x18 ./drivers/fsl_lpuart.o
                0x00002ae8                LPUART_GetStatusFlags
 .text.LPUART_TransferHandleIRQ
                0x00002b00      0x2e4 ./drivers/fsl_lpuart.o
                0x00002b00                LPUART_TransferHandleIRQ
 .text.LPUART_ClearStatusFlags
                0x00002de4       0x50 ./drivers/fsl_lpuart.o
                0x00002de4                LPUART_ClearStatusFlags
 .text.LPUART_WriteBlocking
                0x00002e34       0x48 ./drivers/fsl_lpuart.o
                0x00002e34                LPUART_WriteBlocking
 .text.LPUART_ReadBlocking
                0x00002e7c      0x100 ./drivers/fsl_lpuart.o
                0x00002e7c                LPUART_ReadBlocking
 .text.LPUART_TransferCreateHandle
                0x00002f7c       0xa0 ./drivers/fsl_lpuart.o
                0x00002f7c                LPUART_TransferCreateHandle
 .text.LPUART0_DriverIRQHandler
                0x0000301c       0x1c ./drivers/fsl_lpuart.o
                0x0000301c                LPUART0_DriverIRQHandler
 .text.LPUART1_DriverIRQHandler
                0x00003038       0x1c ./drivers/fsl_lpuart.o
                0x00003038                LPUART1_DriverIRQHandler
 .text.LPUART2_DriverIRQHandler
                0x00003054       0x1c ./drivers/fsl_lpuart.o
                0x00003054                LPUART2_DriverIRQHandler
 .text.PWT_GetInstance.isra.0
                0x00003070       0x28 ./drivers/fsl_pwt.o
 .text.PWT_Init
                0x00003098       0x84 ./drivers/fsl_pwt.o
                0x00003098                PWT_Init
 .text.PWT_Deinit
                0x0000311c       0x44 ./drivers/fsl_pwt.o
                0x0000311c                PWT_Deinit
 .text.PWT_GetDefaultConfig
                0x00003160       0x34 ./drivers/fsl_pwt.o
                0x00003160                PWT_GetDefaultConfig
 .text.SystemInit
                0x00003194       0x40 ./device/system_MKE16Z4.o
                0x00003194                SystemInit
 .text.HAL_UartInit
                0x000031d4       0xf4 ./component/uart/fsl_adapter_lpuart.o
                0x000031d4                HAL_UartInit
 .text.HAL_UartSendBlocking
                0x000032c8       0x64 ./component/uart/fsl_adapter_lpuart.o
                0x000032c8                HAL_UartSendBlocking
 .text.SerialManager_Init
                0x0000332c       0x34 ./component/serial_manager/fsl_component_serial_manager.o
                0x0000332c                SerialManager_Init
 .text.SerialManager_OpenReadHandle
                0x00003360       0x3c ./component/serial_manager/fsl_component_serial_manager.o
                0x00003360                SerialManager_OpenReadHandle
 .text.SerialManager_WriteBlocking
                0x0000339c       0x34 ./component/serial_manager/fsl_component_serial_manager.o
                0x0000339c                SerialManager_WriteBlocking
 .text.BOARD_InitDebugConsole
                0x000033d0       0x5c ./board/board.o
                0x000033d0                BOARD_InitDebugConsole
 .text.CLOCK_SetIpSrc.constprop.0
                0x0000342c       0x44 ./board/clock_config.o
 .text.BOARD_BootClockRUN
                0x00003470       0xc4 ./board/clock_config.o
                0x00003470                BOARD_BootClockRUN
 .text.BOARD_InitPeripherals
                0x00003534      0x11c ./board/peripherals.o
                0x00003534                BOARD_InitPeripherals
 .text.CLOCK_EnableClock
                0x00003650       0x30 ./board/pin_mux.o
 .text.BOARD_InitPins
                0x00003680       0xc8 ./board/pin_mux.o
                0x00003680                BOARD_InitPins
 .text.BOARD_InitDEBUG_UARTPins
                0x00003748       0x38 ./board/pin_mux.o
                0x00003748                BOARD_InitDEBUG_UARTPins
 .text          0x00003780       0x14 c:/nxp/mcuxpressoide_11.8.1_1197/ide/plugins/com.nxp.mcuxpresso.tools.win32_11.8.1.202308071233/tools/bin/../lib/gcc/arm-none-eabi/12.2.1/thumb/v6-m/nofp\libgcc.a(_thumb1_case_uqi.o)
                0x00003780                __gnu_thumb1_case_uqi
 .text          0x00003794      0x114 c:/nxp/mcuxpressoide_11.8.1_1197/ide/plugins/com.nxp.mcuxpresso.tools.win32_11.8.1.202308071233/tools/bin/../lib/gcc/arm-none-eabi/12.2.1/thumb/v6-m/nofp\libgcc.a(_udivsi3.o)
                0x00003794                __aeabi_uidiv
                0x00003794                __udivsi3
                0x000038a0                __aeabi_uidivmod
 .text          0x000038a8      0x1d4 c:/nxp/mcuxpressoide_11.8.1_1197/ide/plugins/com.nxp.mcuxpresso.tools.win32_11.8.1.202308071233/tools/bin/../lib/gcc/arm-none-eabi/12.2.1/thumb/v6-m/nofp\libgcc.a(_divsi3.o)
                0x000038a8                __divsi3
                0x000038a8                __aeabi_idiv
                0x00003a74                __aeabi_idivmod
 .text          0x00003a7c        0x4 c:/nxp/mcuxpressoide_11.8.1_1197/ide/plugins/com.nxp.mcuxpresso.tools.win32_11.8.1.202308071233/tools/bin/../lib/gcc/arm-none-eabi/12.2.1/thumb/v6-m/nofp\libgcc.a(_dvmd_tls.o)
                0x00003a7c                __aeabi_idiv0
                0x00003a7c                __aeabi_ldiv0
 .text          0x00003a80       0x7c c:/nxp/mcuxpressoide_11.8.1_1197/ide/plugins/com.nxp.mcuxpresso.tools.win32_11.8.1.202308071233/tools/bin/../lib/gcc/arm-none-eabi/12.2.1/thumb/v6-m/nofp\libgcc.a(_arm_cmpdf2.o)
                0x00003a80                __aeabi_cdrcmple
                0x00003a90                __aeabi_cdcmple
                0x00003a90                __aeabi_cdcmpeq
                0x00003aa0                __aeabi_dcmpeq
                0x00003aac                __aeabi_dcmplt
                0x00003ac0                __aeabi_dcmple
                0x00003ad4                __aeabi_dcmpgt
                0x00003ae8                __aeabi_dcmpge
 .text          0x00003afc       0x40 c:/nxp/mcuxpressoide_11.8.1_1197/ide/plugins/com.nxp.mcuxpresso.tools.win32_11.8.1.202308071233/tools/bin/../lib/gcc/arm-none-eabi/12.2.1/thumb/v6-m/nofp\libgcc.a(_aeabi_uldivmod.o)
                0x00003afc                __aeabi_uldivmod
 .text.__muldi3
                0x00003b3c       0x5c c:/nxp/mcuxpressoide_11.8.1_1197/ide/plugins/com.nxp.mcuxpresso.tools.win32_11.8.1.202308071233/tools/bin/../lib/gcc/arm-none-eabi/12.2.1/thumb/v6-m/nofp\libgcc.a(_muldi3.o)
                0x00003b3c                __muldi3
                0x00003b3c                __aeabi_lmul
 .text.__fixunsdfsi
                0x00003b98       0x3c c:/nxp/mcuxpressoide_11.8.1_1197/ide/plugins/com.nxp.mcuxpresso.tools.win32_11.8.1.202308071233/tools/bin/../lib/gcc/arm-none-eabi/12.2.1/thumb/v6-m/nofp\libgcc.a(_fixunsdfsi.o)
                0x00003b98                __aeabi_d2uiz
                0x00003b98                __fixunsdfsi
 .text.__fixdfdi
                0x00003bd4       0x38 c:/nxp/mcuxpressoide_11.8.1_1197/ide/plugins/com.nxp.mcuxpresso.tools.win32_11.8.1.202308071233/tools/bin/../lib/gcc/arm-none-eabi/12.2.1/thumb/v6-m/nofp\libgcc.a(_fixdfdi.o)
                0x00003bd4                __fixdfdi
                0x00003bd4                __aeabi_d2lz
 .text.__fixunsdfdi
                0x00003c0c       0x3c c:/nxp/mcuxpressoide_11.8.1_1197/ide/plugins/com.nxp.mcuxpresso.tools.win32_11.8.1.202308071233/tools/bin/../lib/gcc/arm-none-eabi/12.2.1/thumb/v6-m/nofp\libgcc.a(_fixunsdfdi.o)
                0x00003c0c                __fixunsdfdi
                0x00003c0c                __aeabi_d2ulz
 .text.__floatdidf
                0x00003c48       0x2c c:/nxp/mcuxpressoide_11.8.1_1197/ide/plugins/com.nxp.mcuxpresso.tools.win32_11.8.1.202308071233/tools/bin/../lib/gcc/arm-none-eabi/12.2.1/thumb/v6-m/nofp\libgcc.a(_floatdidf.o)
                0x00003c48                __aeabi_l2d
                0x00003c48                __floatdidf
 .text.__floatundidf
                0x00003c74       0x2c c:/nxp/mcuxpressoide_11.8.1_1197/ide/plugins/com.nxp.mcuxpresso.tools.win32_11.8.1.202308071233/tools/bin/../lib/gcc/arm-none-eabi/12.2.1/thumb/v6-m/nofp\libgcc.a(_floatundidf.o)
                0x00003c74                __floatundidf
                0x00003c74                __aeabi_ul2d
 .text.__udivmoddi4
                0x00003ca0      0x198 c:/nxp/mcuxpressoide_11.8.1_1197/ide/plugins/com.nxp.mcuxpresso.tools.win32_11.8.1.202308071233/tools/bin/../lib/gcc/arm-none-eabi/12.2.1/thumb/v6-m/nofp\libgcc.a(_udivmoddi4.o)
                0x00003ca0                __udivmoddi4
 .text.__aeabi_fadd
                0x00003e38      0x304 c:/nxp/mcuxpressoide_11.8.1_1197/ide/plugins/com.nxp.mcuxpresso.tools.win32_11.8.1.202308071233/tools/bin/../lib/gcc/arm-none-eabi/12.2.1/thumb/v6-m/nofp\libgcc.a(addsf3.o)
                0x00003e38                __aeabi_fadd
 .text.__aeabi_fdiv
                0x0000413c      0x240 c:/nxp/mcuxpressoide_11.8.1_1197/ide/plugins/com.nxp.mcuxpresso.tools.win32_11.8.1.202308071233/tools/bin/../lib/gcc/arm-none-eabi/12.2.1/thumb/v6-m/nofp\libgcc.a(divsf3.o)
                0x0000413c                __aeabi_fdiv
 .text.__aeabi_fmul
                0x0000437c      0x27c c:/nxp/mcuxpressoide_11.8.1_1197/ide/plugins/com.nxp.mcuxpresso.tools.win32_11.8.1.202308071233/tools/bin/../lib/gcc/arm-none-eabi/12.2.1/thumb/v6-m/nofp\libgcc.a(mulsf3.o)
                0x0000437c                __aeabi_fmul
 .text.__aeabi_fsub
                0x000045f8      0x324 c:/nxp/mcuxpressoide_11.8.1_1197/ide/plugins/com.nxp.mcuxpresso.tools.win32_11.8.1.202308071233/tools/bin/../lib/gcc/arm-none-eabi/12.2.1/thumb/v6-m/nofp\libgcc.a(subsf3.o)
                0x000045f8                __aeabi_fsub
 .text.__aeabi_i2f
                0x0000491c       0x98 c:/nxp/mcuxpressoide_11.8.1_1197/ide/plugins/com.nxp.mcuxpresso.tools.win32_11.8.1.202308071233/tools/bin/../lib/gcc/arm-none-eabi/12.2.1/thumb/v6-m/nofp\libgcc.a(floatsisf.o)
                0x0000491c                __aeabi_i2f
 .text.__aeabi_dadd
                0x000049b4      0x6bc c:/nxp/mcuxpressoide_11.8.1_1197/ide/plugins/com.nxp.mcuxpresso.tools.win32_11.8.1.202308071233/tools/bin/../lib/gcc/arm-none-eabi/12.2.1/thumb/v6-m/nofp\libgcc.a(adddf3.o)
                0x000049b4                __aeabi_dadd
 .text.__aeabi_ddiv
                0x00005070      0x638 c:/nxp/mcuxpressoide_11.8.1_1197/ide/plugins/com.nxp.mcuxpresso.tools.win32_11.8.1.202308071233/tools/bin/../lib/gcc/arm-none-eabi/12.2.1/thumb/v6-m/nofp\libgcc.a(divdf3.o)
                0x00005070                __aeabi_ddiv
 .text.__eqdf2  0x000056a8       0x88 c:/nxp/mcuxpressoide_11.8.1_1197/ide/plugins/com.nxp.mcuxpresso.tools.win32_11.8.1.202308071233/tools/bin/../lib/gcc/arm-none-eabi/12.2.1/thumb/v6-m/nofp\libgcc.a(eqdf2.o)
                0x000056a8                __nedf2
                0x000056a8                __eqdf2
 .text.__gedf2  0x00005730       0xe8 c:/nxp/mcuxpressoide_11.8.1_1197/ide/plugins/com.nxp.mcuxpresso.tools.win32_11.8.1.202308071233/tools/bin/../lib/gcc/arm-none-eabi/12.2.1/thumb/v6-m/nofp\libgcc.a(gedf2.o)
                0x00005730                __gedf2
                0x00005730                __gtdf2
 .text.__ledf2  0x00005818       0xe4 c:/nxp/mcuxpressoide_11.8.1_1197/ide/plugins/com.nxp.mcuxpresso.tools.win32_11.8.1.202308071233/tools/bin/../lib/gcc/arm-none-eabi/12.2.1/thumb/v6-m/nofp\libgcc.a(ledf2.o)
                0x00005818                __ledf2
                0x00005818                __ltdf2
 .text.__aeabi_dmul
                0x000058fc      0x588 c:/nxp/mcuxpressoide_11.8.1_1197/ide/plugins/com.nxp.mcuxpresso.tools.win32_11.8.1.202308071233/tools/bin/../lib/gcc/arm-none-eabi/12.2.1/thumb/v6-m/nofp\libgcc.a(muldf3.o)
                0x000058fc                __aeabi_dmul
 .text.__aeabi_dsub
                0x00005e84      0x704 c:/nxp/mcuxpressoide_11.8.1_1197/ide/plugins/com.nxp.mcuxpresso.tools.win32_11.8.1.202308071233/tools/bin/../lib/gcc/arm-none-eabi/12.2.1/thumb/v6-m/nofp\libgcc.a(subdf3.o)
                0x00005e84                __aeabi_dsub
 .text.__aeabi_d2iz
                0x00006588       0x78 c:/nxp/mcuxpressoide_11.8.1_1197/ide/plugins/com.nxp.mcuxpresso.tools.win32_11.8.1.202308071233/tools/bin/../lib/gcc/arm-none-eabi/12.2.1/thumb/v6-m/nofp\libgcc.a(fixdfsi.o)
                0x00006588                __aeabi_d2iz
 .text.__aeabi_i2d
                0x00006600       0x60 c:/nxp/mcuxpressoide_11.8.1_1197/ide/plugins/com.nxp.mcuxpresso.tools.win32_11.8.1.202308071233/tools/bin/../lib/gcc/arm-none-eabi/12.2.1/thumb/v6-m/nofp\libgcc.a(floatsidf.o)
                0x00006600                __aeabi_i2d
 .text.__aeabi_ui2d
                0x00006660       0x4c c:/nxp/mcuxpressoide_11.8.1_1197/ide/plugins/com.nxp.mcuxpresso.tools.win32_11.8.1.202308071233/tools/bin/../lib/gcc/arm-none-eabi/12.2.1/thumb/v6-m/nofp\libgcc.a(floatunsidf.o)
                0x00006660                __aeabi_ui2d
 .text.__aeabi_f2d
                0x000066ac       0x90 c:/nxp/mcuxpressoide_11.8.1_1197/ide/plugins/com.nxp.mcuxpresso.tools.win32_11.8.1.202308071233/tools/bin/../lib/gcc/arm-none-eabi/12.2.1/thumb/v6-m/nofp\libgcc.a(extendsfdf2.o)
                0x000066ac                __aeabi_f2d
 .text          0x0000673c       0x3c c:/nxp/mcuxpressoide_11.8.1_1197/ide/plugins/com.nxp.mcuxpresso.tools.win32_11.8.1.202308071233/tools/bin/../lib/gcc/arm-none-eabi/12.2.1/thumb/v6-m/nofp\libgcc.a(_clzsi2.o)
                0x0000673c                __clzsi2
 .text          0x00006778       0x18 c:/nxp/mcuxpressoide_11.8.1_1197/ide/plugins/com.nxp.mcuxpresso.tools.win32_11.8.1.202308071233/tools/bin/../lib/gcc/arm-none-eabi/12.2.1/thumb/v6-m/nofp\libgcc.a(_clzdi2.o)
                0x00006778                __clzdi2
 .text.malloc   0x00006790       0x14 c:/nxp/mcuxpressoide_11.8.1_1197/ide/plugins/com.nxp.mcuxpresso.tools.win32_11.8.1.202308071233/tools/bin/../lib/gcc/arm-none-eabi/12.2.1/thumb/v6-m/nofp\libc_nano.a(libc_a-malloc.o)
                0x00006790                malloc
 .text.sbrk_aligned
                0x000067a4       0x44 c:/nxp/mcuxpressoide_11.8.1_1197/ide/plugins/com.nxp.mcuxpresso.tools.win32_11.8.1.202308071233/tools/bin/../lib/gcc/arm-none-eabi/12.2.1/thumb/v6-m/nofp\libc_nano.a(libc_a-mallocr.o)
 .text._malloc_r
                0x000067e8       0xf4 c:/nxp/mcuxpressoide_11.8.1_1197/ide/plugins/com.nxp.mcuxpresso.tools.win32_11.8.1.202308071233/tools/bin/../lib/gcc/arm-none-eabi/12.2.1/thumb/v6-m/nofp\libc_nano.a(libc_a-mallocr.o)
                0x000067e8                _malloc_r
 .text.__malloc_lock
                0x000068dc       0x10 c:/nxp/mcuxpressoide_11.8.1_1197/ide/plugins/com.nxp.mcuxpresso.tools.win32_11.8.1.202308071233/tools/bin/../lib/gcc/arm-none-eabi/12.2.1/thumb/v6-m/nofp\libc_nano.a(libc_a-mlock.o)
                0x000068dc                __malloc_lock
 .text.__malloc_unlock
                0x000068ec       0x10 c:/nxp/mcuxpressoide_11.8.1_1197/ide/plugins/com.nxp.mcuxpresso.tools.win32_11.8.1.202308071233/tools/bin/../lib/gcc/arm-none-eabi/12.2.1/thumb/v6-m/nofp\libc_nano.a(libc_a-mlock.o)
                0x000068ec                __malloc_unlock
 .text._printf_float
                0x000068fc      0x474 c:/nxp/mcuxpressoide_11.8.1_1197/ide/plugins/com.nxp.mcuxpresso.tools.win32_11.8.1.202308071233/tools/bin/../lib/gcc/arm-none-eabi/12.2.1/thumb/v6-m/nofp\libc_nano.a(libc_a-nano-vfprintf_float.o)
                0x000068fc                _printf_float
 .text._localeconv_r
                0x00006d70        0x8 c:/nxp/mcuxpressoide_11.8.1_1197/ide/plugins/com.nxp.mcuxpresso.tools.win32_11.8.1.202308071233/tools/bin/../lib/gcc/arm-none-eabi/12.2.1/thumb/v6-m/nofp\libc_nano.a(libc_a-localeconv.o)
                0x00006d70                _localeconv_r
 .text._sbrk_r  0x00006d78       0x24 c:/nxp/mcuxpressoide_11.8.1_1197/ide/plugins/com.nxp.mcuxpresso.tools.win32_11.8.1.202308071233/tools/bin/../lib/gcc/arm-none-eabi/12.2.1/thumb/v6-m/nofp\libc_nano.a(libc_a-sbrkr.o)
                0x00006d78                _sbrk_r
 .text.__errno  0x00006d9c        0xc c:/nxp/mcuxpressoide_11.8.1_1197/ide/plugins/com.nxp.mcuxpresso.tools.win32_11.8.1.202308071233/tools/bin/../lib/gcc/arm-none-eabi/12.2.1/thumb/v6-m/nofp\libc_nano.a(libc_a-errno.o)
                0x00006d9c                __errno
 .text.modf     0x00006da8       0xb4 c:/nxp/mcuxpressoide_11.8.1_1197/ide/plugins/com.nxp.mcuxpresso.tools.win32_11.8.1.202308071233/tools/bin/../lib/gcc/arm-none-eabi/12.2.1/thumb/v6-m/nofp\libc_nano.a(libm_a-s_modf.o)
                0x00006da8                modf
 .text._dtoa_r  0x00006e5c      0xcac c:/nxp/mcuxpressoide_11.8.1_1197/ide/plugins/com.nxp.mcuxpresso.tools.win32_11.8.1.202308071233/tools/bin/../lib/gcc/arm-none-eabi/12.2.1/thumb/v6-m/nofp\libc_nano.a(libc_a-dtoa.o)
                0x00006e5c                _dtoa_r
 .text._Balloc  0x00007b08       0x88 c:/nxp/mcuxpressoide_11.8.1_1197/ide/plugins/com.nxp.mcuxpresso.tools.win32_11.8.1.202308071233/tools/bin/../lib/gcc/arm-none-eabi/12.2.1/thumb/v6-m/nofp\libc_nano.a(libc_a-mprec.o)
                0x00007b08                _Balloc
 .text._Bfree   0x00007b90       0x48 c:/nxp/mcuxpressoide_11.8.1_1197/ide/plugins/com.nxp.mcuxpresso.tools.win32_11.8.1.202308071233/tools/bin/../lib/gcc/arm-none-eabi/12.2.1/thumb/v6-m/nofp\libc_nano.a(libc_a-mprec.o)
                0x00007b90                _Bfree
 .text.__multadd
                0x00007bd8       0x88 c:/nxp/mcuxpressoide_11.8.1_1197/ide/plugins/com.nxp.mcuxpresso.tools.win32_11.8.1.202308071233/tools/bin/../lib/gcc/arm-none-eabi/12.2.1/thumb/v6-m/nofp\libc_nano.a(libc_a-mprec.o)
                0x00007bd8                __multadd
 .text.__i2b    0x00007c60       0x30 c:/nxp/mcuxpressoide_11.8.1_1197/ide/plugins/com.nxp.mcuxpresso.tools.win32_11.8.1.202308071233/tools/bin/../lib/gcc/arm-none-eabi/12.2.1/thumb/v6-m/nofp\libc_nano.a(libc_a-mprec.o)
                0x00007c60                __i2b
 .text.__multiply
                0x00007c90      0x164 c:/nxp/mcuxpressoide_11.8.1_1197/ide/plugins/com.nxp.mcuxpresso.tools.win32_11.8.1.202308071233/tools/bin/../lib/gcc/arm-none-eabi/12.2.1/thumb/v6-m/nofp\libc_nano.a(libc_a-mprec.o)
                0x00007c90                __multiply
 .text.__pow5mult
                0x00007df4       0xb8 c:/nxp/mcuxpressoide_11.8.1_1197/ide/plugins/com.nxp.mcuxpresso.tools.win32_11.8.1.202308071233/tools/bin/../lib/gcc/arm-none-eabi/12.2.1/thumb/v6-m/nofp\libc_nano.a(libc_a-mprec.o)
                0x00007df4                __pow5mult
 .text.__lshift
                0x00007eac       0xd8 c:/nxp/mcuxpressoide_11.8.1_1197/ide/plugins/com.nxp.mcuxpresso.tools.win32_11.8.1.202308071233/tools/bin/../lib/gcc/arm-none-eabi/12.2.1/thumb/v6-m/nofp\libc_nano.a(libc_a-mprec.o)
                0x00007eac                __lshift
 .text.__mdiff  0x00007f84      0x134 c:/nxp/mcuxpressoide_11.8.1_1197/ide/plugins/com.nxp.mcuxpresso.tools.win32_11.8.1.202308071233/tools/bin/../lib/gcc/arm-none-eabi/12.2.1/thumb/v6-m/nofp\libc_nano.a(libc_a-mprec.o)
                0x00007f84                __mdiff
 .text.__d2b    0x000080b8       0xc0 c:/nxp/mcuxpressoide_11.8.1_1197/ide/plugins/com.nxp.mcuxpresso.tools.win32_11.8.1.202308071233/tools/bin/../lib/gcc/arm-none-eabi/12.2.1/thumb/v6-m/nofp\libc_nano.a(libc_a-mprec.o)
                0x000080b8                __d2b
 .text.__fpclassifyd
                0x00008178       0x60 c:/nxp/mcuxpressoide_11.8.1_1197/ide/plugins/com.nxp.mcuxpresso.tools.win32_11.8.1.202308071233/tools/bin/../lib/gcc/arm-none-eabi/12.2.1/thumb/v6-m/nofp\libc_nano.a(libm_a-s_fpclassify.o)
                0x00008178                __fpclassifyd
 .text.pow      0x000081d8       0xe8 c:/nxp/mcuxpressoide_11.8.1_1197/ide/plugins/com.nxp.mcuxpresso.tools.win32_11.8.1.202308071233/tools/bin/../lib/gcc/arm-none-eabi/12.2.1/thumb/v6-m/nofp\libm.a(libm_a-w_pow.o)
                0x000081d8                pow
 .text.finite   0x000082c0       0x14 c:/nxp/mcuxpressoide_11.8.1_1197/ide/plugins/com.nxp.mcuxpresso.tools.win32_11.8.1.202308071233/tools/bin/../lib/gcc/arm-none-eabi/12.2.1/thumb/v6-m/nofp\libm.a(libm_a-s_finite.o)
                0x000082c0                finite
 .text.__ieee754_sqrt
                0x000082d4      0x244 c:/nxp/mcuxpressoide_11.8.1_1197/ide/plugins/com.nxp.mcuxpresso.tools.win32_11.8.1.202308071233/tools/bin/../lib/gcc/arm-none-eabi/12.2.1/thumb/v6-m/nofp\libm.a(libm_a-e_sqrt.o)
                0x000082d4                __ieee754_sqrt
 .text.__ieee754_pow
                0x00008518      0xbac c:/nxp/mcuxpressoide_11.8.1_1197/ide/plugins/com.nxp.mcuxpresso.tools.win32_11.8.1.202308071233/tools/bin/../lib/gcc/arm-none-eabi/12.2.1/thumb/v6-m/nofp\libm.a(libm_a-e_pow.o)
                0x00008518                __ieee754_pow
 .text.fabs     0x000090c4        0x8 c:/nxp/mcuxpressoide_11.8.1_1197/ide/plugins/com.nxp.mcuxpresso.tools.win32_11.8.1.202308071233/tools/bin/../lib/gcc/arm-none-eabi/12.2.1/thumb/v6-m/nofp\libm.a(libm_a-s_fabs.o)
                0x000090c4                fabs
 .text.scalbn   0x000090cc       0xf8 c:/nxp/mcuxpressoide_11.8.1_1197/ide/plugins/com.nxp.mcuxpresso.tools.win32_11.8.1.202308071233/tools/bin/../lib/gcc/arm-none-eabi/12.2.1/thumb/v6-m/nofp\libm.a(libm_a-s_scalbn.o)
                0x000090cc                scalbn
 .text.with_errno
                0x000091c4       0x14 c:/nxp/mcuxpressoide_11.8.1_1197/ide/plugins/com.nxp.mcuxpresso.tools.win32_11.8.1.202308071233/tools/bin/../lib/gcc/arm-none-eabi/12.2.1/thumb/v6-m/nofp\libm.a(libm_a-math_err.o)
 .text.xflow    0x000091d8       0x2c c:/nxp/mcuxpressoide_11.8.1_1197/ide/plugins/com.nxp.mcuxpresso.tools.win32_11.8.1.202308071233/tools/bin/../lib/gcc/arm-none-eabi/12.2.1/thumb/v6-m/nofp\libm.a(libm_a-math_err.o)
 .text.__math_uflow
                0x00009204       0x10 c:/nxp/mcuxpressoide_11.8.1_1197/ide/plugins/com.nxp.mcuxpresso.tools.win32_11.8.1.202308071233/tools/bin/../lib/gcc/arm-none-eabi/12.2.1/thumb/v6-m/nofp\libm.a(libm_a-math_err.o)
                0x00009204                __math_uflow
 .text.__math_oflow
                0x00009214       0x10 c:/nxp/mcuxpressoide_11.8.1_1197/ide/plugins/com.nxp.mcuxpresso.tools.win32_11.8.1.202308071233/tools/bin/../lib/gcc/arm-none-eabi/12.2.1/thumb/v6-m/nofp\libm.a(libm_a-math_err.o)
                0x00009214                __math_oflow
 .text._sbrk    0x00009224       0x40 c:/nxp/mcuxpressoide_11.8.1_1197/ide/plugins/com.nxp.mcuxpresso.tools.win32_11.8.1.202308071233/tools/bin/../lib/gcc/arm-none-eabi/12.2.1/../../../../arm-none-eabi/lib/thumb/v6-m/nofp\libcr_newlib_nohost.a(_cr_sbrk.o)
                0x00009224                _sbrk
 .text.__check_heap_overflow
                0x00009264       0x18 c:/nxp/mcuxpressoide_11.8.1_1197/ide/plugins/com.nxp.mcuxpresso.tools.win32_11.8.1.202308071233/tools/bin/../lib/gcc/arm-none-eabi/12.2.1/../../../../arm-none-eabi/lib/thumb/v6-m/nofp\libcr_newlib_nohost.a(_cr_check_heap.o)
                0x00009264                __check_heap_overflow
 .text.__aeabi_dcmpun
                0x0000927c       0x44 c:/nxp/mcuxpressoide_11.8.1_1197/ide/plugins/com.nxp.mcuxpresso.tools.win32_11.8.1.202308071233/tools/bin/../lib/gcc/arm-none-eabi/12.2.1/thumb/v6-m/nofp\libgcc.a(unorddf2.o)
                0x0000927c                __aeabi_dcmpun
 .text.DbgConsole_PrintCallback
                0x000092c0       0x34 ./utilities/fsl_debug_console.o
 .text.DbgConsole_Printf
                0x000092f4       0x16 ./utilities/fsl_debug_console.o
                0x000092f4                DbgConsole_Printf
 .text.ConvertRadixNumToString.constprop.0
                0x0000930a       0x4e ./utilities/fsl_str.o
 .text.PrintOutputdifFobpu.constprop.0
                0x00009358       0x1e ./utilities/fsl_str.o
 .text.startup.main
                0x00009376       0x2c ./source/Licenta.o
                0x00009376                main
 .text.rbwsMotorControl_init
                0x000093a2       0x20 ./rbwsMotorControl/src/rbwsMotorControl.o
                0x000093a2                rbwsMotorControl_init
 .text.rbwsLidarScanMode
                0x000093c2       0x1a ./rbwsLidarA1M8/src/rbwsLidarA1M8_main.o
                0x000093c2                rbwsLidarScanMode
 .text.rbwsMPU6050_ClockConfig
                0x000093dc       0x1c ./rbwsInertialMeasurementUnit/src/rbwsMPU6050.o
                0x000093dc                rbwsMPU6050_ClockConfig
 .text.rbwsMPU6050_GyroConfig
                0x000093f8       0x10 ./rbwsInertialMeasurementUnit/src/rbwsMPU6050.o
                0x000093f8                rbwsMPU6050_GyroConfig
 .text.rbwsMPU6050_AccelConfig
                0x00009408       0x10 ./rbwsInertialMeasurementUnit/src/rbwsMPU6050.o
                0x00009408                rbwsMPU6050_AccelConfig
 .text.SVC_Handler
                0x00009418        0x2 ./freertos/freertos-kernel/portable/GCC/ARM_CM0/port.o
                0x00009418                SVC_Handler
 .text.ulSetInterruptMaskFromISR
                0x0000941a        0x8 ./freertos/freertos-kernel/portable/GCC/ARM_CM0/port.o
                0x0000941a                ulSetInterruptMaskFromISR
 .text.vClearInterruptMaskFromISR
                0x00009422        0x6 ./freertos/freertos-kernel/portable/GCC/ARM_CM0/port.o
                0x00009422                vClearInterruptMaskFromISR
 .text.CLOCK_GetFreq
                0x00009428       0x6e ./drivers/fsl_clock.o
                0x00009428                CLOCK_GetFreq
 .text.FTM_SetDeadTimeEnable
                0x00009496       0x1c ./drivers/fsl_ftm.o
 .text.FTM_SetComplementaryEnable
                0x000094b2       0x1c ./drivers/fsl_ftm.o
 .text.LPI2C_MasterWaitForTxReady
                0x000094ce       0x1c ./drivers/fsl_lpi2c.o
 .text.LPI2C_CheckForBusyBus
                0x000094ea       0x18 ./drivers/fsl_lpi2c.o
                0x000094ea                LPI2C_CheckForBusyBus
 .text.LPSPI_Enable
                0x00009502       0x20 ./drivers/fsl_lpspi.o
 .text.SystemInitHook
                0x00009522        0x2 ./device/system_MKE16Z4.o
                0x00009522                SystemInitHook
 .text.SerialManager_OpenWriteHandle
                0x00009524       0x32 ./component/serial_manager/fsl_component_serial_manager.o
                0x00009524                SerialManager_OpenWriteHandle
 .text.Serial_UartInit
                0x00009556       0x18 ./component/serial_manager/fsl_component_serial_port_uart.o
                0x00009556                Serial_UartInit
 .text.Serial_UartWrite
                0x0000956e       0x1a ./component/serial_manager/fsl_component_serial_port_uart.o
                0x0000956e                Serial_UartWrite
 .text.BOARD_InitBootClocks
                0x00009588        0x8 ./board/clock_config.o
                0x00009588                BOARD_InitBootClocks
 .text.BOARD_InitBootPeripherals
                0x00009590        0x8 ./board/peripherals.o
                0x00009590                BOARD_InitBootPeripherals
 .text.BOARD_InitBootPins
                0x00009598        0xc ./board/pin_mux.o
                0x00009598                BOARD_InitBootPins
 .text.__cvt    0x000095a4       0xd4 c:/nxp/mcuxpressoide_11.8.1_1197/ide/plugins/com.nxp.mcuxpresso.tools.win32_11.8.1.202308071233/tools/bin/../lib/gcc/arm-none-eabi/12.2.1/thumb/v6-m/nofp\libc_nano.a(libc_a-nano-vfprintf_float.o)
                0x000095a4                __cvt
 .text.__exponent
                0x00009678       0x80 c:/nxp/mcuxpressoide_11.8.1_1197/ide/plugins/com.nxp.mcuxpresso.tools.win32_11.8.1.202308071233/tools/bin/../lib/gcc/arm-none-eabi/12.2.1/thumb/v6-m/nofp\libc_nano.a(libc_a-nano-vfprintf_float.o)
                0x00009678                __exponent
 .text._printf_common
                0x000096f8       0xde c:/nxp/mcuxpressoide_11.8.1_1197/ide/plugins/com.nxp.mcuxpresso.tools.win32_11.8.1.202308071233/tools/bin/../lib/gcc/arm-none-eabi/12.2.1/thumb/v6-m/nofp\libc_nano.a(libc_a-nano-vfprintf_i.o)
                0x000096f8                _printf_common
 .text.memset   0x000097d6       0x10 c:/nxp/mcuxpressoide_11.8.1_1197/ide/plugins/com.nxp.mcuxpresso.tools.win32_11.8.1.202308071233/tools/bin/../lib/gcc/arm-none-eabi/12.2.1/thumb/v6-m/nofp\libc_nano.a(libc_a-memset.o)
                0x000097d6                memset
 .text.__retarget_lock_acquire_recursive
                0x000097e6        0x2 c:/nxp/mcuxpressoide_11.8.1_1197/ide/plugins/com.nxp.mcuxpresso.tools.win32_11.8.1.202308071233/tools/bin/../lib/gcc/arm-none-eabi/12.2.1/thumb/v6-m/nofp\libc_nano.a(libc_a-lock.o)
                0x000097e6                __retarget_lock_acquire_recursive
 .text.__retarget_lock_release_recursive
                0x000097e8        0x2 c:/nxp/mcuxpressoide_11.8.1_1197/ide/plugins/com.nxp.mcuxpresso.tools.win32_11.8.1.202308071233/tools/bin/../lib/gcc/arm-none-eabi/12.2.1/thumb/v6-m/nofp\libc_nano.a(libc_a-lock.o)
                0x000097e8                __retarget_lock_release_recursive
 .text.memcpy   0x000097ea       0x12 c:/nxp/mcuxpressoide_11.8.1_1197/ide/plugins/com.nxp.mcuxpresso.tools.win32_11.8.1.202308071233/tools/bin/../lib/gcc/arm-none-eabi/12.2.1/thumb/v6-m/nofp\libc_nano.a(libc_a-memcpy-stub.o)
                0x000097ea                memcpy
 .text          0x000097fc        0xe c:/nxp/mcuxpressoide_11.8.1_1197/ide/plugins/com.nxp.mcuxpresso.tools.win32_11.8.1.202308071233/tools/bin/../lib/gcc/arm-none-eabi/12.2.1/thumb/v6-m/nofp\libc_nano.a(libc_a-strlen.o)
                0x000097fc                strlen
 .text.quorem   0x0000980a      0x11c c:/nxp/mcuxpressoide_11.8.1_1197/ide/plugins/com.nxp.mcuxpresso.tools.win32_11.8.1.202308071233/tools/bin/../lib/gcc/arm-none-eabi/12.2.1/thumb/v6-m/nofp\libc_nano.a(libc_a-dtoa.o)
 .text.__hi0bits
                0x00009926       0x4c c:/nxp/mcuxpressoide_11.8.1_1197/ide/plugins/com.nxp.mcuxpresso.tools.win32_11.8.1.202308071233/tools/bin/../lib/gcc/arm-none-eabi/12.2.1/thumb/v6-m/nofp\libc_nano.a(libc_a-mprec.o)
                0x00009926                __hi0bits
 .text.__lo0bits
                0x00009972       0x5c c:/nxp/mcuxpressoide_11.8.1_1197/ide/plugins/com.nxp.mcuxpresso.tools.win32_11.8.1.202308071233/tools/bin/../lib/gcc/arm-none-eabi/12.2.1/thumb/v6-m/nofp\libc_nano.a(libc_a-mprec.o)
                0x00009972                __lo0bits
 .text.__mcmp   0x000099ce       0x36 c:/nxp/mcuxpressoide_11.8.1_1197/ide/plugins/com.nxp.mcuxpresso.tools.win32_11.8.1.202308071233/tools/bin/../lib/gcc/arm-none-eabi/12.2.1/thumb/v6-m/nofp\libc_nano.a(libc_a-mprec.o)
                0x000099ce                __mcmp
 .text._calloc_r
                0x00009a04       0x5a c:/nxp/mcuxpressoide_11.8.1_1197/ide/plugins/com.nxp.mcuxpresso.tools.win32_11.8.1.202308071233/tools/bin/../lib/gcc/arm-none-eabi/12.2.1/thumb/v6-m/nofp\libc_nano.a(libc_a-callocr.o)
                0x00009a04                _calloc_r
 .text.__ascii_mbtowc
                0x00009a5e       0x24 c:/nxp/mcuxpressoide_11.8.1_1197/ide/plugins/com.nxp.mcuxpresso.tools.win32_11.8.1.202308071233/tools/bin/../lib/gcc/arm-none-eabi/12.2.1/thumb/v6-m/nofp\libc_nano.a(libc_a-mbtowc_r.o)
                0x00009a5e                __ascii_mbtowc
 .text.__ascii_wctomb
                0x00009a82       0x1a c:/nxp/mcuxpressoide_11.8.1_1197/ide/plugins/com.nxp.mcuxpresso.tools.win32_11.8.1.202308071233/tools/bin/../lib/gcc/arm-none-eabi/12.2.1/thumb/v6-m/nofp\libc_nano.a(libc_a-wctomb_r.o)
                0x00009a82                __ascii_wctomb
 *freertos*/tasks.o(SORT_BY_ALIGNMENT(.rodata*))
 .rodata.vTaskStartScheduler.str1.1
                0x00009a9c        0x5 ./freertos/freertos-kernel/tasks.o
 *(SORT_BY_ALIGNMENT(.rodata) SORT_BY_ALIGNMENT(.rodata.*) SORT_BY_ALIGNMENT(.constdata) SORT_BY_ALIGNMENT(.constdata.*))
 *fill*         0x00009aa1        0x7 ff
 .rodata.__mprec_bigtens
                0x00009aa8       0x28 c:/nxp/mcuxpressoide_11.8.1_1197/ide/plugins/com.nxp.mcuxpresso.tools.win32_11.8.1.202308071233/tools/bin/../lib/gcc/arm-none-eabi/12.2.1/thumb/v6-m/nofp\libc_nano.a(libc_a-mprec.o)
                0x00009aa8                __mprec_bigtens
 .rodata.__mprec_tens
                0x00009ad0       0xc8 c:/nxp/mcuxpressoide_11.8.1_1197/ide/plugins/com.nxp.mcuxpresso.tools.win32_11.8.1.202308071233/tools/bin/../lib/gcc/arm-none-eabi/12.2.1/thumb/v6-m/nofp\libc_nano.a(libc_a-mprec.o)
                0x00009ad0                __mprec_tens
 .rodata.sircFreq.4
                0x00009b98        0x8 ./drivers/fsl_clock.o
 .rodata.s_ftmClocks
                0x00009ba0        0x8 ./drivers/fsl_ftm.o
 .rodata.s_lpuartClock
                0x00009ba8        0xc ./drivers/fsl_lpuart.o
 .rodata.s_LpuartAdapterBase
                0x00009bb4        0xc ./component/uart/fsl_adapter_lpuart.o
 .rodata.g_scgLpFllConfig_BOARD_BootClockRUN
                0x00009bc0        0x8 ./board/clock_config.o
                0x00009bc0                g_scgLpFllConfig_BOARD_BootClockRUN
 .rodata.g_scgFircConfig_BOARD_BootClockRUN
                0x00009bc8        0xc ./board/clock_config.o
                0x00009bc8                g_scgFircConfig_BOARD_BootClockRUN
 .rodata.g_scgSircConfig_BOARD_BootClockRUN
                0x00009bd4        0x8 ./board/clock_config.o
                0x00009bd4                g_scgSircConfig_BOARD_BootClockRUN
 .rodata.g_scgSysOscConfig_BOARD_BootClockRUN
                0x00009bdc        0xc ./board/clock_config.o
                0x00009bdc                g_scgSysOscConfig_BOARD_BootClockRUN
 .rodata.LPUART0_config
                0x00009be8       0x14 ./board/peripherals.o
                0x00009be8                LPUART0_config
 .rodata.FTM1_config
                0x00009bfc       0x20 ./board/peripherals.o
                0x00009bfc                FTM1_config
 .rodata.LPUART2_config
                0x00009c1c       0x14 ./board/peripherals.o
                0x00009c1c                LPUART2_config
 .rodata.LPSPI0_config
                0x00009c30       0x20 ./board/peripherals.o
                0x00009c30                LPSPI0_config
 .rodata.LPI2C0_masterConfig
                0x00009c50       0x1c ./board/peripherals.o
                0x00009c50                LPI2C0_masterConfig
 .rodata.FTM0_config
                0x00009c6c       0x20 ./board/peripherals.o
                0x00009c6c                FTM0_config
 .rodata.__aeabi_fdiv
                0x00009c8c       0x7c c:/nxp/mcuxpressoide_11.8.1_1197/ide/plugins/com.nxp.mcuxpresso.tools.win32_11.8.1.202308071233/tools/bin/../lib/gcc/arm-none-eabi/12.2.1/thumb/v6-m/nofp\libgcc.a(divsf3.o)
 .rodata.__aeabi_ddiv
                0x00009d08       0x40 c:/nxp/mcuxpressoide_11.8.1_1197/ide/plugins/com.nxp.mcuxpresso.tools.win32_11.8.1.202308071233/tools/bin/../lib/gcc/arm-none-eabi/12.2.1/thumb/v6-m/nofp\libgcc.a(divdf3.o)
 .rodata.p05.0  0x00009d48        0xc c:/nxp/mcuxpressoide_11.8.1_1197/ide/plugins/com.nxp.mcuxpresso.tools.win32_11.8.1.202308071233/tools/bin/../lib/gcc/arm-none-eabi/12.2.1/thumb/v6-m/nofp\libc_nano.a(libc_a-mprec.o)
 .rodata.LPUART_Init.cst2
                0x00009d54        0x2 ./drivers/fsl_lpuart.o
 .rodata.FTM1_pwmSignalParams
                0x00009d56        0x8 ./board/peripherals.o
                0x00009d56                FTM1_pwmSignalParams
 .rodata.FTM0_pwmSignalParams
                0x00009d5e       0x10 ./board/peripherals.o
                0x00009d5e                FTM0_pwmSignalParams
 .rodata.__assert_func.str1.1
                0x00009d6e       0x3e ./utilities/fsl_assert.o
 .rodata.CSWTCH.86
                0x00009dac        0xf ./utilities/fsl_str.o
 .rodata.rbwsMotorControl_Generate_PWM.str1.1
                0x00009dbb       0x1b ./rbwsMotorControl/src/rbwsMotorControl.o
 .rodata.rbwsLidarA1M8_main.str1.1
                0x00009dd6        0xf ./rbwsLidarA1M8/src/rbwsLidarA1M8_main.o
                                 0x11 (size before relaxing)
 .rodata.rbwsMPU6050_main.str1.1
                0x00009de5       0x19 ./rbwsInertialMeasurementUnit/src/rbwsMPU6050.o
 .rodata.CLOCK_GetErClkFreq.str1.1
                0x00009dfe       0x18 ./drivers/fsl_clock.o
 .rodata.CLOCK_InitSysOsc.str1.1
                0x00009e16       0x18 ./drivers/fsl_clock.o
                                  0x7 (size before relaxing)
 .rodata.CLOCK_GetIpFreq.str1.1
                0x00009e16       0x19 ./drivers/fsl_clock.o
 .rodata.__func__.1
                0x00009e2f       0x10 ./drivers/fsl_clock.o
 .rodata.__func__.3
                0x00009e3f        0xf ./drivers/fsl_clock.o
 .rodata.__func__.5
                0x00009e4e        0xf ./drivers/fsl_clock.o
 .rodata.__func__.6
                0x00009e5d       0x14 ./drivers/fsl_clock.o
 .rodata.__func__.7
                0x00009e71       0x11 ./drivers/fsl_clock.o
 .rodata.__func__.9
                0x00009e82       0x10 ./drivers/fsl_clock.o
 .rodata.__func__.10
                0x00009e92       0x13 ./drivers/fsl_clock.o
 .rodata.SDK_DelayAtLeastUs.str1.1
                0x00009ea5       0x25 ./drivers/fsl_common_arm.o
 .rodata.__func__.0
                0x00009eca       0x13 ./drivers/fsl_common_arm.o
 .rodata.FTM_GetInstance.str1.1
                0x00009edd       0x23 ./drivers/fsl_ftm.o
 .rodata.FTM_Init.str1.1
                0x00009f00       0x79 ./drivers/fsl_ftm.o
                                 0x8c (size before relaxing)
 .rodata.FTM_SetupPwmMode.str1.1
                0x00009f79       0x2a ./drivers/fsl_ftm.o
 .rodata.__func__.4
                0x00009fa3       0x11 ./drivers/fsl_ftm.o
 .rodata.__func__.8
                0x00009fb4       0x14 ./drivers/fsl_ftm.o
 .rodata.__func__.9
                0x00009fc8        0xf ./drivers/fsl_ftm.o
 .rodata.__func__.10
                0x00009fd7       0x12 ./drivers/fsl_ftm.o
 .rodata.__func__.11
                0x00009fe9       0x10 ./drivers/fsl_ftm.o
 .rodata.__func__.12
                0x00009ff9        0x9 ./drivers/fsl_ftm.o
 .rodata.LPI2C_GetCyclesForWidth.str1.1
                0x0000a002       0x20 ./drivers/fsl_lpi2c.o
 .rodata.CLOCK_DisableClock.constprop.0.str1.1
                0x0000a022       0x4a ./drivers/fsl_lpi2c.o
 .rodata.LPI2C_GetInstance.str1.1
                0x0000a022       0x23 ./drivers/fsl_lpi2c.o
 .rodata.LPI2C_MasterReceive.str1.1
                0x0000a045        0xf ./drivers/fsl_lpi2c.o
 .rodata.LPI2C_MasterSend.str1.1
                0x0000a054        0xf ./drivers/fsl_lpi2c.o
 .rodata.__func__.17
                0x0000a063       0x11 ./drivers/fsl_lpi2c.o
 .rodata.__func__.18
                0x0000a074       0x14 ./drivers/fsl_lpi2c.o
 .rodata.__func__.20
                0x0000a088       0x18 ./drivers/fsl_lpi2c.o
 .rodata.__func__.21
                0x0000a0a0       0x12 ./drivers/fsl_lpi2c.o
 .rodata.__func__.22
                0x0000a0b2       0x12 ./drivers/fsl_lpi2c.o
 .rodata.LPSPI_CombineWriteData.str1.1
                0x0000a0c4       0x1b ./drivers/fsl_lpspi.o
                                 0x21 (size before relaxing)
 .rodata.CLOCK_EnableClock.constprop.0.str1.1
                0x0000a0df       0x4a ./drivers/fsl_lpspi.o
 .rodata.LPSPI_GetInstance.str1.1
                0x0000a0df       0x24 ./drivers/fsl_lpspi.o
 .rodata.LPSPI_MasterGetDefaultConfig.str1.1
                0x0000a103       0x15 ./drivers/fsl_lpspi.o
 .rodata.LPSPI_MasterSetBaudRate.str1.1
                0x0000a118       0x19 ./drivers/fsl_lpspi.o
 .rodata.LPSPI0_DriverIRQHandler.str1.1
                0x0000a131       0x19 ./drivers/fsl_lpspi.o
 .rodata.__func__.0
                0x0000a14a       0x18 ./drivers/fsl_lpspi.o
 .rodata.__func__.19
                0x0000a162       0x1b ./drivers/fsl_lpspi.o
 .rodata.__func__.20
                0x0000a17d       0x18 ./drivers/fsl_lpspi.o
 .rodata.__func__.25
                0x0000a195       0x12 ./drivers/fsl_lpspi.o
 .rodata.__func__.26
                0x0000a1a7       0x11 ./drivers/fsl_lpspi.o
 .rodata.__func__.27
                0x0000a1b8       0x12 ./drivers/fsl_lpspi.o
 .rodata.s_baudratePrescaler
                0x0000a1ca        0x8 ./drivers/fsl_lpspi.o
 .rodata.LPUART_ReadNonBlocking.str1.1
                0x0000a1d2       0x1a ./drivers/fsl_lpuart.o
 .rodata.LPUART_GetInstance.str1.1
                0x0000a1ec       0x25 ./drivers/fsl_lpuart.o
 .rodata.LPUART_TransferGetRxRingBufferLength.str1.1
                0x0000a211        0xf ./drivers/fsl_lpuart.o
 .rodata.LPUART_Init.str1.1
                0x0000a220       0xb7 ./drivers/fsl_lpuart.o
                                0x101 (size before relaxing)
 .rodata.LPUART_TransferHandleIRQ.str1.1
                0x0000a2d7       0x12 ./drivers/fsl_lpuart.o
 .rodata.__func__.0
                0x0000a2e9       0x18 ./drivers/fsl_lpuart.o
 .rodata.__func__.1
                0x0000a301       0x22 ./drivers/fsl_lpuart.o
 .rodata.__func__.2
                0x0000a323       0x17 ./drivers/fsl_lpuart.o
 .rodata.__func__.3
                0x0000a33a       0x19 ./drivers/fsl_lpuart.o
 .rodata.__func__.12
                0x0000a353       0x1c ./drivers/fsl_lpuart.o
 .rodata.__func__.13
                0x0000a36f       0x14 ./drivers/fsl_lpuart.o
 .rodata.__func__.14
                0x0000a383       0x15 ./drivers/fsl_lpuart.o
 .rodata.__func__.18
                0x0000a398       0x18 ./drivers/fsl_lpuart.o
 .rodata.__func__.20
                0x0000a3b0       0x12 ./drivers/fsl_lpuart.o
 .rodata.__func__.21
                0x0000a3c2        0xc ./drivers/fsl_lpuart.o
 .rodata.__func__.22
                0x0000a3ce       0x25 ./drivers/fsl_lpuart.o
 .rodata.__func__.23
                0x0000a3f3       0x13 ./drivers/fsl_lpuart.o
 .rodata.s_lpuartIRQ
                0x0000a406        0x3 ./drivers/fsl_lpuart.o
                0x0000a406                s_lpuartIRQ
 .rodata.PWT_GetInstance.isra.0.str1.1
                0x0000a409       0x2c ./drivers/fsl_pwt.o
 .rodata.PWT_Init.str1.1
                0x0000a435       0x51 ./drivers/fsl_pwt.o
 .rodata.__func__.0
                0x0000a435       0x15 ./drivers/fsl_pwt.o
 .rodata.__func__.1
                0x0000a44a       0x13 ./drivers/fsl_pwt.o
 .rodata.__func__.2
                0x0000a45d       0x12 ./drivers/fsl_pwt.o
 .rodata.__func__.3
                0x0000a46f       0x10 ./drivers/fsl_pwt.o
 .rodata.__func__.4
                0x0000a47f        0x9 ./drivers/fsl_pwt.o
 .rodata.HAL_UartInit.str1.1
                0x0000a488       0xaa ./component/uart/fsl_adapter_lpuart.o
                                 0xb9 (size before relaxing)
 .rodata.HAL_UartReceiveBlocking.str1.1
                0x0000a532        0xc ./component/uart/fsl_adapter_lpuart.o
                                 0x19 (size before relaxing)
 .rodata.__func__.1
                0x0000a53e       0x15 ./component/uart/fsl_adapter_lpuart.o
 .rodata.__func__.4
                0x0000a553        0xd ./component/uart/fsl_adapter_lpuart.o
 .rodata.BOARD_InitDebugConsole.str1.1
                0x0000a560       0x4a ./board/board.o
                                 0x63 (size before relaxing)
 .rodata.__func__.0
                0x0000a5aa        0xf ./board/board.o
 .rodata.CLOCK_SetIpSrc.constprop.0.str1.1
                0x0000a5b9       0x63 ./board/clock_config.o
 .rodata.__func__.1
                0x0000a5b9        0xf ./board/clock_config.o
 .rodata.CLOCK_EnableClock.str1.1
                0x0000a5c8       0x88 ./board/pin_mux.o
 .rodata.__func__.1
                0x0000a5c8       0x12 ./board/pin_mux.o
 .rodata._ctype_
                0x0000a5da      0x101 c:/nxp/mcuxpressoide_11.8.1_1197/ide/plugins/com.nxp.mcuxpresso.tools.win32_11.8.1.202308071233/tools/bin/../lib/gcc/arm-none-eabi/12.2.1/thumb/v6-m/nofp\libc_nano.a(libc_a-ctype_.o)
                0x0000a5da                _ctype_
 .rodata._printf_float.str1.1
                0x0000a6db       0x12 c:/nxp/mcuxpressoide_11.8.1_1197/ide/plugins/com.nxp.mcuxpresso.tools.win32_11.8.1.202308071233/tools/bin/../lib/gcc/arm-none-eabi/12.2.1/thumb/v6-m/nofp\libc_nano.a(libc_a-nano-vfprintf_float.o)
 .rodata._dtoa_r.str1.1
                0x0000a6ed       0x8e c:/nxp/mcuxpressoide_11.8.1_1197/ide/plugins/com.nxp.mcuxpresso.tools.win32_11.8.1.202308071233/tools/bin/../lib/gcc/arm-none-eabi/12.2.1/thumb/v6-m/nofp\libc_nano.a(libc_a-dtoa.o)
                                 0x90 (size before relaxing)
 .rodata._Balloc.str1.1
                0x0000a77b       0x5a c:/nxp/mcuxpressoide_11.8.1_1197/ide/plugins/com.nxp.mcuxpresso.tools.win32_11.8.1.202308071233/tools/bin/../lib/gcc/arm-none-eabi/12.2.1/thumb/v6-m/nofp\libc_nano.a(libc_a-mprec.o)
                                 0x71 (size before relaxing)
 .rodata.__multadd.str1.1
                0x0000a7d5       0x11 c:/nxp/mcuxpressoide_11.8.1_1197/ide/plugins/com.nxp.mcuxpresso.tools.win32_11.8.1.202308071233/tools/bin/../lib/gcc/arm-none-eabi/12.2.1/thumb/v6-m/nofp\libc_nano.a(libc_a-mprec.o)
 .rodata._setlocale_r.str1.1
                0x0000a7d5        0x8 c:/nxp/mcuxpressoide_11.8.1_1197/ide/plugins/com.nxp.mcuxpresso.tools.win32_11.8.1.202308071233/tools/bin/../lib/gcc/arm-none-eabi/12.2.1/thumb/v6-m/nofp\libc_nano.a(libc_a-locale.o)
                                  0x9 (size before relaxing)
 .rodata.str1.1
                0x0000a7dd        0x2 c:/nxp/mcuxpressoide_11.8.1_1197/ide/plugins/com.nxp.mcuxpresso.tools.win32_11.8.1.202308071233/tools/bin/../lib/gcc/arm-none-eabi/12.2.1/thumb/v6-m/nofp\libc_nano.a(libc_a-locale.o)
                0x0000a7e8                . = ALIGN (0x4)
 *fill*         0x0000a7df        0x1 ff

.glue_7         0x0000a7e0        0x0
 .glue_7        0x0000a7e0        0x0 linker stubs

.glue_7t        0x0000a7e0        0x0
 .glue_7t       0x0000a7e0        0x0 linker stubs

.vfp11_veneer   0x0000a7e0        0x0
 .vfp11_veneer  0x0000a7e0        0x0 linker stubs

.v4_bx          0x0000a7e0        0x0
 .v4_bx         0x0000a7e0        0x0 linker stubs

.iplt           0x0000a7e0        0x0
 .iplt          0x0000a7e0        0x0 ./utilities/fsl_assert.o

.ARM.extab
 *(SORT_BY_ALIGNMENT(.ARM.extab*) SORT_BY_ALIGNMENT(.gnu.linkonce.armextab.*))

.ARM.exidx      0x0000a7e0        0x8
                0x0000a7e0                __exidx_start = .
 *(SORT_BY_ALIGNMENT(.ARM.exidx*) SORT_BY_ALIGNMENT(.gnu.linkonce.armexidx.*))
 .ARM.exidx.text.__udivmoddi4
                0x0000a7e0        0x8 c:/nxp/mcuxpressoide_11.8.1_1197/ide/plugins/com.nxp.mcuxpresso.tools.win32_11.8.1.202308071233/tools/bin/../lib/gcc/arm-none-eabi/12.2.1/thumb/v6-m/nofp\libgcc.a(_udivmoddi4.o)
                0x0000a7e8                __exidx_end = .
                0x0000a7e8                _etext = .

.rel.dyn        0x0000a7e8        0x0
 .rel.iplt      0x0000a7e8        0x0 ./utilities/fsl_assert.o

.mtb_buffer_default
                0x1ffff800       0x80
 *(SORT_BY_ALIGNMENT(.mtb*))
 .mtb.$RAM1     0x1ffff800       0x80 ./source/mtb.o
                0x1ffff800                __mtb_buffer__

.uninit_RESERVED
                0x1ffff880        0x0
                0x1ffff880                _start_uninit_RESERVED = .
 *(SORT_BY_ALIGNMENT(.bss.$RESERVED*))
                0x1ffff880                . = ALIGN (0x4)
                0x1ffff880                _end_uninit_RESERVED = .

.data           0x1ffff880      0x1ec load address 0x0000a7e8
 FILL mask 0xff
                0x1ffff880                _data = .
                [!provide]                PROVIDE (__start_data_RAM = .)
                [!provide]                PROVIDE (__start_data_SRAM = .)
 *(SORT_BY_ALIGNMENT(vtable))
 *(SORT_BY_ALIGNMENT(.ramfunc*))
 *(SORT_BY_ALIGNMENT(CodeQuickAccess))
 *(SORT_BY_ALIGNMENT(DataQuickAccess))
 *(SORT_BY_ALIGNMENT(RamFunction))
 *(SORT_BY_ALIGNMENT(.data*))
 .data.tiny     0x1ffff880        0x8 c:/nxp/mcuxpressoide_11.8.1_1197/ide/plugins/com.nxp.mcuxpresso.tools.win32_11.8.1.202308071233/tools/bin/../lib/gcc/arm-none-eabi/12.2.1/thumb/v6-m/nofp\libm.a(libm_a-e_sqrt.o)
 .data.one      0x1ffff888        0x8 c:/nxp/mcuxpressoide_11.8.1_1197/ide/plugins/com.nxp.mcuxpresso.tools.win32_11.8.1.202308071233/tools/bin/../lib/gcc/arm-none-eabi/12.2.1/thumb/v6-m/nofp\libm.a(libm_a-e_sqrt.o)
 .data.txCount  0x1ffff890        0x4 ./rbwsInertialMeasurementUnit/src/rbwsI2C.o
                0x1ffff890                txCount
 .data.b        0x1ffff894        0xc ./rbwsInertialMeasurementUnit/src/rbwsMPU6050.o
                0x1ffff894                b
 .data.statusWrite
                0x1ffff8a0        0x4 ./rbwsInertialMeasurementUnit/src/rbwsMPU6050.o
                0x1ffff8a0                statusWrite
 .data.statusRead
                0x1ffff8a4        0x4 ./rbwsInertialMeasurementUnit/src/rbwsMPU6050.o
                0x1ffff8a4                statusRead
 .data.SystemCoreClock
                0x1ffff8a8        0x4 ./device/system_MKE16Z4.o
                0x1ffff8a8                SystemCoreClock
 .data._impure_ptr
                0x1ffff8ac        0x4 c:/nxp/mcuxpressoide_11.8.1_1197/ide/plugins/com.nxp.mcuxpresso.tools.win32_11.8.1.202308071233/tools/bin/../lib/gcc/arm-none-eabi/12.2.1/thumb/v6-m/nofp\libc_nano.a(libc_a-impure.o)
                0x1ffff8ac                _impure_ptr
 .data._impure_data
                0x1ffff8b0       0x4c c:/nxp/mcuxpressoide_11.8.1_1197/ide/plugins/com.nxp.mcuxpresso.tools.win32_11.8.1.202308071233/tools/bin/../lib/gcc/arm-none-eabi/12.2.1/thumb/v6-m/nofp\libc_nano.a(libc_a-impure.o)
                0x1ffff8b0                _impure_data
 .data.__global_locale
                0x1ffff8fc      0x16c c:/nxp/mcuxpressoide_11.8.1_1197/ide/plugins/com.nxp.mcuxpresso.tools.win32_11.8.1.202308071233/tools/bin/../lib/gcc/arm-none-eabi/12.2.1/thumb/v6-m/nofp\libc_nano.a(libc_a-locale.o)
                0x1ffff8fc                __global_locale
 .data.acc_sensitivity
                0x1ffffa68        0x2 ./rbwsInertialMeasurementUnit/src/rbwsMPU6050.o
                0x1ffffa68                acc_sensitivity
 .data.gyro_sensitivity
                0x1ffffa6a        0x2 ./rbwsInertialMeasurementUnit/src/rbwsMPU6050.o
                0x1ffffa6a                gyro_sensitivity
                0x1ffffa6c                . = ALIGN (0x4)
                0x1ffffa6c                _edata = .
                [!provide]                PROVIDE (__end_data_RAM = .)
                [!provide]                PROVIDE (__end_data_SRAM = .)

.igot.plt       0x1ffffa6c        0x0 load address 0x0000a9d4
 .igot.plt      0x1ffffa6c        0x0 ./utilities/fsl_assert.o

.bss            0x1ffffa6c      0x2b4
                0x1ffffa6c                _bss = .
                [!provide]                PROVIDE (__start_bss_RAM = .)
                [!provide]                PROVIDE (__start_bss_SRAM = .)
 *(SORT_BY_ALIGNMENT(.bss*))
 .bss.g_serialHandle
                0x1ffffa6c        0x4 ./utilities/fsl_debug_console.o
                0x1ffffa6c                g_serialHandle
 .bss.s_debugConsoleState
                0x1ffffa70       0x20 ./utilities/fsl_debug_console.o
 .bss.past_meas_gyro_zf
                0x1ffffa90        0x4 ./rbwsInertialMeasurementUnit/src/rbwsMPU6050.o
                0x1ffffa90                past_meas_gyro_zf
 .bss.past_meas_gyro_yf
                0x1ffffa94        0x4 ./rbwsInertialMeasurementUnit/src/rbwsMPU6050.o
                0x1ffffa94                past_meas_gyro_yf
 .bss.past_meas_gyro_xf
                0x1ffffa98        0x4 ./rbwsInertialMeasurementUnit/src/rbwsMPU6050.o
                0x1ffffa98                past_meas_gyro_xf
 .bss.past_meas_accel_zf
                0x1ffffa9c        0x4 ./rbwsInertialMeasurementUnit/src/rbwsMPU6050.o
                0x1ffffa9c                past_meas_accel_zf
 .bss.past_meas_accel_yf
                0x1ffffaa0        0x4 ./rbwsInertialMeasurementUnit/src/rbwsMPU6050.o
                0x1ffffaa0                past_meas_accel_yf
 .bss.past_meas_accel_xf
                0x1ffffaa4        0x4 ./rbwsInertialMeasurementUnit/src/rbwsMPU6050.o
                0x1ffffaa4                past_meas_accel_xf
 .bss.gyro_zf   0x1ffffaa8        0x4 ./rbwsInertialMeasurementUnit/src/rbwsMPU6050.o
                0x1ffffaa8                gyro_zf
 .bss.gyro_yf   0x1ffffaac        0x4 ./rbwsInertialMeasurementUnit/src/rbwsMPU6050.o
                0x1ffffaac                gyro_yf
 .bss.gyro_xf   0x1ffffab0        0x4 ./rbwsInertialMeasurementUnit/src/rbwsMPU6050.o
                0x1ffffab0                gyro_xf
 .bss.accel_zf  0x1ffffab4        0x4 ./rbwsInertialMeasurementUnit/src/rbwsMPU6050.o
                0x1ffffab4                accel_zf
 .bss.accel_yf  0x1ffffab8        0x4 ./rbwsInertialMeasurementUnit/src/rbwsMPU6050.o
                0x1ffffab8                accel_yf
 .bss.accel_xf  0x1ffffabc        0x4 ./rbwsInertialMeasurementUnit/src/rbwsMPU6050.o
                0x1ffffabc                accel_xf
 .bss.uxSchedulerSuspended
                0x1ffffac0        0x4 ./freertos/freertos-kernel/tasks.o
 .bss.xNextTaskUnblockTime
                0x1ffffac4        0x4 ./freertos/freertos-kernel/tasks.o
 .bss.xNumOfOverflows
                0x1ffffac8        0x4 ./freertos/freertos-kernel/tasks.o
 .bss.xYieldPending
                0x1ffffacc        0x4 ./freertos/freertos-kernel/tasks.o
 .bss.xPendedTicks
                0x1ffffad0        0x4 ./freertos/freertos-kernel/tasks.o
 .bss.uxTopReadyPriority
                0x1ffffad4        0x4 ./freertos/freertos-kernel/tasks.o
 .bss.xTickCount
                0x1ffffad8        0x4 ./freertos/freertos-kernel/tasks.o
 .bss.pxOverflowDelayedTaskList
                0x1ffffadc        0x4 ./freertos/freertos-kernel/tasks.o
 .bss.pxDelayedTaskList
                0x1ffffae0        0x4 ./freertos/freertos-kernel/tasks.o
 .bss.pxReadyTasksLists
                0x1ffffae4       0x64 ./freertos/freertos-kernel/tasks.o
 .bss.pxCurrentTCB
                0x1ffffb48        0x4 ./freertos/freertos-kernel/tasks.o
                0x1ffffb48                pxCurrentTCB
 .bss.g_xtal0Freq
                0x1ffffb4c        0x4 ./drivers/fsl_clock.o
                0x1ffffb4c                g_xtal0Freq
 .bss.s_lpi2cSlaveHandle
                0x1ffffb50        0x4 ./drivers/fsl_lpi2c.o
 .bss.s_lpi2cSlaveIsr
                0x1ffffb54        0x4 ./drivers/fsl_lpi2c.o
 .bss.s_lpi2cMasterHandle
                0x1ffffb58        0x4 ./drivers/fsl_lpi2c.o
                0x1ffffb58                s_lpi2cMasterHandle
 .bss.s_lpi2cMasterIsr
                0x1ffffb5c        0x4 ./drivers/fsl_lpi2c.o
                0x1ffffb5c                s_lpi2cMasterIsr
 .bss.s_lpspiSlaveIsr
                0x1ffffb60        0x4 ./drivers/fsl_lpspi.o
 .bss.s_lpspiMasterIsr
                0x1ffffb64        0x4 ./drivers/fsl_lpspi.o
 .bss.s_lpspiHandle
                0x1ffffb68        0x4 ./drivers/fsl_lpspi.o
 .bss.s_lpuartIsr
                0x1ffffb6c        0xc ./drivers/fsl_lpuart.o
                0x1ffffb6c                s_lpuartIsr
 .bss.s_lpuartHandle
                0x1ffffb78        0xc ./drivers/fsl_lpuart.o
                0x1ffffb78                s_lpuartHandle
 .bss.LPUART2_handle
                0x1ffffb84       0x30 ./board/peripherals.o
                0x1ffffb84                LPUART2_handle
 .bss.__malloc_sbrk_start
                0x1ffffbb4        0x4 c:/nxp/mcuxpressoide_11.8.1_1197/ide/plugins/com.nxp.mcuxpresso.tools.win32_11.8.1.202308071233/tools/bin/../lib/gcc/arm-none-eabi/12.2.1/thumb/v6-m/nofp\libc_nano.a(libc_a-mallocr.o)
                0x1ffffbb4                __malloc_sbrk_start
 .bss.__malloc_free_list
                0x1ffffbb8        0x4 c:/nxp/mcuxpressoide_11.8.1_1197/ide/plugins/com.nxp.mcuxpresso.tools.win32_11.8.1.202308071233/tools/bin/../lib/gcc/arm-none-eabi/12.2.1/thumb/v6-m/nofp\libc_nano.a(libc_a-mallocr.o)
                0x1ffffbb8                __malloc_free_list
 .bss.__sf      0x1ffffbbc      0x138 c:/nxp/mcuxpressoide_11.8.1_1197/ide/plugins/com.nxp.mcuxpresso.tools.win32_11.8.1.202308071233/tools/bin/../lib/gcc/arm-none-eabi/12.2.1/thumb/v6-m/nofp\libc_nano.a(libc_a-findfp.o)
                0x1ffffbbc                __sf
 .bss.errno     0x1ffffcf4        0x4 c:/nxp/mcuxpressoide_11.8.1_1197/ide/plugins/com.nxp.mcuxpresso.tools.win32_11.8.1.202308071233/tools/bin/../lib/gcc/arm-none-eabi/12.2.1/thumb/v6-m/nofp\libc_nano.a(libc_a-reent.o)
                0x1ffffcf4                errno
 .bss.__end_of_heap
                0x1ffffcf8        0x4 c:/nxp/mcuxpressoide_11.8.1_1197/ide/plugins/com.nxp.mcuxpresso.tools.win32_11.8.1.202308071233/tools/bin/../lib/gcc/arm-none-eabi/12.2.1/../../../../arm-none-eabi/lib/thumb/v6-m/nofp\libcr_newlib_nohost.a(_cr_sbrk.o)
                0x1ffffcf8                __end_of_heap
 .bss.pulseWidth
                0x1ffffcfc        0x2 ./rbwsPWT/src/rbwsPWT.o
                0x1ffffcfc                pulseWidth
 .bss.servoUpdatedDutyCycle
                0x1ffffcfe        0x2 ./rbwsMotorControl/src/rbwsMotorControl.o
                0x1ffffcfe                servoUpdatedDutyCycle
 .bss.lidarUpdatedDutyCycle
                0x1ffffd00        0x2 ./rbwsMotorControl/src/rbwsMotorControl.o
                0x1ffffd00                lidarUpdatedDutyCycle
 .bss.motorUpdatedDutycycle
                0x1ffffd02        0x2 ./rbwsMotorControl/src/rbwsMotorControl.o
                0x1ffffd02                motorUpdatedDutycycle
 .bss.gyro_z    0x1ffffd04        0x2 ./rbwsInertialMeasurementUnit/src/rbwsMPU6050.o
                0x1ffffd04                gyro_z
 .bss.gyro_y    0x1ffffd06        0x2 ./rbwsInertialMeasurementUnit/src/rbwsMPU6050.o
                0x1ffffd06                gyro_y
 .bss.gyro_x    0x1ffffd08        0x2 ./rbwsInertialMeasurementUnit/src/rbwsMPU6050.o
                0x1ffffd08                gyro_x
 .bss.accel_z   0x1ffffd0a        0x2 ./rbwsInertialMeasurementUnit/src/rbwsMPU6050.o
                0x1ffffd0a                accel_z
 .bss.accel_y   0x1ffffd0c        0x2 ./rbwsInertialMeasurementUnit/src/rbwsMPU6050.o
                0x1ffffd0c                accel_y
 .bss.accel_x   0x1ffffd0e        0x2 ./rbwsInertialMeasurementUnit/src/rbwsMPU6050.o
                0x1ffffd0e                accel_x
 .bss.s_debugConsoleReadWaitSemaphore
                0x1ffffd10        0x1 ./utilities/fsl_debug_console.o
 .bss.reg       0x1ffffd11        0x1 ./rbwsPWT/src/rbwsPWT.o
                0x1ffffd11                reg
 .bss.pwtConfig
                0x1ffffd12        0x4 ./rbwsPWT/src/rbwsPWT.o
                0x1ffffd12                pwtConfig
 .bss.overflowFlag
                0x1ffffd16        0x1 ./rbwsPWT/src/rbwsPWT.o
                0x1ffffd16                overflowFlag
 .bss.busyWait  0x1ffffd17        0x1 ./rbwsPWT/src/rbwsPWT.o
                0x1ffffd17                busyWait
 .bss.scanStarted
                0x1ffffd18        0x1 ./rbwsLidarA1M8/src/rbwsLidarA1M8_main.o
                0x1ffffd18                scanStarted
 .bss.connectionStatus
                0x1ffffd19        0x1 ./rbwsInertialMeasurementUnit/src/rbwsMPU6050.o
                0x1ffffd19                connectionStatus
 .bss.g_master_rxBuff
                0x1ffffd1a        0x1 ./rbwsInertialMeasurementUnit/src/rbwsMPU6050.o
                0x1ffffd1a                g_master_rxBuff
 .bss.g_master_txBuff
                0x1ffffd1b        0x1 ./rbwsInertialMeasurementUnit/src/rbwsMPU6050.o
                0x1ffffd1b                g_master_txBuff
 .bss.g_lpspiDummyData
                0x1ffffd1c        0x1 ./drivers/fsl_lpspi.o
                0x1ffffd1c                g_lpspiDummyData
 .bss.__lock___malloc_recursive_mutex
                0x1ffffd1d        0x1 c:/nxp/mcuxpressoide_11.8.1_1197/ide/plugins/com.nxp.mcuxpresso.tools.win32_11.8.1.202308071233/tools/bin/../lib/gcc/arm-none-eabi/12.2.1/thumb/v6-m/nofp\libc_nano.a(libc_a-lock.o)
                0x1ffffd1d                __lock___malloc_recursive_mutex
 *(SORT_BY_ALIGNMENT(COMMON))
                0x1ffffd20                . = ALIGN (0x4)
 *fill*         0x1ffffd1e        0x2 
                0x1ffffd20                _ebss = .
                [!provide]                PROVIDE (__end_bss_RAM = .)
                [!provide]                PROVIDE (__end_bss_SRAM = .)
                [!provide]                PROVIDE (end = .)

.noinit         0x1ffffd20        0x0
                0x1ffffd20                _noinit = .
                [!provide]                PROVIDE (__start_noinit_RAM = .)
                [!provide]                PROVIDE (__start_noinit_SRAM = .)
 *(SORT_BY_ALIGNMENT(.noinit*))
                0x1ffffd20                . = ALIGN (0x4)
                0x1ffffd20                _end_noinit = .
                [!provide]                PROVIDE (__end_noinit_RAM = .)
                [!provide]                PROVIDE (__end_noinit_SRAM = .)
                0x00000200                _HeapSize = 0x200

.heap           0x1ffffd20      0x200
                0x1ffffd20                _pvHeapStart = .
                0x1fffff20                . = (. + _HeapSize)
 *fill*         0x1ffffd20      0x200 
                0x1fffff20                . = ALIGN (0x4)
                0x1fffff20                _pvHeapLimit = .
                0x00000200                _StackSize = 0x200

.heap2stackfill
                0x1fffff20      0x200
                0x20000120                . = (. + _StackSize)
 *fill*         0x1fffff20      0x200 

.stack          0x20001600        0x0
                0x20001600                _vStackBase = .
                0x20001600                . = ALIGN (0x4)
                0x20001800                _vStackTop = (. + _StackSize)
                0x00000000                _image_start = LOADADDR (.text)
                0x0000a9d4                _image_end = (LOADADDR (.data) + SIZEOF (.data))
                0x0000a9d4                _image_size = (_image_end - _image_start)
OUTPUT(Licenta.axf elf32-littlearm)
LOAD linker stubs

.debug_info     0x00000000    0x20ae1
 .debug_info    0x00000000      0x123 ./utilities/fsl_assert.o
 .debug_info    0x00000123     0x12b7 ./utilities/fsl_debug_console.o
 .debug_info    0x000013da     0x1482 ./utilities/fsl_str.o
 .debug_info    0x0000285c      0x66e ./startup/startup_mke16z4.o
 .debug_info    0x00002eca      0x15a ./source/Licenta.o
 .debug_info    0x00003024       0x54 ./source/mtb.o
 .debug_info    0x00003078       0x3d ./source/semihost_hardfault.o
 .debug_info    0x000030b5      0xe03 ./rbwsPWT/src/rbwsPWT.o
 .debug_info    0x00003eb8      0xaa2 ./rbwsMotorControl/src/rbwsMotorControl.o
 .debug_info    0x0000495a      0x8c5 ./rbwsLidarA1M8/src/rbwsLidarA1M8_main.o
 .debug_info    0x0000521f      0xc03 ./rbwsInertialMeasurementUnit/src/rbwsI2C.o
 .debug_info    0x00005e22      0xf96 ./rbwsInertialMeasurementUnit/src/rbwsMPU6050.o
 .debug_info    0x00006db8      0x2ed ./freertos/freertos-kernel/portable/GCC/ARM_CM0/port.o
 .debug_info    0x000070a5     0x2ccd ./freertos/freertos-kernel/tasks.o
 .debug_info    0x00009d72     0x17ba ./drivers/fsl_clock.o
 .debug_info    0x0000b52c      0x1a9 ./drivers/fsl_common_arm.o
 .debug_info    0x0000b6d5     0x1fd4 ./drivers/fsl_ftm.o
 .debug_info    0x0000d6a9     0x4057 ./drivers/fsl_lpi2c.o
 .debug_info    0x00011700     0x4315 ./drivers/fsl_lpspi.o
 .debug_info    0x00015a15     0x3304 ./drivers/fsl_lpuart.o
 .debug_info    0x00018d19      0x6fd ./drivers/fsl_pwt.o
 .debug_info    0x00019416      0x379 ./device/system_MKE16Z4.o
 .debug_info    0x0001978f      0xdce ./component/uart/fsl_adapter_lpuart.o
 .debug_info    0x0001a55d     0x1216 ./component/serial_manager/fsl_component_serial_manager.o
 .debug_info    0x0001b773      0x5e1 ./component/serial_manager/fsl_component_serial_port_uart.o
 .debug_info    0x0001bd54      0x3c8 ./board/board.o
 .debug_info    0x0001c11c     0x1543 ./board/clock_config.o
 .debug_info    0x0001d65f     0x1d63 ./board/peripherals.o
 .debug_info    0x0001f3c2     0x1572 ./board/pin_mux.o
 .debug_info    0x00020934      0x13b c:/nxp/mcuxpressoide_11.8.1_1197/ide/plugins/com.nxp.mcuxpresso.tools.win32_11.8.1.202308071233/tools/bin/../lib/gcc/arm-none-eabi/12.2.1/../../../../arm-none-eabi/lib/thumb/v6-m/nofp\libcr_newlib_nohost.a(_cr_sbrk.o)
 .debug_info    0x00020a6f       0x72 c:/nxp/mcuxpressoide_11.8.1_1197/ide/plugins/com.nxp.mcuxpresso.tools.win32_11.8.1.202308071233/tools/bin/../lib/gcc/arm-none-eabi/12.2.1/../../../../arm-none-eabi/lib/thumb/v6-m/nofp\libcr_newlib_nohost.a(_cr_check_heap.o)

.debug_abbrev   0x00000000     0x500e
 .debug_abbrev  0x00000000       0xa3 ./utilities/fsl_assert.o
 .debug_abbrev  0x000000a3      0x383 ./utilities/fsl_debug_console.o
 .debug_abbrev  0x00000426      0x3c2 ./utilities/fsl_str.o
 .debug_abbrev  0x000007e8      0x1d5 ./startup/startup_mke16z4.o
 .debug_abbrev  0x000009bd       0x92 ./source/Licenta.o
 .debug_abbrev  0x00000a4f       0x45 ./source/mtb.o
 .debug_abbrev  0x00000a94       0x2f ./source/semihost_hardfault.o
 .debug_abbrev  0x00000ac3      0x350 ./rbwsPWT/src/rbwsPWT.o
 .debug_abbrev  0x00000e13      0x252 ./rbwsMotorControl/src/rbwsMotorControl.o
 .debug_abbrev  0x00001065      0x26e ./rbwsLidarA1M8/src/rbwsLidarA1M8_main.o
 .debug_abbrev  0x000012d3      0x2d8 ./rbwsInertialMeasurementUnit/src/rbwsI2C.o
 .debug_abbrev  0x000015ab      0x2e3 ./rbwsInertialMeasurementUnit/src/rbwsMPU6050.o
 .debug_abbrev  0x0000188e      0x1dc ./freertos/freertos-kernel/portable/GCC/ARM_CM0/port.o
 .debug_abbrev  0x00001a6a      0x49f ./freertos/freertos-kernel/tasks.o
 .debug_abbrev  0x00001f09      0x3fa ./drivers/fsl_clock.o
 .debug_abbrev  0x00002303      0x131 ./drivers/fsl_common_arm.o
 .debug_abbrev  0x00002434      0x404 ./drivers/fsl_ftm.o
 .debug_abbrev  0x00002838      0x585 ./drivers/fsl_lpi2c.o
 .debug_abbrev  0x00002dbd      0x498 ./drivers/fsl_lpspi.o
 .debug_abbrev  0x00003255      0x534 ./drivers/fsl_lpuart.o
 .debug_abbrev  0x00003789      0x263 ./drivers/fsl_pwt.o
 .debug_abbrev  0x000039ec      0x14f ./device/system_MKE16Z4.o
 .debug_abbrev  0x00003b3b      0x25d ./component/uart/fsl_adapter_lpuart.o
 .debug_abbrev  0x00003d98      0x2e3 ./component/serial_manager/fsl_component_serial_manager.o
 .debug_abbrev  0x0000407b      0x1c5 ./component/serial_manager/fsl_component_serial_port_uart.o
 .debug_abbrev  0x00004240      0x1c6 ./board/board.o
 .debug_abbrev  0x00004406      0x40f ./board/clock_config.o
 .debug_abbrev  0x00004815      0x33c ./board/peripherals.o
 .debug_abbrev  0x00004b51      0x34f ./board/pin_mux.o
 .debug_abbrev  0x00004ea0      0x104 c:/nxp/mcuxpressoide_11.8.1_1197/ide/plugins/com.nxp.mcuxpresso.tools.win32_11.8.1.202308071233/tools/bin/../lib/gcc/arm-none-eabi/12.2.1/../../../../arm-none-eabi/lib/thumb/v6-m/nofp\libcr_newlib_nohost.a(_cr_sbrk.o)
 .debug_abbrev  0x00004fa4       0x6a c:/nxp/mcuxpressoide_11.8.1_1197/ide/plugins/com.nxp.mcuxpresso.tools.win32_11.8.1.202308071233/tools/bin/../lib/gcc/arm-none-eabi/12.2.1/../../../../arm-none-eabi/lib/thumb/v6-m/nofp\libcr_newlib_nohost.a(_cr_check_heap.o)

.debug_loclists
                0x00000000     0xc18b
 .debug_loclists
                0x00000000       0x78 ./utilities/fsl_assert.o
 .debug_loclists
                0x00000078      0x5d1 ./utilities/fsl_debug_console.o
 .debug_loclists
                0x00000649     0x10ed ./utilities/fsl_str.o
 .debug_loclists
                0x00001736      0x149 ./startup/startup_mke16z4.o
 .debug_loclists
                0x0000187f      0x18f ./rbwsPWT/src/rbwsPWT.o
 .debug_loclists
                0x00001a0e      0x191 ./rbwsMotorControl/src/rbwsMotorControl.o
 .debug_loclists
                0x00001b9f      0x12c ./rbwsLidarA1M8/src/rbwsLidarA1M8_main.o
 .debug_loclists
                0x00001ccb      0x1d7 ./rbwsInertialMeasurementUnit/src/rbwsI2C.o
 .debug_loclists
                0x00001ea2      0x1c4 ./rbwsInertialMeasurementUnit/src/rbwsMPU6050.o
 .debug_loclists
                0x00002066       0x86 ./freertos/freertos-kernel/portable/GCC/ARM_CM0/port.o
 .debug_loclists
                0x000020ec     0x1687 ./freertos/freertos-kernel/tasks.o
 .debug_loclists
                0x00003773      0x439 ./drivers/fsl_clock.o
 .debug_loclists
                0x00003bac       0x41 ./drivers/fsl_common_arm.o
 .debug_loclists
                0x00003bed     0x1088 ./drivers/fsl_ftm.o
 .debug_loclists
                0x00004c75     0x20dc ./drivers/fsl_lpi2c.o
 .debug_loclists
                0x00006d51     0x212a ./drivers/fsl_lpspi.o
 .debug_loclists
                0x00008e7b     0x1a83 ./drivers/fsl_lpuart.o
 .debug_loclists
                0x0000a8fe      0x127 ./drivers/fsl_pwt.o
 .debug_loclists
                0x0000aa25       0x34 ./device/system_MKE16Z4.o
 .debug_loclists
                0x0000aa59      0x3eb ./component/uart/fsl_adapter_lpuart.o
 .debug_loclists
                0x0000ae44      0x80a ./component/serial_manager/fsl_component_serial_manager.o
 .debug_loclists
                0x0000b64e      0x1be ./component/serial_manager/fsl_component_serial_port_uart.o
 .debug_loclists
                0x0000b80c       0x57 ./board/board.o
 .debug_loclists
                0x0000b863      0x142 ./board/clock_config.o
 .debug_loclists
                0x0000b9a5       0xde ./board/peripherals.o
 .debug_loclists
                0x0000ba83      0x69d ./board/pin_mux.o
 .debug_loclists
                0x0000c120       0x4b c:/nxp/mcuxpressoide_11.8.1_1197/ide/plugins/com.nxp.mcuxpresso.tools.win32_11.8.1.202308071233/tools/bin/../lib/gcc/arm-none-eabi/12.2.1/../../../../arm-none-eabi/lib/thumb/v6-m/nofp\libcr_newlib_nohost.a(_cr_sbrk.o)
 .debug_loclists
                0x0000c16b       0x20 c:/nxp/mcuxpressoide_11.8.1_1197/ide/plugins/com.nxp.mcuxpresso.tools.win32_11.8.1.202308071233/tools/bin/../lib/gcc/arm-none-eabi/12.2.1/../../../../arm-none-eabi/lib/thumb/v6-m/nofp\libcr_newlib_nohost.a(_cr_check_heap.o)

.debug_aranges  0x00000000      0xe40
 .debug_aranges
                0x00000000       0x20 ./utilities/fsl_assert.o
 .debug_aranges
                0x00000020       0xb8 ./utilities/fsl_debug_console.o
 .debug_aranges
                0x000000d8       0x48 ./utilities/fsl_str.o
 .debug_aranges
                0x00000120      0x160 ./startup/startup_mke16z4.o
 .debug_aranges
                0x00000280       0x20 ./source/Licenta.o
 .debug_aranges
                0x000002a0       0x18 ./source/mtb.o
 .debug_aranges
                0x000002b8       0x20 ./source/semihost_hardfault.o
 .debug_aranges
                0x000002d8       0x38 ./rbwsPWT/src/rbwsPWT.o
 .debug_aranges
                0x00000310       0x50 ./rbwsMotorControl/src/rbwsMotorControl.o
 .debug_aranges
                0x00000360       0x40 ./rbwsLidarA1M8/src/rbwsLidarA1M8_main.o
 .debug_aranges
                0x000003a0       0x30 ./rbwsInertialMeasurementUnit/src/rbwsI2C.o
 .debug_aranges
                0x000003d0       0x88 ./rbwsInertialMeasurementUnit/src/rbwsMPU6050.o
 .debug_aranges
                0x00000458       0x88 ./freertos/freertos-kernel/portable/GCC/ARM_CM0/port.o
 .debug_aranges
                0x000004e0      0x1d0 ./freertos/freertos-kernel/tasks.o
 .debug_aranges
                0x000006b0       0xd0 ./drivers/fsl_clock.o
 .debug_aranges
                0x00000780       0x20 ./drivers/fsl_common_arm.o
 .debug_aranges
                0x000007a0       0xb8 ./drivers/fsl_ftm.o
 .debug_aranges
                0x00000858      0x128 ./drivers/fsl_lpi2c.o
 .debug_aranges
                0x00000980      0x118 ./drivers/fsl_lpspi.o
 .debug_aranges
                0x00000a98      0x110 ./drivers/fsl_lpuart.o
 .debug_aranges
                0x00000ba8       0x38 ./drivers/fsl_pwt.o
 .debug_aranges
                0x00000be0       0x30 ./device/system_MKE16Z4.o
 .debug_aranges
                0x00000c10       0x48 ./component/uart/fsl_adapter_lpuart.o
 .debug_aranges
                0x00000c58       0x70 ./component/serial_manager/fsl_component_serial_manager.o
 .debug_aranges
                0x00000cc8       0x48 ./component/serial_manager/fsl_component_serial_port_uart.o
 .debug_aranges
                0x00000d10       0x20 ./board/board.o
 .debug_aranges
                0x00000d30       0x38 ./board/clock_config.o
 .debug_aranges
                0x00000d68       0x28 ./board/peripherals.o
 .debug_aranges
                0x00000d90       0x70 ./board/pin_mux.o
 .debug_aranges
                0x00000e00       0x20 c:/nxp/mcuxpressoide_11.8.1_1197/ide/plugins/com.nxp.mcuxpresso.tools.win32_11.8.1.202308071233/tools/bin/../lib/gcc/arm-none-eabi/12.2.1/../../../../arm-none-eabi/lib/thumb/v6-m/nofp\libcr_newlib_nohost.a(_cr_sbrk.o)
 .debug_aranges
                0x00000e20       0x20 c:/nxp/mcuxpressoide_11.8.1_1197/ide/plugins/com.nxp.mcuxpresso.tools.win32_11.8.1.202308071233/tools/bin/../lib/gcc/arm-none-eabi/12.2.1/../../../../arm-none-eabi/lib/thumb/v6-m/nofp\libcr_newlib_nohost.a(_cr_check_heap.o)

.debug_rnglists
                0x00000000     0x15a0
 .debug_rnglists
                0x00000000       0x13 ./utilities/fsl_assert.o
 .debug_rnglists
                0x00000013       0x9e ./utilities/fsl_debug_console.o
 .debug_rnglists
                0x000000b1      0x111 ./utilities/fsl_str.o
 .debug_rnglists
                0x000001c2      0x103 ./startup/startup_mke16z4.o
 .debug_rnglists
                0x000002c5       0x13 ./source/Licenta.o
 .debug_rnglists
                0x000002d8       0x13 ./source/semihost_hardfault.o
 .debug_rnglists
                0x000002eb       0x65 ./rbwsPWT/src/rbwsPWT.o
 .debug_rnglists
                0x00000350       0x37 ./rbwsMotorControl/src/rbwsMotorControl.o
 .debug_rnglists
                0x00000387       0x2b ./rbwsLidarA1M8/src/rbwsLidarA1M8_main.o
 .debug_rnglists
                0x000003b2       0x2b ./rbwsInertialMeasurementUnit/src/rbwsI2C.o
 .debug_rnglists