../drivers/fsl_lpuart.c:246:13:LPUART_ReadNonBlocking	16	static
../drivers/fsl_lpuart.c:159:10:LPUART_GetInstance	8	static
../drivers/fsl_lpuart.c:194:8:LPUART_TransferGetRxRingBufferLength	16	static
../drivers/fsl_lpuart.c:215:13:LPUART_TransferIsRxRingBufferFull	8	static
../drivers/fsl_lpuart.c:300:10:LPUART_Init	64	static
../drivers/fsl_lpuart.c:524:6:LPUART_Deinit	8	static
../drivers/fsl_lpuart.c:588:6:LPUART_GetDefaultConfig	8	static
../drivers/fsl_lpuart.c:633:10:LPUART_SetBaudRate	48	static
../drivers/fsl_lpuart.c:733:6:LPUART_Enable9bitMode	8	static
../drivers/fsl_lpuart.c:767:6:LPUART_SendAddress	8	static
../drivers/fsl_lpuart.c:789:6:LPUART_EnableInterrupts	8	static
../drivers/fsl_lpuart.c:831:6:LPUART_DisableInterrupts	8	static
../drivers/fsl_lpuart.c:879:10:LPUART_GetEnabledInterrupts	0	static
../drivers/fsl_lpuart.c:917:10:LPUART_GetStatusFlags	0	static
../drivers/fsl_lpuart.c:1882:6:LPUART_TransferHandleIRQ	32	static
../drivers/fsl_lpuart.c:950:10:LPUART_ClearStatusFlags	8	static
../drivers/fsl_lpuart.c:1000:10:LPUART_WriteBlocking	8	static
../drivers/fsl_lpuart.c:1065:10:LPUART_ReadBlocking	32	static
../drivers/fsl_lpuart.c:1200:6:LPUART_TransferCreateHandle	32	static
../drivers/fsl_lpuart.c:1265:6:LPUART_TransferStartRingBuffer	8	static
../drivers/fsl_lpuart.c:1294:6:LPUART_TransferStopRingBuffer	8	static
../drivers/fsl_lpuart.c:1332:10:LPUART_TransferSendNonBlocking	16	static
../drivers/fsl_lpuart.c:1375:6:LPUART_TransferAbortSend	8	static
../drivers/fsl_lpuart.c:1400:10:LPUART_TransferGetSendCount	16	static
../drivers/fsl_lpuart.c:1458:10:LPUART_TransferReceiveNonBlocking	40	static
../drivers/fsl_lpuart.c:1597:6:LPUART_TransferAbortReceive	8	static
../drivers/fsl_lpuart.c:1628:10:LPUART_TransferGetReceiveCount	8	static
../drivers/fsl_lpuart.c:1940:6:LPUART_TransferHandleErrorIRQ	0	static
../drivers/fsl_lpuart.c:2009:6:LPUART0_DriverIRQHandler	8	static
../drivers/fsl_lpuart.c:2035:6:LPUART1_DriverIRQHandler	8	static
../drivers/fsl_lpuart.c:2060:6:LPUART2_DriverIRQHandler	8	static
