../drivers/fsl_lpspi.h:507:20:LPSPI_Enable	0	static
../drivers/fsl_lpspi.c:2213:17:LPSPI_CombineWriteData	8	static
../drivers/fsl_lpspi.c:2301:13:LPSPI_SeparateReadData	16	static
../drivers/fsl_lpspi.c:1488:13:LPSPI_MasterTransferFillUpTxFifo	32	static
../drivers/fsl_lpspi.c:1959:13:LPSPI_SlaveTransferFillUpTxFifo	32	static
../drivers/fsl_lpspi.c:1556:13:LPSPI_MasterTransferComplete	8	static
../drivers/fsl_lpspi.c:1643:6:LPSPI_MasterTransferHandleIRQ	32	static
../drivers/fsl_lpspi.c:1991:13:LPSPI_SlaveTransferComplete	8	static
../drivers/fsl_lpspi.c:2089:6:LPSPI_SlaveTransferHandleIRQ	32	static
../drivers/fsl_clock.h:594:20:CLOCK_EnableClock.constprop	8	static
../drivers/fsl_lpspi.c:237:10:LPSPI_GetInstance	8	static
../drivers/fsl_lpspi.c:265:6:LPSPI_SetDummyData	8	static
../drivers/fsl_lpspi.c:345:6:LPSPI_MasterGetDefaultConfig	8	static
../drivers/fsl_lpspi.c:377:6:LPSPI_SlaveInit	24	static
../drivers/fsl_lpspi.c:429:6:LPSPI_SlaveGetDefaultConfig	8	static
../drivers/fsl_lpspi.c:454:6:LPSPI_Reset	0	static
../drivers/fsl_lpspi.c:470:6:LPSPI_Deinit	8	static
../drivers/fsl_lpspi.c:523:10:LPSPI_MasterSetBaudRate	64	static
../drivers/fsl_lpspi.c:635:6:LPSPI_MasterSetDelayScaler	8	static
../drivers/fsl_lpspi.c:708:10:LPSPI_MasterSetDelayTimes	56	static
../drivers/fsl_lpspi.c:278:6:LPSPI_MasterInit	40	static
../drivers/fsl_lpspi.c:831:6:LPSPI_MasterTransferCreateHandle	24	static
../drivers/fsl_lpspi.c:858:6:LPSPI_CheckTransferArgument	32	static
../drivers/fsl_lpspi.c:1141:10:LPSPI_MasterTransferBlocking	72	static
../drivers/fsl_lpspi.c:1299:10:LPSPI_MasterTransferNonBlocking	56	static
../drivers/fsl_lpspi.c:1581:10:LPSPI_MasterTransferGetCount	8	static
../drivers/fsl_lpspi.c:1621:6:LPSPI_MasterTransferAbort	8	static
../drivers/fsl_lpspi.c:1780:6:LPSPI_SlaveTransferCreateHandle	24	static
../drivers/fsl_lpspi.c:1816:10:LPSPI_SlaveTransferNonBlocking	40	static
../drivers/fsl_lpspi.c:2027:10:LPSPI_SlaveTransferGetCount	8	static
../drivers/fsl_lpspi.c:2067:6:LPSPI_SlaveTransferAbort	8	static
../drivers/fsl_lpspi.c:2419:6:LPSPI0_DriverIRQHandler	8	static
