../drivers/fsl_lpi2c.c:1896:17:LPI2C_SlaveCheckAndClearError	8	static
../drivers/fsl_lpi2c.c:2313:6:LPI2C_SlaveTransferHandleIRQ	24	static
../drivers/fsl_lpi2c.c:236:17:LPI2C_GetCyclesForWidth	24	static
../drivers/fsl_clock.h:606:20:CLOCK_DisableClock.constprop	8	static
../drivers/fsl_clock.h:594:20:CLOCK_EnableClock.constprop	8	static
../drivers/fsl_lpi2c.c:213:10:LPI2C_GetInstance	8	static
../drivers/fsl_lpi2c.c:278:10:LPI2C_MasterCheckAndClearError	8	static
../drivers/fsl_lpi2c.c:337:17:LPI2C_MasterWaitForTxReady	16	static
../drivers/fsl_lpi2c.c:385:10:LPI2C_CheckForBusyBus	0	static
../drivers/fsl_lpi2c.c:426:6:LPI2C_MasterGetDefaultConfig	8	static
../drivers/fsl_lpi2c.c:560:6:LPI2C_MasterDeinit	8	static
../drivers/fsl_lpi2c.c:585:6:LPI2C_MasterConfigureDataMatch	16	static
../drivers/fsl_lpi2c.c:616:6:LPI2C_MasterSetBaudRate	64	static
../drivers/fsl_lpi2c.c:459:6:LPI2C_MasterInit	40	static
../drivers/fsl_lpi2c.c:755:10:LPI2C_MasterStart	16	static
../drivers/fsl_lpi2c.c:796:10:LPI2C_MasterStop	16	static
../drivers/fsl_lpi2c.c:857:10:LPI2C_MasterReceive	24	static
../drivers/fsl_lpi2c.c:959:10:LPI2C_MasterSend	16	static
../drivers/fsl_lpi2c.c:998:10:LPI2C_MasterTransferBlocking	56	static
../drivers/fsl_lpi2c.c:1127:6:LPI2C_MasterTransferCreateHandle	24	static
../drivers/fsl_lpi2c.c:1524:10:LPI2C_MasterTransferNonBlocking	32	static
../drivers/fsl_lpi2c.c:1590:10:LPI2C_MasterTransferGetCount	16	static
../drivers/fsl_lpi2c.c:1658:6:LPI2C_MasterTransferAbort	0	static
../drivers/fsl_lpi2c.c:1688:6:LPI2C_MasterTransferHandleIRQ	56	static
../drivers/fsl_lpi2c.c:1758:6:LPI2C_SlaveGetDefaultConfig	8	static
../drivers/fsl_lpi2c.c:1797:6:LPI2C_SlaveInit	48	static
../drivers/fsl_lpi2c.c:1869:6:LPI2C_SlaveDeinit	8	static
../drivers/fsl_lpi2c.c:1940:10:LPI2C_SlaveSend	40	static
../drivers/fsl_lpi2c.c:2031:10:LPI2C_SlaveReceive	40	static
../drivers/fsl_lpi2c.c:2129:6:LPI2C_SlaveTransferCreateHandle	24	static
../drivers/fsl_lpi2c.c:2186:10:LPI2C_SlaveTransferNonBlocking	32	static
../drivers/fsl_lpi2c.c:2250:10:LPI2C_SlaveTransferGetCount	8	static
../drivers/fsl_lpi2c.c:2285:6:LPI2C_SlaveTransferAbort	8	static
../drivers/fsl_lpi2c.c:2493:6:LPI2C0_DriverIRQHandler	8	static
