../drivers/fsl_clock.c:61:10:CLOCK_GetErClkFreq	8	static
../drivers/fsl_clock.c:347:10:CLOCK_DeinitSysOsc	8	static
../drivers/fsl_clock.c:276:10:CLOCK_InitSysOsc	16	static
../drivers/fsl_clock.c:377:10:CLOCK_GetSysOscFreq	8	static
../drivers/fsl_clock.c:401:10:CLOCK_GetSysOscAsyncFreq	8	static
../drivers/fsl_clock.c:487:10:CLOCK_DeinitSirc	12	static
../drivers/fsl_clock.c:446:10:CLOCK_InitSirc	16	static
../drivers/fsl_clock.c:516:10:CLOCK_GetSircFreq	0	static
../drivers/fsl_clock.c:539:10:CLOCK_GetSircAsyncFreq	8	static
../drivers/fsl_clock.c:648:10:CLOCK_DeinitFirc	12	static
../drivers/fsl_clock.c:583:10:CLOCK_InitFirc	16	static
../drivers/fsl_clock.c:676:10:CLOCK_GetFircFreq	0	static
../drivers/fsl_clock.c:702:10:CLOCK_GetFircAsyncFreq	8	static
../drivers/fsl_clock.c:818:10:CLOCK_DeinitLpFll	12	static
../drivers/fsl_clock.c:746:10:CLOCK_InitLpFll	24	static
../drivers/fsl_clock.c:847:10:CLOCK_GetLpFllFreq	0	static
../drivers/fsl_clock.c:221:10:CLOCK_GetSysClkFreq	16	static
../drivers/fsl_clock.c:90:10:CLOCK_GetBusClkFreq	8	static
../drivers/fsl_clock.c:80:10:CLOCK_GetFlashClkFreq	8	static
../drivers/fsl_clock.c:100:10:CLOCK_GetCoreSysClkFreq	8	static
../drivers/fsl_clock.c:873:10:CLOCK_GetLpFllAsyncFreq	8	static
../drivers/fsl_clock.c:114:10:CLOCK_GetFreq	8	static
../drivers/fsl_clock.c:179:10:CLOCK_GetIpFreq	8	static
