../drivers/fsl_ftm.h:903:20:FTM_SetDeadTimeEnable	0	static
../drivers/fsl_ftm.h:922:20:FTM_SetComplementaryEnable	0	static
../drivers/fsl_ftm.c:72:17:FTM_GetInstance	8	static
../drivers/fsl_ftm.c:235:10:FTM_Init	40	static
../drivers/fsl_ftm.c:337:6:FTM_Deinit	8	static
../drivers/fsl_ftm.c:370:6:FTM_GetDefaultConfig	8	static
../drivers/fsl_ftm.c:423:10:FTM_SetupPwm	48	static
../drivers/fsl_ftm.c:594:10:FTM_UpdatePwmDutycycle	32	static
../drivers/fsl_ftm.c:663:6:FTM_UpdateChnlEdgeLevelSelect	0	static
../drivers/fsl_ftm.c:690:10:FTM_SetupPwmMode	48	static
../drivers/fsl_ftm.c:837:6:FTM_SetupInputCapture	20	static
../drivers/fsl_ftm.c:886:6:FTM_SetupOutputCompare	20	static
../drivers/fsl_ftm.c:933:6:FTM_SetupDualEdgeCapture	32	static
../drivers/fsl_ftm.c:984:6:FTM_SetupQuadDecode	32	static
../drivers/fsl_ftm.c:1034:6:FTM_SetupFaultInput	8	static
../drivers/fsl_ftm.c:1083:6:FTM_EnableInterrupts	16	static
../drivers/fsl_ftm.c:1139:6:FTM_DisableInterrupts	16	static
../drivers/fsl_ftm.c:1195:10:FTM_GetEnabledInterrupts	16	static
../drivers/fsl_ftm.c:1255:10:FTM_GetStatusFlags	0	static
../drivers/fsl_ftm.c:1307:6:FTM_ClearStatusFlags	0	static
