Archive member included to satisfy reference by file (symbol)

c:/nxp/mcuxpressoide_11.8.1_1197/ide/plugins/com.nxp.mcuxpresso.tools.win32_11.8.1.202308071233/tools/bin/../lib/gcc/arm-none-eabi/12.2.1/thumb/v6-m/nofp\libgcc.a(_thumb1_case_sqi.o)
                              ./utilities/fsl_str.o (__gnu_thumb1_case_sqi)
c:/nxp/mcuxpressoide_11.8.1_1197/ide/plugins/com.nxp.mcuxpresso.tools.win32_11.8.1.202308071233/tools/bin/../lib/gcc/arm-none-eabi/12.2.1/thumb/v6-m/nofp\libgcc.a(_thumb1_case_uqi.o)
                              ./freertos/freertos-kernel/tasks.o (__gnu_thumb1_case_uqi)
c:/nxp/mcuxpressoide_11.8.1_1197/ide/plugins/com.nxp.mcuxpresso.tools.win32_11.8.1.202308071233/tools/bin/../lib/gcc/arm-none-eabi/12.2.1/thumb/v6-m/nofp\libgcc.a(_udivsi3.o)
                              ./freertos/freertos-kernel/portable/GCC/ARM_CM0/port.o (__aeabi_uidiv)
c:/nxp/mcuxpressoide_11.8.1_1197/ide/plugins/com.nxp.mcuxpresso.tools.win32_11.8.1.202308071233/tools/bin/../lib/gcc/arm-none-eabi/12.2.1/thumb/v6-m/nofp\libgcc.a(_divsi3.o)
                              ./utilities/fsl_str.o (__aeabi_idiv)
c:/nxp/mcuxpressoide_11.8.1_1197/ide/plugins/com.nxp.mcuxpresso.tools.win32_11.8.1.202308071233/tools/bin/../lib/gcc/arm-none-eabi/12.2.1/thumb/v6-m/nofp\libgcc.a(_dvmd_tls.o)
                              c:/nxp/mcuxpressoide_11.8.1_1197/ide/plugins/com.nxp.mcuxpresso.tools.win32_11.8.1.202308071233/tools/bin/../lib/gcc/arm-none-eabi/12.2.1/thumb/v6-m/nofp\libgcc.a(_udivsi3.o) (__aeabi_idiv0)
c:/nxp/mcuxpressoide_11.8.1_1197/ide/plugins/com.nxp.mcuxpresso.tools.win32_11.8.1.202308071233/tools/bin/../lib/gcc/arm-none-eabi/12.2.1/thumb/v6-m/nofp\libgcc.a(_arm_cmpdf2.o)
                              ./utilities/fsl_str.o (__aeabi_dcmpeq)
c:/nxp/mcuxpressoide_11.8.1_1197/ide/plugins/com.nxp.mcuxpresso.tools.win32_11.8.1.202308071233/tools/bin/../lib/gcc/arm-none-eabi/12.2.1/thumb/v6-m/nofp\libgcc.a(_aeabi_ldivmod.o)
                              ./rbwsPWT/src/rbwsPWT.o (__aeabi_ldivmod)
c:/nxp/mcuxpressoide_11.8.1_1197/ide/plugins/com.nxp.mcuxpresso.tools.win32_11.8.1.202308071233/tools/bin/../lib/gcc/arm-none-eabi/12.2.1/thumb/v6-m/nofp\libgcc.a(_aeabi_uldivmod.o)
                              ./rbwsPWT/src/rbwsPWT.o (__aeabi_uldivmod)
c:/nxp/mcuxpressoide_11.8.1_1197/ide/plugins/com.nxp.mcuxpresso.tools.win32_11.8.1.202308071233/tools/bin/../lib/gcc/arm-none-eabi/12.2.1/thumb/v6-m/nofp\libgcc.a(_muldi3.o)
                              ./rbwsPWT/src/rbwsPWT.o (__aeabi_lmul)
c:/nxp/mcuxpressoide_11.8.1_1197/ide/plugins/com.nxp.mcuxpresso.tools.win32_11.8.1.202308071233/tools/bin/../lib/gcc/arm-none-eabi/12.2.1/thumb/v6-m/nofp\libgcc.a(_fixunsdfsi.o)
                              ./rbwsPWT/src/rbwsPWT.o (__aeabi_d2uiz)
c:/nxp/mcuxpressoide_11.8.1_1197/ide/plugins/com.nxp.mcuxpresso.tools.win32_11.8.1.202308071233/tools/bin/../lib/gcc/arm-none-eabi/12.2.1/thumb/v6-m/nofp\libgcc.a(_fixdfdi.o)
                              ./utilities/fsl_str.o (__aeabi_d2lz)
c:/nxp/mcuxpressoide_11.8.1_1197/ide/plugins/com.nxp.mcuxpresso.tools.win32_11.8.1.202308071233/tools/bin/../lib/gcc/arm-none-eabi/12.2.1/thumb/v6-m/nofp\libgcc.a(_fixunsdfdi.o)
                              c:/nxp/mcuxpressoide_11.8.1_1197/ide/plugins/com.nxp.mcuxpresso.tools.win32_11.8.1.202308071233/tools/bin/../lib/gcc/arm-none-eabi/12.2.1/thumb/v6-m/nofp\libgcc.a(_fixdfdi.o) (__aeabi_d2ulz)
c:/nxp/mcuxpressoide_11.8.1_1197/ide/plugins/com.nxp.mcuxpresso.tools.win32_11.8.1.202308071233/tools/bin/../lib/gcc/arm-none-eabi/12.2.1/thumb/v6-m/nofp\libgcc.a(_floatdidf.o)
                              ./utilities/fsl_str.o (__aeabi_l2d)
c:/nxp/mcuxpressoide_11.8.1_1197/ide/plugins/com.nxp.mcuxpresso.tools.win32_11.8.1.202308071233/tools/bin/../lib/gcc/arm-none-eabi/12.2.1/thumb/v6-m/nofp\libgcc.a(_floatundidf.o)
                              ./rbwsPWT/src/rbwsPWT.o (__aeabi_ul2d)
c:/nxp/mcuxpressoide_11.8.1_1197/ide/plugins/com.nxp.mcuxpresso.tools.win32_11.8.1.202308071233/tools/bin/../lib/gcc/arm-none-eabi/12.2.1/thumb/v6-m/nofp\libgcc.a(_udivmoddi4.o)
                              c:/nxp/mcuxpressoide_11.8.1_1197/ide/plugins/com.nxp.mcuxpresso.tools.win32_11.8.1.202308071233/tools/bin/../lib/gcc/arm-none-eabi/12.2.1/thumb/v6-m/nofp\libgcc.a(_aeabi_uldivmod.o) (__udivmoddi4)
c:/nxp/mcuxpressoide_11.8.1_1197/ide/plugins/com.nxp.mcuxpresso.tools.win32_11.8.1.202308071233/tools/bin/../lib/gcc/arm-none-eabi/12.2.1/thumb/v6-m/nofp\libgcc.a(bpabi.o)
                              c:/nxp/mcuxpressoide_11.8.1_1197/ide/plugins/com.nxp.mcuxpresso.tools.win32_11.8.1.202308071233/tools/bin/../lib/gcc/arm-none-eabi/12.2.1/thumb/v6-m/nofp\libgcc.a(_aeabi_ldivmod.o) (__gnu_ldivmod_helper)
c:/nxp/mcuxpressoide_11.8.1_1197/ide/plugins/com.nxp.mcuxpresso.tools.win32_11.8.1.202308071233/tools/bin/../lib/gcc/arm-none-eabi/12.2.1/thumb/v6-m/nofp\libgcc.a(addsf3.o)
                              ./rbwsKalmanFilter/src/rbwsKalmanFilter.o (__aeabi_fadd)
[...]
Memory Configuration

Name             Origin             Length             Attributes
PROGRAM_FLASH    0x00000000         0x00010000         xr
SRAM             0x1ffff800         0x00002000         xrw
*default*        0x00000000         0xffffffff

Linker script and memory map

LOAD ./utilities/fsl_assert.o
LOAD ./utilities/fsl_debug_console.o
LOAD ./utilities/fsl_str.o
LOAD ./startup/startup_mke16z4.o
LOAD ./source/Licenta.o
LOAD ./source/mtb.o
LOAD ./source/semihost_hardfault.o
LOAD ./rbwsPWT/src/rbwsPWT.o
LOAD ./rbwsMotorControl/src/rbwsMotorControl.o
LOAD ./rbwsLidarA1M8/src/rbwsLidarA1M8_main.o
LOAD ./rbwsKalmanFilter/src/rbwsKalmanFilter.o
LOAD ./rbwsKalmanFilter/src/rbwsKalmanFilter_Matrix_Operations.o
LOAD ./rbwsInertialMeasurementUnit/src/rbwsI2C.o
LOAD ./rbwsInertialMeasurementUnit/src/rbwsMPU6050.o
LOAD ./rbwsFreeRTOS/src/rbwsFreeRTOS.o
LOAD ./freertos/freertos-kernel/portable/MemMang/heap_4.o
LOAD ./freertos/freertos-kernel/portable/GCC/ARM_CM0/port.o
LOAD ./freertos/freertos-kernel/croutine.o
LOAD ./freertos/freertos-kernel/event_groups.o
LOAD ./freertos/freertos-kernel/list.o
LOAD ./freertos/freertos-kernel/queue.o
LOAD ./freertos/freertos-kernel/stream_buffer.o
LOAD ./freertos/freertos-kernel/tasks.o
LOAD ./freertos/freertos-kernel/timers.o
LOAD ./drivers/freertos/fsl_lpuart_freertos.o
LOAD ./drivers/fsl_adc12.o
LOAD ./drivers/fsl_clock.o
LOAD ./drivers/fsl_common.o
LOAD ./drivers/fsl_common_arm.o
LOAD ./drivers/fsl_ftm.o
LOAD ./drivers/fsl_gpio.o
LOAD ./drivers/fsl_lpi2c.o
LOAD ./drivers/fsl_lpspi.o
LOAD ./drivers/fsl_lpuart.o
LOAD ./drivers/fsl_pwt.o
LOAD ./drivers/fsl_smc.o
LOAD ./device/system_MKE16Z4.o
LOAD ./component/uart/fsl_adapter_lpuart.o
LOAD ./component/serial_manager/fsl_component_serial_manager.o
LOAD ./component/serial_manager/fsl_component_serial_port_uart.o
LOAD ./component/lists/fsl_component_generic_list.o
LOAD ./board/board.o
LOAD ./board/clock_config.o
LOAD ./board/peripherals.o
LOAD ./board/pin_mux.o
START GROUP
LOAD c:/nxp/mcuxpressoide_11.8.1_1197/ide/plugins/com.nxp.mcuxpresso.tools.win32_11.8.1.202308071233/tools/bin/../lib/gcc/arm-none-eabi/12.2.1/thumb/v6-m/nofp\libgcc.a
LOAD c:/nxp/mcuxpressoide_11.8.1_1197/ide/plugins/com.nxp.mcuxpresso.tools.win32_11.8.1.202308071233/tools/bin/../lib/gcc/arm-none-eabi/12.2.1/thumb/v6-m/nofp\libc_nano.a
LOAD c:/nxp/mcuxpressoide_11.8.1_1197/ide/plugins/com.nxp.mcuxpresso.tools.win32_11.8.1.202308071233/tools/bin/../lib/gcc/arm-none-eabi/12.2.1/thumb/v6-m/nofp\libm.a
LOAD c:/nxp/mcuxpressoide_11.8.1_1197/ide/plugins/com.nxp.mcuxpresso.tools.win32_11.8.1.202308071233/tools/bin/../lib/gcc/arm-none-eabi/12.2.1/../../../../arm-none-eabi/lib/thumb/v6-m/nofp\libcr_newlib_nohost.a
END GROUP
                0x00000000                __base_PROGRAM_FLASH = 0x0
                0x00000000                __base_Flash = 0x0
                0x00010000                __top_PROGRAM_FLASH = 0x10000
                0x00010000                __top_Flash = 0x10000
                0x1ffff800                __base_SRAM = 0x1ffff800
                0x1ffff800                __base_RAM = 0x1ffff800
                0x20001800                __top_SRAM = 0x20001800
                0x20001800                __top_RAM = 0x20001800

.text           0x00000000     0xaa1c
 FILL mask 0xff
                0x00000000                __vectors_start__ = ABSOLUTE (.)
 *(SORT_BY_ALIGNMENT(.isr_vector))
 .isr_vector    0x00000000       0xc0 ./startup/startup_mke16z4.o
                0x00000000                g_pfnVectors
                0x00000000                __Vectors
                0x000000c0                . = ALIGN (0x4)
                0x000000c0                __section_table_start = .
                0x000000c0                __data_section_table = .
                0x000000c0        0x4 LONG 0xaa24 LOADADDR (.data)
                0x000000c4        0x4 LONG 0x1ffff880 ADDR (.data)
                0x000000c8        0x4 LONG 0x1ec SIZEOF (.data)
                0x000000cc                __data_section_table_end = .
                0x000000cc                __bss_section_table = .
                0x000000cc        0x4 LONG 0x1ffffa6c ADDR (.bss)
                0x000000d0        0x4 LONG 0x2b4 SIZEOF (.bss)
                0x000000d4                __bss_section_table_end = .
                0x000000d4                __section_table_end = .
 *(SORT_BY_ALIGNMENT(.after_vectors*))
 .after_vectors.reset
                0x000000d4       0x4c ./startup/startup_mke16z4.o
                0x000000d4                ResetISR
 .after_vectors
                0x00000120      0x10c ./startup/startup_mke16z4.o
                0x00000120                NMI_Handler
                0x0000012a                Reserved39_DriverIRQHandler
                0x0000012a                Reserved37_DriverIRQHandler
                0x0000012a                PDB0_DriverIRQHandler
                0x0000012a                PORTAE_DriverIRQHandler
                0x0000012a                FTM1_DriverIRQHandler
                0x0000012a                WDOG_EWM_DriverIRQHandler
                0x0000012a                MSCAN_DriverIRQHandler
                0x0000012a                Reserved18_DriverIRQHandler
                0x0000012a                PWT_LPTMR0_DriverIRQHandler
                0x0000012a                CMP0_DriverIRQHandler
                0x0000012a                PORTBCD_DriverIRQHandler
                0x0000012a                Reserved19_DriverIRQHandler
                0x0000012a                ADC0_DriverIRQHandler
                0x0000012a                Reserved17_DriverIRQHandler
                0x0000012a                Reserved27_DriverIRQHandler
                0x0000012a                TSI_DriverIRQHandler
                0x0000012a                FTFA_DriverIRQHandler
                0x0000012a                FTM0_DriverIRQHandler
                0x0000012a                IntDefaultHandler
                0x0000012a                RTC_DriverIRQHandler
                0x0000012a                SCG_RCM_DriverIRQHandler
                0x0000012a                Reserved35_DriverIRQHandler
                0x0000012a                LVD_LVW_DriverIRQHandler
                0x0000012a                Reserved20_DriverIRQHandler
                0x0000012a                LPIT0_DriverIRQHandler
                0x0000012a                Reserved16_DriverIRQHandler
                0x0000012a                Reserved25_DriverIRQHandler
                0x0000012c                Reserved16_IRQHandler
                0x00000134                Reserved17_IRQHandler
                0x0000013c                Reserved18_IRQHandler
                0x00000144                Reserved19_IRQHandler
                0x0000014c                Reserved20_IRQHandler
                0x00000154                FTFA_IRQHandler
                0x0000015c                LVD_LVW_IRQHandler
                0x00000164                PORTAE_IRQHandler
                0x0000016c                LPI2C0_IRQHandler
                0x00000174                Reserved25_IRQHandler
                0x0000017c                LPSPI0_IRQHandler
                0x00000184                Reserved27_IRQHandler
                0x0000018c                LPUART0_IRQHandler
                0x00000194                LPUART1_IRQHandler
                0x0000019c                LPUART2_IRQHandler
                0x000001a4                ADC0_IRQHandler
                0x000001ac                CMP0_IRQHandler
                0x000001b4                FTM0_IRQHandler
                0x000001bc                FTM1_IRQHandler
                0x000001c4                Reserved35_IRQHandler
                0x000001cc                RTC_IRQHandler
                0x000001d4                Reserved37_IRQHandler
                0x000001dc                LPIT0_IRQHandler
                0x000001e4                Reserved39_IRQHandler
                0x000001ec                TSI_IRQHandler
                0x000001f4                PDB0_IRQHandler
                0x000001fc                PORTBCD_IRQHandler
                0x00000204                SCG_RCM_IRQHandler
                0x0000020c                WDOG_EWM_IRQHandler
                0x0000021c                MSCAN_Rx_IRQHandler
                0x00000224                MSCAN_ORed_IRQHandler
 .after_vectors.init_data
                0x0000022c       0x12 ./startup/startup_mke16z4.o
                0x0000022c                data_init
 .after_vectors.init_bss
                0x0000023e       0x10 ./startup/startup_mke16z4.o
                0x0000023e                bss_init
                0x00000400                . = 0x400
 *fill*         0x0000024e      0x1b2 ff
                0x00000400                PROVIDE (__FLASH_CONFIG_START__ = .)
 *(SORT_BY_ALIGNMENT(.FlashConfig))
 .FlashConfig   0x00000400       0x10 ./startup/startup_mke16z4.o
                0x00000400                Flash_Config
                0x00000410                PROVIDE (__FLASH_CONFIG_END__ = .)
                0x00000001                ASSERT (! ((__FLASH_CONFIG_START__ == __FLASH_CONFIG_END__)), Linker Flash Config Support Enabled, but no .FlashConfig section provided within application)
 *(SORT_BY_ALIGNMENT(.text*))
 .text.PendSV_Handler
                0x00000410       0x44 ./freertos/freertos-kernel/portable/GCC/ARM_CM0/port.o
                0x00000410                PendSV_Handler
 .text.__assert_func
                0x00000454       0x1c ./utilities/fsl_assert.o
                0x00000454                __assert_func
 .text.DbgConsole_SendDataReliable
                0x00000470       0x38 ./utilities/fsl_debug_console.o
                0x00000470                DbgConsole_SendDataReliable
 .text.DbgConsole_Init
                0x000004a8       0xa4 ./utilities/fsl_debug_console.o
                0x000004a8                DbgConsole_Init
 .text.DbgConsole_Vprintf
                0x0000054c       0x40 ./utilities/fsl_debug_console.o
                0x0000054c                DbgConsole_Vprintf
 .text.StrFormatPrintf
                0x0000058c      0x354 ./utilities/fsl_str.o
                0x0000058c                StrFormatPrintf
 .text.HardFault_Handler
                0x000008e0       0x38 ./source/semihost_hardfault.o
                0x000008e0                HardFault_Handler
 .text.PWT_LPTMR0_IRQHandler
                0x00000918       0x38 ./rbwsPWT/src/rbwsPWT.o
                0x00000918                PWT_LPTMR0_IRQHandler
 .text.rbwsPWT_init
                0x00000950       0x38 ./rbwsPWT/src/rbwsPWT.o
                0x00000950                rbwsPWT_init
 .text.rbwsPWT_readPulse
                0x00000988      0x1a0 ./rbwsPWT/src/rbwsPWT.o
                0x00000988                rbwsPWT_readPulse
 .text.rbwsPWT_main
                0x00000b28       0x48 ./rbwsPWT/src/rbwsPWT.o
                0x00000b28                rbwsPWT_main
 .text.delay    0x00000b70       0x14 ./rbwsMotorControl/src/rbwsMotorControl.o
                0x00000b70                delay
 .text.rbwsMotorControl_Generate_PWM
                0x00000b84       0x64 ./rbwsMotorControl/src/rbwsMotorControl.o
                0x00000b84                rbwsMotorControl_Generate_PWM
 .text.rbwsMotorControl_Set_LiDAR_Motor_DutyCycle
                0x00000be8       0x28 ./rbwsMotorControl/src/rbwsMotorControl.o
                0x00000be8                rbwsMotorControl_Set_LiDAR_Motor_DutyCycle
 .text.rbwsMotorControl_Set_Motor_DutyCycle
                0x00000c10       0x28 ./rbwsMotorControl/src/rbwsMotorControl.o
                0x00000c10                rbwsMotorControl_Set_Motor_DutyCycle
 .text.rbwsMotorControl_Set_Servo_DutyCycle
                0x00000c38       0x28 ./rbwsMotorControl/src/rbwsMotorControl.o
                0x00000c38                rbwsMotorControl_Set_Servo_DutyCycle
 .text.rbwsMotorControl_initESC
                0x00000c60       0x14 ./rbwsMotorControl/src/rbwsMotorControl.o
                0x00000c60                rbwsMotorControl_initESC
 .text.rbwsLidarA1M8_sendCommandAndGetResponse
                0x00000c74       0x94 ./rbwsLidarA1M8/src/rbwsLidarA1M8_main.o
                0x00000c74                rbwsLidarA1M8_sendCommandAndGetResponse
 .text.rbwsLidarA1M8_init
                0x00000d08       0x50 ./rbwsLidarA1M8/src/rbwsLidarA1M8_main.o
                0x00000d08                rbwsLidarA1M8_init
 .text.rbwsLidarA1M8_main
                0x00000d58       0x40 ./rbwsLidarA1M8/src/rbwsLidarA1M8_main.o
                0x00000d58                rbwsLidarA1M8_main
 .text.rbwsI2C_Write
                0x00000d98       0x70 ./rbwsInertialMeasurementUnit/src/rbwsI2C.o
                0x00000d98                rbwsI2C_Write
 .text.rbwsI2C_Read
                0x00000e08       0x5c ./rbwsInertialMeasurementUnit/src/rbwsI2C.o
                0x00000e08                rbwsI2C_Read
 .text.rbwsMPU6050_Config
                0x00000e64       0x58 ./rbwsInertialMeasurementUnit/src/rbwsMPU6050.o
                0x00000e64                rbwsMPU6050_Config
 .text.rbwsMPU6050_init
                0x00000ebc       0x38 ./rbwsInertialMeasurementUnit/src/rbwsMPU6050.o
                0x00000ebc                rbwsMPU6050_init
 .text.rbwsMPU6050_ReadMeasurements
                0x00000ef4       0x60 ./rbwsInertialMeasurementUnit/src/rbwsMPU6050.o
                0x00000ef4                rbwsMPU6050_ReadMeasurements
 .text.rbwsMPU6050_main
                0x00000f54      0x248 ./rbwsInertialMeasurementUnit/src/rbwsMPU6050.o
                0x00000f54                rbwsMPU6050_main
 .text.SysTick_Handler
                0x0000119c       0x24 ./freertos/freertos-kernel/portable/GCC/ARM_CM0/port.o
                0x0000119c                SysTick_Handler
 .text.prvResetNextTaskUnblockTime
                0x000011c0       0x24 ./freertos/freertos-kernel/tasks.o
 .text.xTaskIncrementTick
                0x000011e4      0x144 ./freertos/freertos-kernel/tasks.o
                0x000011e4                xTaskIncrementTick
 .text.vTaskSwitchContext
                0x00001328       0x6c ./freertos/freertos-kernel/tasks.o
                0x00001328                vTaskSwitchContext
 .text.CLOCK_GetErClkFreq
                0x00001394       0x3c ./drivers/fsl_clock.o
                0x00001394                CLOCK_GetErClkFreq
 .text.CLOCK_DeinitSysOsc
                0x000013d0       0x30 ./drivers/fsl_clock.o
                0x000013d0                CLOCK_DeinitSysOsc
 .text.CLOCK_InitSysOsc
                0x00001400       0xa8 ./drivers/fsl_clock.o
                0x00001400                CLOCK_InitSysOsc
 .text.CLOCK_GetSysOscFreq
                0x000014a8       0x40 ./drivers/fsl_clock.o
                0x000014a8                CLOCK_GetSysOscFreq
 .text.CLOCK_GetSysOscAsyncFreq
                0x000014e8       0x2c ./drivers/fsl_clock.o
                0x000014e8                CLOCK_GetSysOscAsyncFreq
 .text.CLOCK_DeinitSirc
                0x00001514       0x30 ./drivers/fsl_clock.o
                0x00001514                CLOCK_DeinitSirc
 .text.CLOCK_InitSirc
                0x00001544       0x60 ./drivers/fsl_clock.o
                0x00001544                CLOCK_InitSirc
 .text.CLOCK_GetSircFreq
                0x000015a4       0x30 ./drivers/fsl_clock.o
                0x000015a4                CLOCK_GetSircFreq
 .text.CLOCK_GetSircAsyncFreq
                0x000015d4       0x30 ./drivers/fsl_clock.o
                0x000015d4                CLOCK_GetSircAsyncFreq
 .text.CLOCK_DeinitFirc
                0x00001604       0x34 ./drivers/fsl_clock.o
                0x00001604                CLOCK_DeinitFirc
 .text.CLOCK_InitFirc
                0x00001638       0xb0 ./drivers/fsl_clock.o
                0x00001638                CLOCK_InitFirc
 .text.CLOCK_GetFircFreq
                0x000016e8       0x28 ./drivers/fsl_clock.o
                0x000016e8                CLOCK_GetFircFreq
 .text.CLOCK_GetFircAsyncFreq
                0x00001710       0x30 ./drivers/fsl_clock.o
                0x00001710                CLOCK_GetFircAsyncFreq
 .text.CLOCK_DeinitLpFll
                0x00001740       0x34 ./drivers/fsl_clock.o
                0x00001740                CLOCK_DeinitLpFll
 .text.CLOCK_InitLpFll
                0x00001774       0xd0 ./drivers/fsl_clock.o
                0x00001774                CLOCK_InitLpFll
 .text.CLOCK_GetLpFllFreq
                0x00001844       0x28 ./drivers/fsl_clock.o
                0x00001844                CLOCK_GetLpFllFreq
 .text.CLOCK_GetSysClkFreq
                0x0000186c       0x54 ./drivers/fsl_clock.o
                0x0000186c                CLOCK_GetSysClkFreq
 .text.CLOCK_GetLpFllAsyncFreq
                0x000018c0       0x34 ./drivers/fsl_clock.o
                0x000018c0                CLOCK_GetLpFllAsyncFreq
 .text.CLOCK_GetIpFreq
                0x000018f4       0x58 ./drivers/fsl_clock.o
                0x000018f4                CLOCK_GetIpFreq
 .text.SDK_DelayAtLeastUs
                0x0000194c       0x48 ./drivers/fsl_common_arm.o
                0x0000194c                SDK_DelayAtLeastUs
 .text.FTM_GetInstance
                0x00001994       0x38 ./drivers/fsl_ftm.o
 .text.FTM_Init
                0x000019cc      0x250 ./drivers/fsl_ftm.o
                0x000019cc                FTM_Init
 .text.FTM_UpdatePwmDutycycle
                0x00001c1c       0xac ./drivers/fsl_ftm.o
                0x00001c1c                FTM_UpdatePwmDutycycle
 .text.FTM_SetupPwmMode
                0x00001cc8      0x1a8 ./drivers/fsl_ftm.o
                0x00001cc8                FTM_SetupPwmMode
 .text.LPI2C_GetCyclesForWidth
                0x00001e70       0x6c ./drivers/fsl_lpi2c.o
 .text.CLOCK_EnableClock.constprop.0
                0x00001edc       0x34 ./drivers/fsl_lpi2c.o
 .text.LPI2C_GetInstance
                0x00001f10       0x28 ./drivers/fsl_lpi2c.o
                0x00001f10                LPI2C_GetInstance
 .text.LPI2C_MasterCheckAndClearError
                0x00001f38       0x50 ./drivers/fsl_lpi2c.o
                0x00001f38                LPI2C_MasterCheckAndClearError
 .text.LPI2C_MasterSetBaudRate
                0x00001f88      0x19c ./drivers/fsl_lpi2c.o
                0x00001f88                LPI2C_MasterSetBaudRate
 .text.LPI2C_MasterInit
                0x00002124      0x128 ./drivers/fsl_lpi2c.o
                0x00002124                LPI2C_MasterInit
 .text.LPI2C_MasterStart
                0x0000224c       0x3c ./drivers/fsl_lpi2c.o
                0x0000224c                LPI2C_MasterStart
 .text.LPI2C_MasterStop
                0x00002288       0x34 ./drivers/fsl_lpi2c.o
                0x00002288                LPI2C_MasterStop
 .text.LPI2C_MasterReceive
                0x000022bc       0x88 ./drivers/fsl_lpi2c.o
                0x000022bc                LPI2C_MasterReceive
 .text.LPI2C_MasterSend
                0x00002344       0x40 ./drivers/fsl_lpi2c.o
                0x00002344                LPI2C_MasterSend
 .text.LPI2C0_DriverIRQHandler
                0x00002384       0x4c ./drivers/fsl_lpi2c.o
                0x00002384                LPI2C0_DriverIRQHandler
 .text.CLOCK_EnableClock.constprop.0
                0x000023d0       0x34 ./drivers/fsl_lpspi.o
 .text.LPSPI_GetInstance
                0x00002404       0x28 ./drivers/fsl_lpspi.o
                0x00002404                LPSPI_GetInstance
 .text.LPSPI_SetDummyData
                0x0000242c       0x14 ./drivers/fsl_lpspi.o
                0x0000242c                LPSPI_SetDummyData
 .text.LPSPI_MasterSetBaudRate
                0x00002440       0xd4 ./drivers/fsl_lpspi.o
                0x00002440                LPSPI_MasterSetBaudRate
 .text.LPSPI_MasterSetDelayScaler
                0x00002514       0x5c ./drivers/fsl_lpspi.o
                0x00002514                LPSPI_MasterSetDelayScaler
 .text.LPSPI_MasterSetDelayTimes
                0x00002570      0x118 ./drivers/fsl_lpspi.o
                0x00002570                LPSPI_MasterSetDelayTimes
 .text.LPSPI_MasterInit
                0x00002688      0x110 ./drivers/fsl_lpspi.o
                0x00002688                LPSPI_MasterInit
 .text.LPSPI0_DriverIRQHandler
                0x00002798       0x4c ./drivers/fsl_lpspi.o
                0x00002798                LPSPI0_DriverIRQHandler
 .text.LPUART_ReadNonBlocking
                0x000027e4       0x4c ./drivers/fsl_lpuart.o
 .text.LPUART_GetInstance
                0x00002830       0x44 ./drivers/fsl_lpuart.o
                0x00002830                LPUART_GetInstance
 .text.LPUART_TransferGetRxRingBufferLength
                0x00002874       0x34 ./drivers/fsl_lpuart.o
                0x00002874                LPUART_TransferGetRxRingBufferLength
 .text.LPUART_TransferIsRxRingBufferFull
                0x000028a8       0x30 ./drivers/fsl_lpuart.o
 .text.LPUART_Init
                0x000028d8      0x26c ./drivers/fsl_lpuart.o
                0x000028d8                LPUART_Init
 .text.LPUART_GetDefaultConfig
                0x00002b44       0x3c ./drivers/fsl_lpuart.o
                0x00002b44                LPUART_GetDefaultConfig
 .text.LPUART_GetEnabledInterrupts
                0x00002b80       0x34 ./drivers/fsl_lpuart.o
                0x00002b80                LPUART_GetEnabledInterrupts
 .text.LPUART_GetStatusFlags
                0x00002bb4       0x18 ./drivers/fsl_lpuart.o
                0x00002bb4                LPUART_GetStatusFlags
 .text.LPUART_TransferHandleIRQ
                0x00002bcc      0x2e4 ./drivers/fsl_lpuart.o
                0x00002bcc                LPUART_TransferHandleIRQ
 .text.LPUART_ClearStatusFlags
                0x00002eb0       0x50 ./drivers/fsl_lpuart.o
                0x00002eb0                LPUART_ClearStatusFlags
 .text.LPUART_WriteBlocking
                0x00002f00       0x48 ./drivers/fsl_lpuart.o
                0x00002f00                LPUART_WriteBlocking
 .text.LPUART_ReadBlocking
                0x00002f48      0x100 ./drivers/fsl_lpuart.o
                0x00002f48                LPUART_ReadBlocking
 .text.LPUART_TransferCreateHandle
                0x00003048       0xa0 ./drivers/fsl_lpuart.o
                0x00003048                LPUART_TransferCreateHandle
 .text.LPUART0_DriverIRQHandler
                0x000030e8       0x1c ./drivers/fsl_lpuart.o
                0x000030e8                LPUART0_DriverIRQHandler
 .text.LPUART1_DriverIRQHandler
                0x00003104       0x1c ./drivers/fsl_lpuart.o
                0x00003104                LPUART1_DriverIRQHandler
 .text.LPUART2_DriverIRQHandler
                0x00003120       0x1c ./drivers/fsl_lpuart.o
                0x00003120                LPUART2_DriverIRQHandler
 .text.PWT_GetInstance.isra.0
                0x0000313c       0x28 ./drivers/fsl_pwt.o
 .text.PWT_Init
                0x00003164       0x84 ./drivers/fsl_pwt.o
                0x00003164                PWT_Init
 .text.PWT_Deinit
                0x000031e8       0x44 ./drivers/fsl_pwt.o
                0x000031e8                PWT_Deinit
 .text.PWT_GetDefaultConfig
                0x0000322c       0x34 ./drivers/fsl_pwt.o
                0x0000322c                PWT_GetDefaultConfig
 .text.SystemInit
                0x00003260       0x40 ./device/system_MKE16Z4.o
                0x00003260                SystemInit
 .text.HAL_UartInit
                0x000032a0       0xf4 ./component/uart/fsl_adapter_lpuart.o
                0x000032a0                HAL_UartInit
 .text.HAL_UartSendBlocking
                0x00003394       0x64 ./component/uart/fsl_adapter_lpuart.o
                0x00003394                HAL_UartSendBlocking
 .text.SerialManager_Init
                0x000033f8       0x34 ./component/serial_manager/fsl_component_serial_manager.o
                0x000033f8                SerialManager_Init
 .text.SerialManager_OpenReadHandle
                0x0000342c       0x3c ./component/serial_manager/fsl_component_serial_manager.o
                0x0000342c                SerialManager_OpenReadHandle
 .text.SerialManager_WriteBlocking
                0x00003468       0x34 ./component/serial_manager/fsl_component_serial_manager.o
                0x00003468                SerialManager_WriteBlocking
 .text.BOARD_InitDebugConsole
                0x0000349c       0x5c ./board/board.o
                0x0000349c                BOARD_InitDebugConsole
 .text.CLOCK_SetIpSrc.constprop.0
                0x000034f8       0x44 ./board/clock_config.o
 .text.BOARD_BootClockRUN
                0x0000353c       0xc4 ./board/clock_config.o
                0x0000353c                BOARD_BootClockRUN
 .text.BOARD_InitPeripherals
                0x00003600      0x11c ./board/peripherals.o
                0x00003600                BOARD_InitPeripherals
 .text.CLOCK_EnableClock
                0x0000371c       0x30 ./board/pin_mux.o
 .text.BOARD_InitPins
                0x0000374c       0xc8 ./board/pin_mux.o
                0x0000374c                BOARD_InitPins
 .text.BOARD_InitDEBUG_UARTPins
                0x00003814       0x38 ./board/pin_mux.o
                0x00003814                BOARD_InitDEBUG_UARTPins
 .text          0x0000384c       0x14 c:/nxp/mcuxpressoide_11.8.1_1197/ide/plugins/com.nxp.mcuxpresso.tools.win32_11.8.1.202308071233/tools/bin/../lib/gcc/arm-none-eabi/12.2.1/thumb/v6-m/nofp\libgcc.a(_thumb1_case_uqi.o)
                0x0000384c                __gnu_thumb1_case_uqi
 .text          0x00003860      0x114 c:/nxp/mcuxpressoide_11.8.1_1197/ide/plugins/com.nxp.mcuxpresso.tools.win32_11.8.1.202308071233/tools/bin/../lib/gcc/arm-none-eabi/12.2.1/thumb/v6-m/nofp\libgcc.a(_udivsi3.o)
                0x00003860                __aeabi_uidiv
                0x00003860                __udivsi3
                0x0000396c                __aeabi_uidivmod
 .text          0x00003974      0x1d4 c:/nxp/mcuxpressoide_11.8.1_1197/ide/plugins/com.nxp.mcuxpresso.tools.win32_11.8.1.202308071233/tools/bin/../lib/gcc/arm-none-eabi/12.2.1/thumb/v6-m/nofp\libgcc.a(_divsi3.o)
                0x00003974                __divsi3
                0x00003974                __aeabi_idiv
                0x00003b40                __aeabi_idivmod
 .text          0x00003b48        0x4 c:/nxp/mcuxpressoide_11.8.1_1197/ide/plugins/com.nxp.mcuxpresso.tools.win32_11.8.1.202308071233/tools/bin/../lib/gcc/arm-none-eabi/12.2.1/thumb/v6-m/nofp\libgcc.a(_dvmd_tls.o)
                0x00003b48                __aeabi_idiv0
                0x00003b48                __aeabi_ldiv0
 .text          0x00003b4c       0x7c c:/nxp/mcuxpressoide_11.8.1_1197/ide/plugins/com.nxp.mcuxpresso.tools.win32_11.8.1.202308071233/tools/bin/../lib/gcc/arm-none-eabi/12.2.1/thumb/v6-m/nofp\libgcc.a(_arm_cmpdf2.o)
                0x00003b4c                __aeabi_cdrcmple
                0x00003b5c                __aeabi_cdcmple
                0x00003b5c                __aeabi_cdcmpeq
                0x00003b6c                __aeabi_dcmpeq
                0x00003b78                __aeabi_dcmplt
                0x00003b8c                __aeabi_dcmple
                0x00003ba0                __aeabi_dcmpgt
                0x00003bb4                __aeabi_dcmpge
 .text          0x00003bc8       0x40 c:/nxp/mcuxpressoide_11.8.1_1197/ide/plugins/com.nxp.mcuxpresso.tools.win32_11.8.1.202308071233/tools/bin/../lib/gcc/arm-none-eabi/12.2.1/thumb/v6-m/nofp\libgcc.a(_aeabi_uldivmod.o)
                0x00003bc8                __aeabi_uldivmod
 .text.__muldi3
                0x00003c08       0x5c c:/nxp/mcuxpressoide_11.8.1_1197/ide/plugins/com.nxp.mcuxpresso.tools.win32_11.8.1.202308071233/tools/bin/../lib/gcc/arm-none-eabi/12.2.1/thumb/v6-m/nofp\libgcc.a(_muldi3.o)
                0x00003c08                __muldi3
                0x00003c08                __aeabi_lmul
 .text.__fixunsdfsi
                0x00003c64       0x3c c:/nxp/mcuxpressoide_11.8.1_1197/ide/plugins/com.nxp.mcuxpresso.tools.win32_11.8.1.202308071233/tools/bin/../lib/gcc/arm-none-eabi/12.2.1/thumb/v6-m/nofp\libgcc.a(_fixunsdfsi.o)
                0x00003c64                __aeabi_d2uiz
                0x00003c64                __fixunsdfsi
 .text.__fixdfdi
                0x00003ca0       0x38 c:/nxp/mcuxpressoide_11.8.1_1197/ide/plugins/com.nxp.mcuxpresso.tools.win32_11.8.1.202308071233/tools/bin/../lib/gcc/arm-none-eabi/12.2.1/thumb/v6-m/nofp\libgcc.a(_fixdfdi.o)
                0x00003ca0                __fixdfdi
                0x00003ca0                __aeabi_d2lz
 .text.__fixunsdfdi
                0x00003cd8       0x3c c:/nxp/mcuxpressoide_11.8.1_1197/ide/plugins/com.nxp.mcuxpresso.tools.win32_11.8.1.202308071233/tools/bin/../lib/gcc/arm-none-eabi/12.2.1/thumb/v6-m/nofp\libgcc.a(_fixunsdfdi.o)
                0x00003cd8                __fixunsdfdi
                0x00003cd8                __aeabi_d2ulz
 .text.__floatdidf
                0x00003d14       0x2c c:/nxp/mcuxpressoide_11.8.1_1197/ide/plugins/com.nxp.mcuxpresso.tools.win32_11.8.1.202308071233/tools/bin/../lib/gcc/arm-none-eabi/12.2.1/thumb/v6-m/nofp\libgcc.a(_floatdidf.o)
                0x00003d14                __aeabi_l2d
                0x00003d14                __floatdidf
 .text.__floatundidf
                0x00003d40       0x2c c:/nxp/mcuxpressoide_11.8.1_1197/ide/plugins/com.nxp.mcuxpresso.tools.win32_11.8.1.202308071233/tools/bin/../lib/gcc/arm-none-eabi/12.2.1/thumb/v6-m/nofp\libgcc.a(_floatundidf.o)
                0x00003d40                __floatundidf
                0x00003d40                __aeabi_ul2d
 .text.__udivmoddi4
                0x00003d6c      0x198 c:/nxp/mcuxpressoide_11.8.1_1197/ide/plugins/com.nxp.mcuxpresso.tools.win32_11.8.1.202308071233/tools/bin/../lib/gcc/arm-none-eabi/12.2.1/thumb/v6-m/nofp\libgcc.a(_udivmoddi4.o)
                0x00003d6c                __udivmoddi4
 .text.__aeabi_fadd
                0x00003f04      0x304 c:/nxp/mcuxpressoide_11.8.1_1197/ide/plugins/com.nxp.mcuxpresso.tools.win32_11.8.1.202308071233/tools/bin/../lib/gcc/arm-none-eabi/12.2.1/thumb/v6-m/nofp\libgcc.a(addsf3.o)
                0x00003f04                __aeabi_fadd
 .text.__aeabi_fdiv
                0x00004208      0x240 c:/nxp/mcuxpressoide_11.8.1_1197/ide/plugins/com.nxp.mcuxpresso.tools.win32_11.8.1.202308071233/tools/bin/../lib/gcc/arm-none-eabi/12.2.1/thumb/v6-m/nofp\libgcc.a(divsf3.o)
                0x00004208                __aeabi_fdiv
 .text.__aeabi_fmul
                0x00004448      0x27c c:/nxp/mcuxpressoide_11.8.1_1197/ide/plugins/com.nxp.mcuxpresso.tools.win32_11.8.1.202308071233/tools/bin/../lib/gcc/arm-none-eabi/12.2.1/thumb/v6-m/nofp\libgcc.a(mulsf3.o)
                0x00004448                __aeabi_fmul
 .text.__aeabi_fsub
                0x000046c4      0x324 c:/nxp/mcuxpressoide_11.8.1_1197/ide/plugins/com.nxp.mcuxpresso.tools.win32_11.8.1.202308071233/tools/bin/../lib/gcc/arm-none-eabi/12.2.1/thumb/v6-m/nofp\libgcc.a(subsf3.o)
                0x000046c4                __aeabi_fsub
 .text.__aeabi_i2f
                0x000049e8       0x98 c:/nxp/mcuxpressoide_11.8.1_1197/ide/plugins/com.nxp.mcuxpresso.tools.win32_11.8.1.202308071233/tools/bin/../lib/gcc/arm-none-eabi/12.2.1/thumb/v6-m/nofp\libgcc.a(floatsisf.o)
                0x000049e8                __aeabi_i2f
 .text.__aeabi_dadd
                0x00004a80      0x6bc c:/nxp/mcuxpressoide_11.8.1_1197/ide/plugins/com.nxp.mcuxpresso.tools.win32_11.8.1.202308071233/tools/bin/../lib/gcc/arm-none-eabi/12.2.1/thumb/v6-m/nofp\libgcc.a(adddf3.o)
                0x00004a80                __aeabi_dadd
 .text.__aeabi_ddiv
                0x0000513c      0x638 c:/nxp/mcuxpressoide_11.8.1_1197/ide/plugins/com.nxp.mcuxpresso.tools.win32_11.8.1.202308071233/tools/bin/../lib/gcc/arm-none-eabi/12.2.1/thumb/v6-m/nofp\libgcc.a(divdf3.o)
                0x0000513c                __aeabi_ddiv
 .text.__eqdf2  0x00005774       0x88 c:/nxp/mcuxpressoide_11.8.1_1197/ide/plugins/com.nxp.mcuxpresso.tools.win32_11.8.1.202308071233/tools/bin/../lib/gcc/arm-none-eabi/12.2.1/thumb/v6-m/nofp\libgcc.a(eqdf2.o)
                0x00005774                __nedf2
                0x00005774                __eqdf2
 .text.__gedf2  0x000057fc       0xe8 c:/nxp/mcuxpressoide_11.8.1_1197/ide/plugins/com.nxp.mcuxpresso.tools.win32_11.8.1.202308071233/tools/bin/../lib/gcc/arm-none-eabi/12.2.1/thumb/v6-m/nofp\libgcc.a(gedf2.o)
                0x000057fc                __gedf2
                0x000057fc                __gtdf2
 .text.__ledf2  0x000058e4       0xe4 c:/nxp/mcuxpressoide_11.8.1_1197/ide/plugins/com.nxp.mcuxpresso.tools.win32_11.8.1.202308071233/tools/bin/../lib/gcc/arm-none-eabi/12.2.1/thumb/v6-m/nofp\libgcc.a(ledf2.o)
                0x000058e4                __ledf2
                0x000058e4                __ltdf2
 .text.__aeabi_dmul
                0x000059c8      0x588 c:/nxp/mcuxpressoide_11.8.1_1197/ide/plugins/com.nxp.mcuxpresso.tools.win32_11.8.1.202308071233/tools/bin/../lib/gcc/arm-none-eabi/12.2.1/thumb/v6-m/nofp\libgcc.a(muldf3.o)
                0x000059c8                __aeabi_dmul
 .text.__aeabi_dsub
                0x00005f50      0x704 c:/nxp/mcuxpressoide_11.8.1_1197/ide/plugins/com.nxp.mcuxpresso.tools.win32_11.8.1.202308071233/tools/bin/../lib/gcc/arm-none-eabi/12.2.1/thumb/v6-m/nofp\libgcc.a(subdf3.o)
                0x00005f50                __aeabi_dsub
 .text.__aeabi_d2iz
                0x00006654       0x78 c:/nxp/mcuxpressoide_11.8.1_1197/ide/plugins/com.nxp.mcuxpresso.tools.win32_11.8.1.202308071233/tools/bin/../lib/gcc/arm-none-eabi/12.2.1/thumb/v6-m/nofp\libgcc.a(fixdfsi.o)
                0x00006654                __aeabi_d2iz
 .text.__aeabi_i2d
                0x000066cc       0x60 c:/nxp/mcuxpressoide_11.8.1_1197/ide/plugins/com.nxp.mcuxpresso.tools.win32_11.8.1.202308071233/tools/bin/../lib/gcc/arm-none-eabi/12.2.1/thumb/v6-m/nofp\libgcc.a(floatsidf.o)
                0x000066cc                __aeabi_i2d
 .text.__aeabi_ui2d
                0x0000672c       0x4c c:/nxp/mcuxpressoide_11.8.1_1197/ide/plugins/com.nxp.mcuxpresso.tools.win32_11.8.1.202308071233/tools/bin/../lib/gcc/arm-none-eabi/12.2.1/thumb/v6-m/nofp\libgcc.a(floatunsidf.o)
                0x0000672c                __aeabi_ui2d
 .text.__aeabi_f2d
                0x00006778       0x90 c:/nxp/mcuxpressoide_11.8.1_1197/ide/plugins/com.nxp.mcuxpresso.tools.win32_11.8.1.202308071233/tools/bin/../lib/gcc/arm-none-eabi/12.2.1/thumb/v6-m/nofp\libgcc.a(extendsfdf2.o)
                0x00006778                __aeabi_f2d
 .text          0x00006808       0x3c c:/nxp/mcuxpressoide_11.8.1_1197/ide/plugins/com.nxp.mcuxpresso.tools.win32_11.8.1.202308071233/tools/bin/../lib/gcc/arm-none-eabi/12.2.1/thumb/v6-m/nofp\libgcc.a(_clzsi2.o)
                0x00006808                __clzsi2
 .text          0x00006844       0x18 c:/nxp/mcuxpressoide_11.8.1_1197/ide/plugins/com.nxp.mcuxpresso.tools.win32_11.8.1.202308071233/tools/bin/../lib/gcc/arm-none-eabi/12.2.1/thumb/v6-m/nofp\libgcc.a(_clzdi2.o)
                0x00006844                __clzdi2
 .text.malloc   0x0000685c       0x14 c:/nxp/mcuxpressoide_11.8.1_1197/ide/plugins/com.nxp.mcuxpresso.tools.win32_11.8.1.202308071233/tools/bin/../lib/gcc/arm-none-eabi/12.2.1/thumb/v6-m/nofp\libc_nano.a(libc_a-malloc.o)
                0x0000685c                malloc
 .text.sbrk_aligned
                0x00006870       0x44 c:/nxp/mcuxpressoide_11.8.1_1197/ide/plugins/com.nxp.mcuxpresso.tools.win32_11.8.1.202308071233/tools/bin/../lib/gcc/arm-none-eabi/12.2.1/thumb/v6-m/nofp\libc_nano.a(libc_a-mallocr.o)
 .text._malloc_r
                0x000068b4       0xf4 c:/nxp/mcuxpressoide_11.8.1_1197/ide/plugins/com.nxp.mcuxpresso.tools.win32_11.8.1.202308071233/tools/bin/../lib/gcc/arm-none-eabi/12.2.1/thumb/v6-m/nofp\libc_nano.a(libc_a-mallocr.o)
                0x000068b4                _malloc_r
 .text.__malloc_lock
                0x000069a8       0x10 c:/nxp/mcuxpressoide_11.8.1_1197/ide/plugins/com.nxp.mcuxpresso.tools.win32_11.8.1.202308071233/tools/bin/../lib/gcc/arm-none-eabi/12.2.1/thumb/v6-m/nofp\libc_nano.a(libc_a-mlock.o)
                0x000069a8                __malloc_lock
 .text.__malloc_unlock
                0x000069b8       0x10 c:/nxp/mcuxpressoide_11.8.1_1197/ide/plugins/com.nxp.mcuxpresso.tools.win32_11.8.1.202308071233/tools/bin/../lib/gcc/arm-none-eabi/12.2.1/thumb/v6-m/nofp\libc_nano.a(libc_a-mlock.o)
                0x000069b8                __malloc_unlock
 .text._printf_float
                0x000069c8      0x474 c:/nxp/mcuxpressoide_11.8.1_1197/ide/plugins/com.nxp.mcuxpresso.tools.win32_11.8.1.202308071233/tools/bin/../lib/gcc/arm-none-eabi/12.2.1/thumb/v6-m/nofp\libc_nano.a(libc_a-nano-vfprintf_float.o)
                0x000069c8                _printf_float
 .text._localeconv_r
                0x00006e3c        0x8 c:/nxp/mcuxpressoide_11.8.1_1197/ide/plugins/com.nxp.mcuxpresso.tools.win32_11.8.1.202308071233/tools/bin/../lib/gcc/arm-none-eabi/12.2.1/thumb/v6-m/nofp\libc_nano.a(libc_a-localeconv.o)
                0x00006e3c                _localeconv_r
 .text._sbrk_r  0x00006e44       0x24 c:/nxp/mcuxpressoide_11.8.1_1197/ide/plugins/com.nxp.mcuxpresso.tools.win32_11.8.1.202308071233/tools/bin/../lib/gcc/arm-none-eabi/12.2.1/thumb/v6-m/nofp\libc_nano.a(libc_a-sbrkr.o)
                0x00006e44                _sbrk_r
 .text.__errno  0x00006e68        0xc c:/nxp/mcuxpressoide_11.8.1_1197/ide/plugins/com.nxp.mcuxpresso.tools.win32_11.8.1.202308071233/tools/bin/../lib/gcc/arm-none-eabi/12.2.1/thumb/v6-m/nofp\libc_nano.a(libc_a-errno.o)
                0x00006e68                __errno
 .text.modf     0x00006e74       0xb4 c:/nxp/mcuxpressoide_11.8.1_1197/ide/plugins/com.nxp.mcuxpresso.tools.win32_11.8.1.202308071233/tools/bin/../lib/gcc/arm-none-eabi/12.2.1/thumb/v6-m/nofp\libc_nano.a(libm_a-s_modf.o)
                0x00006e74                modf
 .text._dtoa_r  0x00006f28      0xcac c:/nxp/mcuxpressoide_11.8.1_1197/ide/plugins/com.nxp.mcuxpresso.tools.win32_11.8.1.202308071233/tools/bin/../lib/gcc/arm-none-eabi/12.2.1/thumb/v6-m/nofp\libc_nano.a(libc_a-dtoa.o)
                0x00006f28                _dtoa_r
 .text._Balloc  0x00007bd4       0x88 c:/nxp/mcuxpressoide_11.8.1_1197/ide/plugins/com.nxp.mcuxpresso.tools.win32_11.8.1.202308071233/tools/bin/../lib/gcc/arm-none-eabi/12.2.1/thumb/v6-m/nofp\libc_nano.a(libc_a-mprec.o)
                0x00007bd4                _Balloc
 .text._Bfree   0x00007c5c       0x48 c:/nxp/mcuxpressoide_11.8.1_1197/ide/plugins/com.nxp.mcuxpresso.tools.win32_11.8.1.202308071233/tools/bin/../lib/gcc/arm-none-eabi/12.2.1/thumb/v6-m/nofp\libc_nano.a(libc_a-mprec.o)
                0x00007c5c                _Bfree
 .text.__multadd
                0x00007ca4       0x88 c:/nxp/mcuxpressoide_11.8.1_1197/ide/plugins/com.nxp.mcuxpresso.tools.win32_11.8.1.202308071233/tools/bin/../lib/gcc/arm-none-eabi/12.2.1/thumb/v6-m/nofp\libc_nano.a(libc_a-mprec.o)
                0x00007ca4                __multadd
 .text.__i2b    0x00007d2c       0x30 c:/nxp/mcuxpressoide_11.8.1_1197/ide/plugins/com.nxp.mcuxpresso.tools.win32_11.8.1.202308071233/tools/bin/../lib/gcc/arm-none-eabi/12.2.1/thumb/v6-m/nofp\libc_nano.a(libc_a-mprec.o)
                0x00007d2c                __i2b
 .text.__multiply
                0x00007d5c      0x164 c:/nxp/mcuxpressoide_11.8.1_1197/ide/plugins/com.nxp.mcuxpresso.tools.win32_11.8.1.202308071233/tools/bin/../lib/gcc/arm-none-eabi/12.2.1/thumb/v6-m/nofp\libc_nano.a(libc_a-mprec.o)
                0x00007d5c                __multiply
 .text.__pow5mult
                0x00007ec0       0xb8 c:/nxp/mcuxpressoide_11.8.1_1197/ide/plugins/com.nxp.mcuxpresso.tools.win32_11.8.1.202308071233/tools/bin/../lib/gcc/arm-none-eabi/12.2.1/thumb/v6-m/nofp\libc_nano.a(libc_a-mprec.o)
                0x00007ec0                __pow5mult
 .text.__lshift
                0x00007f78       0xd8 c:/nxp/mcuxpressoide_11.8.1_1197/ide/plugins/com.nxp.mcuxpresso.tools.win32_11.8.1.202308071233/tools/bin/../lib/gcc/arm-none-eabi/12.2.1/thumb/v6-m/nofp\libc_nano.a(libc_a-mprec.o)
                0x00007f78                __lshift
 .text.__mdiff  0x00008050      0x134 c:/nxp/mcuxpressoide_11.8.1_1197/ide/plugins/com.nxp.mcuxpresso.tools.win32_11.8.1.202308071233/tools/bin/../lib/gcc/arm-none-eabi/12.2.1/thumb/v6-m/nofp\libc_nano.a(libc_a-mprec.o)
                0x00008050                __mdiff
 .text.__d2b    0x00008184       0xc0 c:/nxp/mcuxpressoide_11.8.1_1197/ide/plugins/com.nxp.mcuxpresso.tools.win32_11.8.1.202308071233/tools/bin/../lib/gcc/arm-none-eabi/12.2.1/thumb/v6-m/nofp\libc_nano.a(libc_a-mprec.o)
                0x00008184                __d2b
 .text.__fpclassifyd
                0x00008244       0x60 c:/nxp/mcuxpressoide_11.8.1_1197/ide/plugins/com.nxp.mcuxpresso.tools.win32_11.8.1.202308071233/tools/bin/../lib/gcc/arm-none-eabi/12.2.1/thumb/v6-m/nofp\libc_nano.a(libm_a-s_fpclassify.o)
                0x00008244                __fpclassifyd
 .text.pow      0x000082a4       0xe8 c:/nxp/mcuxpressoide_11.8.1_1197/ide/plugins/com.nxp.mcuxpresso.tools.win32_11.8.1.202308071233/tools/bin/../lib/gcc/arm-none-eabi/12.2.1/thumb/v6-m/nofp\libm.a(libm_a-w_pow.o)
                0x000082a4                pow
 .text.finite   0x0000838c       0x14 c:/nxp/mcuxpressoide_11.8.1_1197/ide/plugins/com.nxp.mcuxpresso.tools.win32_11.8.1.202308071233/tools/bin/../lib/gcc/arm-none-eabi/12.2.1/thumb/v6-m/nofp\libm.a(libm_a-s_finite.o)
                0x0000838c                finite
 .text.__ieee754_sqrt
                0x000083a0      0x244 c:/nxp/mcuxpressoide_11.8.1_1197/ide/plugins/com.nxp.mcuxpresso.tools.win32_11.8.1.202308071233/tools/bin/../lib/gcc/arm-none-eabi/12.2.1/thumb/v6-m/nofp\libm.a(libm_a-e_sqrt.o)
                0x000083a0                __ieee754_sqrt
 .text.__ieee754_pow
                0x000085e4      0xbac c:/nxp/mcuxpressoide_11.8.1_1197/ide/plugins/com.nxp.mcuxpresso.tools.win32_11.8.1.202308071233/tools/bin/../lib/gcc/arm-none-eabi/12.2.1/thumb/v6-m/nofp\libm.a(libm_a-e_pow.o)
                0x000085e4                __ieee754_pow
 .text.fabs     0x00009190        0x8 c:/nxp/mcuxpressoide_11.8.1_1197/ide/plugins/com.nxp.mcuxpresso.tools.win32_11.8.1.202308071233/tools/bin/../lib/gcc/arm-none-eabi/12.2.1/thumb/v6-m/nofp\libm.a(libm_a-s_fabs.o)
                0x00009190                fabs
 .text.scalbn   0x00009198       0xf8 c:/nxp/mcuxpressoide_11.8.1_1197/ide/plugins/com.nxp.mcuxpresso.tools.win32_11.8.1.202308071233/tools/bin/../lib/gcc/arm-none-eabi/12.2.1/thumb/v6-m/nofp\libm.a(libm_a-s_scalbn.o)
                0x00009198                scalbn
 .text.with_errno
                0x00009290       0x14 c:/nxp/mcuxpressoide_11.8.1_1197/ide/plugins/com.nxp.mcuxpresso.tools.win32_11.8.1.202308071233/tools/bin/../lib/gcc/arm-none-eabi/12.2.1/thumb/v6-m/nofp\libm.a(libm_a-math_err.o)
 .text.xflow    0x000092a4       0x2c c:/nxp/mcuxpressoide_11.8.1_1197/ide/plugins/com.nxp.mcuxpresso.tools.win32_11.8.1.202308071233/tools/bin/../lib/gcc/arm-none-eabi/12.2.1/thumb/v6-m/nofp\libm.a(libm_a-math_err.o)
 .text.__math_uflow
                0x000092d0       0x10 c:/nxp/mcuxpressoide_11.8.1_1197/ide/plugins/com.nxp.mcuxpresso.tools.win32_11.8.1.202308071233/tools/bin/../lib/gcc/arm-none-eabi/12.2.1/thumb/v6-m/nofp\libm.a(libm_a-math_err.o)
                0x000092d0                __math_uflow
 .text.__math_oflow
                0x000092e0       0x10 c:/nxp/mcuxpressoide_11.8.1_1197/ide/plugins/com.nxp.mcuxpresso.tools.win32_11.8.1.202308071233/tools/bin/../lib/gcc/arm-none-eabi/12.2.1/thumb/v6-m/nofp\libm.a(libm_a-math_err.o)
                0x000092e0                __math_oflow
 .text._sbrk    0x000092f0       0x40 c:/nxp/mcuxpressoide_11.8.1_1197/ide/plugins/com.nxp.mcuxpresso.tools.win32_11.8.1.202308071233/tools/bin/../lib/gcc/arm-none-eabi/12.2.1/../../../../arm-none-eabi/lib/thumb/v6-m/nofp\libcr_newlib_nohost.a(_cr_sbrk.o)
                0x000092f0                _sbrk
 .text.__check_heap_overflow
                0x00009330       0x18 c:/nxp/mcuxpressoide_11.8.1_1197/ide/plugins/com.nxp.mcuxpresso.tools.win32_11.8.1.202308071233/tools/bin/../lib/gcc/arm-none-eabi/12.2.1/../../../../arm-none-eabi/lib/thumb/v6-m/nofp\libcr_newlib_nohost.a(_cr_check_heap.o)
                0x00009330                __check_heap_overflow
 .text.__aeabi_dcmpun
                0x00009348       0x44 c:/nxp/mcuxpressoide_11.8.1_1197/ide/plugins/com.nxp.mcuxpresso.tools.win32_11.8.1.202308071233/tools/bin/../lib/gcc/arm-none-eabi/12.2.1/thumb/v6-m/nofp\libgcc.a(unorddf2.o)
                0x00009348                __aeabi_dcmpun
 .text.DbgConsole_PrintCallback
                0x0000938c       0x34 ./utilities/fsl_debug_console.o
 .text.DbgConsole_Printf
                0x000093c0       0x16 ./utilities/fsl_debug_console.o
                0x000093c0                DbgConsole_Printf
 .text.ConvertRadixNumToString.constprop.0
                0x000093d6       0x4e ./utilities/fsl_str.o
 .text.PrintOutputdifFobpu.constprop.0
                0x00009424       0x1e ./utilities/fsl_str.o
 .text.startup.main
                0x00009442       0x2c ./source/Licenta.o
                0x00009442                main
 .text.rbwsMotorControl_init
                0x0000946e       0x20 ./rbwsMotorControl/src/rbwsMotorControl.o
                0x0000946e                rbwsMotorControl_init
 .text.rbwsLidarScanMode
                0x0000948e       0x1a ./rbwsLidarA1M8/src/rbwsLidarA1M8_main.o
                0x0000948e                rbwsLidarScanMode
 .text.rbwsMPU6050_ClockConfig
                0x000094a8       0x1c ./rbwsInertialMeasurementUnit/src/rbwsMPU6050.o
                0x000094a8                rbwsMPU6050_ClockConfig
 .text.rbwsMPU6050_GyroConfig
                0x000094c4       0x10 ./rbwsInertialMeasurementUnit/src/rbwsMPU6050.o
                0x000094c4                rbwsMPU6050_GyroConfig
 .text.rbwsMPU6050_AccelConfig
                0x000094d4       0x10 ./rbwsInertialMeasurementUnit/src/rbwsMPU6050.o
                0x000094d4                rbwsMPU6050_AccelConfig
 .text.SVC_Handler
                0x000094e4        0x2 ./freertos/freertos-kernel/portable/GCC/ARM_CM0/port.o
                0x000094e4                SVC_Handler
 .text.ulSetInterruptMaskFromISR
                0x000094e6        0x8 ./freertos/freertos-kernel/portable/GCC/ARM_CM0/port.o
                0x000094e6                ulSetInterruptMaskFromISR
 .text.vClearInterruptMaskFromISR
                0x000094ee        0x6 ./freertos/freertos-kernel/portable/GCC/ARM_CM0/port.o
                0x000094ee                vClearInterruptMaskFromISR
 .text.CLOCK_GetFreq
                0x000094f4       0x6e ./drivers/fsl_clock.o
                0x000094f4                CLOCK_GetFreq
 .text.FTM_SetDeadTimeEnable
                0x00009562       0x1c ./drivers/fsl_ftm.o
 .text.FTM_SetComplementaryEnable
                0x0000957e       0x1c ./drivers/fsl_ftm.o
 .text.LPI2C_MasterWaitForTxReady
                0x0000959a       0x1c ./drivers/fsl_lpi2c.o
 .text.LPI2C_CheckForBusyBus
                0x000095b6       0x18 ./drivers/fsl_lpi2c.o
                0x000095b6                LPI2C_CheckForBusyBus
 .text.LPSPI_Enable
                0x000095ce       0x20 ./drivers/fsl_lpspi.o
 .text.SystemInitHook
                0x000095ee        0x2 ./device/system_MKE16Z4.o
                0x000095ee                SystemInitHook
 .text.SerialManager_OpenWriteHandle
                0x000095f0       0x32 ./component/serial_manager/fsl_component_serial_manager.o
                0x000095f0                SerialManager_OpenWriteHandle
 .text.Serial_UartInit
                0x00009622       0x18 ./component/serial_manager/fsl_component_serial_port_uart.o
                0x00009622                Serial_UartInit
 .text.Serial_UartWrite
                0x0000963a       0x1a ./component/serial_manager/fsl_component_serial_port_uart.o
                0x0000963a                Serial_UartWrite
 .text.BOARD_InitBootClocks
                0x00009654        0x8 ./board/clock_config.o
                0x00009654                BOARD_InitBootClocks
 .text.BOARD_InitBootPeripherals
                0x0000965c        0x8 ./board/peripherals.o
                0x0000965c                BOARD_InitBootPeripherals
 .text.BOARD_InitBootPins
                0x00009664        0xc ./board/pin_mux.o
                0x00009664                BOARD_InitBootPins
 .text.__cvt    0x00009670       0xd4 c:/nxp/mcuxpressoide_11.8.1_1197/ide/plugins/com.nxp.mcuxpresso.tools.win32_11.8.1.202308071233/tools/bin/../lib/gcc/arm-none-eabi/12.2.1/thumb/v6-m/nofp\libc_nano.a(libc_a-nano-vfprintf_float.o)
                0x00009670                __cvt
 .text.__exponent
                0x00009744       0x80 c:/nxp/mcuxpressoide_11.8.1_1197/ide/plugins/com.nxp.mcuxpresso.tools.win32_11.8.1.202308071233/tools/bin/../lib/gcc/arm-none-eabi/12.2.1/thumb/v6-m/nofp\libc_nano.a(libc_a-nano-vfprintf_float.o)
                0x00009744                __exponent
 .text._printf_common
                0x000097c4       0xde c:/nxp/mcuxpressoide_11.8.1_1197/ide/plugins/com.nxp.mcuxpresso.tools.win32_11.8.1.202308071233/tools/bin/../lib/gcc/arm-none-eabi/12.2.1/thumb/v6-m/nofp\libc_nano.a(libc_a-nano-vfprintf_i.o)
                0x000097c4                _printf_common
 .text.memset   0x000098a2       0x10 c:/nxp/mcuxpressoide_11.8.1_1197/ide/plugins/com.nxp.mcuxpresso.tools.win32_11.8.1.202308071233/tools/bin/../lib/gcc/arm-none-eabi/12.2.1/thumb/v6-m/nofp\libc_nano.a(libc_a-memset.o)
                0x000098a2                memset
 .text.__retarget_lock_acquire_recursive
                0x000098b2        0x2 c:/nxp/mcuxpressoide_11.8.1_1197/ide/plugins/com.nxp.mcuxpresso.tools.win32_11.8.1.202308071233/tools/bin/../lib/gcc/arm-none-eabi/12.2.1/thumb/v6-m/nofp\libc_nano.a(libc_a-lock.o)
                0x000098b2                __retarget_lock_acquire_recursive
 .text.__retarget_lock_release_recursive
                0x000098b4        0x2 c:/nxp/mcuxpressoide_11.8.1_1197/ide/plugins/com.nxp.mcuxpresso.tools.win32_11.8.1.202308071233/tools/bin/../lib/gcc/arm-none-eabi/12.2.1/thumb/v6-m/nofp\libc_nano.a(libc_a-lock.o)
                0x000098b4                __retarget_lock_release_recursive
 .text.memcpy   0x000098b6       0x12 c:/nxp/mcuxpressoide_11.8.1_1197/ide/plugins/com.nxp.mcuxpresso.tools.win32_11.8.1.202308071233/tools/bin/../lib/gcc/arm-none-eabi/12.2.1/thumb/v6-m/nofp\libc_nano.a(libc_a-memcpy-stub.o)
                0x000098b6                memcpy
 .text          0x000098c8        0xe c:/nxp/mcuxpressoide_11.8.1_1197/ide/plugins/com.nxp.mcuxpresso.tools.win32_11.8.1.202308071233/tools/bin/../lib/gcc/arm-none-eabi/12.2.1/thumb/v6-m/nofp\libc_nano.a(libc_a-strlen.o)
                0x000098c8                strlen
 .text.quorem   0x000098d6      0x11c c:/nxp/mcuxpressoide_11.8.1_1197/ide/plugins/com.nxp.mcuxpresso.tools.win32_11.8.1.202308071233/tools/bin/../lib/gcc/arm-none-eabi/12.2.1/thumb/v6-m/nofp\libc_nano.a(libc_a-dtoa.o)
 .text.__hi0bits
                0x000099f2       0x4c c:/nxp/mcuxpressoide_11.8.1_1197/ide/plugins/com.nxp.mcuxpresso.tools.win32_11.8.1.202308071233/tools/bin/../lib/gcc/arm-none-eabi/12.2.1/thumb/v6-m/nofp\libc_nano.a(libc_a-mprec.o)
                0x000099f2                __hi0bits
 .text.__lo0bits
                0x00009a3e       0x5c c:/nxp/mcuxpressoide_11.8.1_1197/ide/plugins/com.nxp.mcuxpresso.tools.win32_11.8.1.202308071233/tools/bin/../lib/gcc/arm-none-eabi/12.2.1/thumb/v6-m/nofp\libc_nano.a(libc_a-mprec.o)
                0x00009a3e                __lo0bits
 .text.__mcmp   0x00009a9a       0x36 c:/nxp/mcuxpressoide_11.8.1_1197/ide/plugins/com.nxp.mcuxpresso.tools.win32_11.8.1.202308071233/tools/bin/../lib/gcc/arm-none-eabi/12.2.1/thumb/v6-m/nofp\libc_nano.a(libc_a-mprec.o)
                0x00009a9a                __mcmp
 .text._calloc_r
                0x00009ad0       0x5a c:/nxp/mcuxpressoide_11.8.1_1197/ide/plugins/com.nxp.mcuxpresso.tools.win32_11.8.1.202308071233/tools/bin/../lib/gcc/arm-none-eabi/12.2.1/thumb/v6-m/nofp\libc_nano.a(libc_a-callocr.o)
                0x00009ad0                _calloc_r
 .text.__ascii_mbtowc
                0x00009b2a       0x24 c:/nxp/mcuxpressoide_11.8.1_1197/ide/plugins/com.nxp.mcuxpresso.tools.win32_11.8.1.202308071233/tools/bin/../lib/gcc/arm-none-eabi/12.2.1/thumb/v6-m/nofp\libc_nano.a(libc_a-mbtowc_r.o)
                0x00009b2a                __ascii_mbtowc
 .text.__ascii_wctomb
                0x00009b4e       0x1a c:/nxp/mcuxpressoide_11.8.1_1197/ide/plugins/com.nxp.mcuxpresso.tools.win32_11.8.1.202308071233/tools/bin/../lib/gcc/arm-none-eabi/12.2.1/thumb/v6-m/nofp\libc_nano.a(libc_a-wctomb_r.o)
                0x00009b4e                __ascii_wctomb
 *freertos*/tasks.o(SORT_BY_ALIGNMENT(.rodata*))
 .rodata.vTaskStartScheduler.str1.1
                0x00009b68        0x5 ./freertos/freertos-kernel/tasks.o
 *(SORT_BY_ALIGNMENT(.rodata) SORT_BY_ALIGNMENT(.rodata.*) SORT_BY_ALIGNMENT(.constdata) SORT_BY_ALIGNMENT(.constdata.*))
 *fill*         0x00009b6d        0x3 ff
 .rodata.__mprec_bigtens
                0x00009b70       0x28 c:/nxp/mcuxpressoide_11.8.1_1197/ide/plugins/com.nxp.mcuxpresso.tools.win32_11.8.1.202308071233/tools/bin/../lib/gcc/arm-none-eabi/12.2.1/thumb/v6-m/nofp\libc_nano.a(libc_a-mprec.o)
                0x00009b70                __mprec_bigtens
 .rodata.__mprec_tens
                0x00009b98       0xc8 c:/nxp/mcuxpressoide_11.8.1_1197/ide/plugins/com.nxp.mcuxpresso.tools.win32_11.8.1.202308071233/tools/bin/../lib/gcc/arm-none-eabi/12.2.1/thumb/v6-m/nofp\libc_nano.a(libc_a-mprec.o)
                0x00009b98                __mprec_tens
 .rodata.sircFreq.4
                0x00009c60        0x8 ./drivers/fsl_clock.o
 .rodata.s_ftmClocks
                0x00009c68        0x8 ./drivers/fsl_ftm.o
 .rodata.s_lpuartClock
                0x00009c70        0xc ./drivers/fsl_lpuart.o
 .rodata.s_LpuartAdapterBase
                0x00009c7c        0xc ./component/uart/fsl_adapter_lpuart.o
 .rodata.g_scgLpFllConfig_BOARD_BootClockRUN
                0x00009c88        0x8 ./board/clock_config.o
                0x00009c88                g_scgLpFllConfig_BOARD_BootClockRUN
 .rodata.g_scgFircConfig_BOARD_BootClockRUN
                0x00009c90        0xc ./board/clock_config.o
                0x00009c90                g_scgFircConfig_BOARD_BootClockRUN
 .rodata.g_scgSircConfig_BOARD_BootClockRUN
                0x00009c9c        0x8 ./board/clock_config.o
                0x00009c9c                g_scgSircConfig_BOARD_BootClockRUN
 .rodata.g_scgSysOscConfig_BOARD_BootClockRUN
                0x00009ca4        0xc ./board/clock_config.o
                0x00009ca4                g_scgSysOscConfig_BOARD_BootClockRUN
 .rodata.LPUART0_config
                0x00009cb0       0x14 ./board/peripherals.o
                0x00009cb0                LPUART0_config
 .rodata.FTM1_config
                0x00009cc4       0x20 ./board/peripherals.o
                0x00009cc4                FTM1_config
 .rodata.LPUART2_config
                0x00009ce4       0x14 ./board/peripherals.o
                0x00009ce4                LPUART2_config
 .rodata.LPSPI0_config
                0x00009cf8       0x20 ./board/peripherals.o
                0x00009cf8                LPSPI0_config
 .rodata.LPI2C0_masterConfig
                0x00009d18       0x1c ./board/peripherals.o
                0x00009d18                LPI2C0_masterConfig
 .rodata.FTM0_config
                0x00009d34       0x20 ./board/peripherals.o
                0x00009d34                FTM0_config
 .rodata.__aeabi_fdiv
                0x00009d54       0x7c c:/nxp/mcuxpressoide_11.8.1_1197/ide/plugins/com.nxp.mcuxpresso.tools.win32_11.8.1.202308071233/tools/bin/../lib/gcc/arm-none-eabi/12.2.1/thumb/v6-m/nofp\libgcc.a(divsf3.o)
 .rodata.__aeabi_ddiv
                0x00009dd0       0x40 c:/nxp/mcuxpressoide_11.8.1_1197/ide/plugins/com.nxp.mcuxpresso.tools.win32_11.8.1.202308071233/tools/bin/../lib/gcc/arm-none-eabi/12.2.1/thumb/v6-m/nofp\libgcc.a(divdf3.o)
 .rodata.p05.0  0x00009e10        0xc c:/nxp/mcuxpressoide_11.8.1_1197/ide/plugins/com.nxp.mcuxpresso.tools.win32_11.8.1.202308071233/tools/bin/../lib/gcc/arm-none-eabi/12.2.1/thumb/v6-m/nofp\libc_nano.a(libc_a-mprec.o)
 .rodata.LPUART_Init.cst2
                0x00009e1c        0x2 ./drivers/fsl_lpuart.o
 .rodata.FTM1_pwmSignalParams
                0x00009e1e        0x8 ./board/peripherals.o
                0x00009e1e                FTM1_pwmSignalParams
 .rodata.FTM0_pwmSignalParams
                0x00009e26       0x10 ./board/peripherals.o
                0x00009e26                FTM0_pwmSignalParams
 .rodata.__assert_func.str1.1
                0x00009e36       0x3e ./utilities/fsl_assert.o
 .rodata.CSWTCH.86
                0x00009e74        0xf ./utilities/fsl_str.o
 .rodata.rbwsPWT_readPulse.str1.1
                0x00009e83      0x157 ./rbwsPWT/src/rbwsPWT.o
 .rodata.rbwsMotorControl_Generate_PWM.str1.1
                0x00009fda       0x1b ./rbwsMotorControl/src/rbwsMotorControl.o
 .rodata.rbwsLidarA1M8_sendCommandAndGetResponse.str1.1
                0x00009ff5        0x6 ./rbwsLidarA1M8/src/rbwsLidarA1M8_main.o
                                  0x8 (size before relaxing)
 .rodata.rbwsLidarA1M8_init.str1.1
                0x00009ffb       0x1e ./rbwsLidarA1M8/src/rbwsLidarA1M8_main.o
 .rodata.rbwsLidarA1M8_main.str1.1
                0x0000a019        0x9 ./rbwsLidarA1M8/src/rbwsLidarA1M8_main.o
 .rodata.rbwsMPU6050_main.str1.1
                0x0000a022       0x19 ./rbwsInertialMeasurementUnit/src/rbwsMPU6050.o
 .rodata.CLOCK_GetErClkFreq.str1.1
                0x0000a03b       0x18 ./drivers/fsl_clock.o
 .rodata.CLOCK_InitSysOsc.str1.1
                0x0000a053       0x18 ./drivers/fsl_clock.o
                                  0x7 (size before relaxing)
 .rodata.CLOCK_GetIpFreq.str1.1
                0x0000a053       0x19 ./drivers/fsl_clock.o
 .rodata.__func__.1
                0x0000a06c       0x10 ./drivers/fsl_clock.o
 .rodata.__func__.3
                0x0000a07c        0xf ./drivers/fsl_clock.o
 .rodata.__func__.5
                0x0000a08b        0xf ./drivers/fsl_clock.o
 .rodata.__func__.6
                0x0000a09a       0x14 ./drivers/fsl_clock.o
 .rodata.__func__.7
                0x0000a0ae       0x11 ./drivers/fsl_clock.o
 .rodata.__func__.9
                0x0000a0bf       0x10 ./drivers/fsl_clock.o
 .rodata.__func__.10
                0x0000a0cf       0x13 ./drivers/fsl_clock.o
 .rodata.SDK_DelayAtLeastUs.str1.1
                0x0000a0e2       0x25 ./drivers/fsl_common_arm.o
 .rodata.__func__.0
                0x0000a107       0x13 ./drivers/fsl_common_arm.o
 .rodata.FTM_GetInstance.str1.1
                0x0000a11a       0x23 ./drivers/fsl_ftm.o
 .rodata.FTM_Init.str1.1
                0x0000a13d       0x79 ./drivers/fsl_ftm.o
                                 0x8c (size before relaxing)
 .rodata.FTM_SetupPwmMode.str1.1
                0x0000a1b6       0x2a ./drivers/fsl_ftm.o
 .rodata.__func__.4
                0x0000a1e0       0x11 ./drivers/fsl_ftm.o
 .rodata.__func__.8
                0x0000a1f1       0x14 ./drivers/fsl_ftm.o
 .rodata.__func__.9
                0x0000a205        0xf ./drivers/fsl_ftm.o
 .rodata.__func__.10
                0x0000a214       0x12 ./drivers/fsl_ftm.o
 .rodata.__func__.11
                0x0000a226       0x10 ./drivers/fsl_ftm.o
 .rodata.__func__.12
                0x0000a236        0x9 ./drivers/fsl_ftm.o
 .rodata.LPI2C_GetCyclesForWidth.str1.1
                0x0000a23f       0x20 ./drivers/fsl_lpi2c.o
 .rodata.CLOCK_DisableClock.constprop.0.str1.1
                0x0000a25f       0x4a ./drivers/fsl_lpi2c.o
 .rodata.LPI2C_GetInstance.str1.1
                0x0000a25f       0x23 ./drivers/fsl_lpi2c.o
 .rodata.LPI2C_MasterReceive.str1.1
                0x0000a282        0xf ./drivers/fsl_lpi2c.o
 .rodata.LPI2C_MasterSend.str1.1
                0x0000a291        0xf ./drivers/fsl_lpi2c.o
 .rodata.__func__.17
                0x0000a2a0       0x11 ./drivers/fsl_lpi2c.o
 .rodata.__func__.18
                0x0000a2b1       0x14 ./drivers/fsl_lpi2c.o
 .rodata.__func__.20
                0x0000a2c5       0x18 ./drivers/fsl_lpi2c.o
 .rodata.__func__.21
                0x0000a2dd       0x12 ./drivers/fsl_lpi2c.o
 .rodata.__func__.22
                0x0000a2ef       0x12 ./drivers/fsl_lpi2c.o
 .rodata.LPSPI_CombineWriteData.str1.1
                0x0000a301       0x1b ./drivers/fsl_lpspi.o
                                 0x21 (size before relaxing)
 .rodata.CLOCK_EnableClock.constprop.0.str1.1
                0x0000a31c       0x4a ./drivers/fsl_lpspi.o
 .rodata.LPSPI_GetInstance.str1.1
                0x0000a31c       0x24 ./drivers/fsl_lpspi.o
 .rodata.LPSPI_MasterGetDefaultConfig.str1.1
                0x0000a340       0x15 ./drivers/fsl_lpspi.o
 .rodata.LPSPI_MasterSetBaudRate.str1.1
                0x0000a355       0x19 ./drivers/fsl_lpspi.o
 .rodata.LPSPI0_DriverIRQHandler.str1.1
                0x0000a36e       0x19 ./drivers/fsl_lpspi.o
 .rodata.__func__.0
                0x0000a387       0x18 ./drivers/fsl_lpspi.o
 .rodata.__func__.19
                0x0000a39f       0x1b ./drivers/fsl_lpspi.o
 .rodata.__func__.20
                0x0000a3ba       0x18 ./drivers/fsl_lpspi.o
 .rodata.__func__.25
                0x0000a3d2       0x12 ./drivers/fsl_lpspi.o
 .rodata.__func__.26
                0x0000a3e4       0x11 ./drivers/fsl_lpspi.o
 .rodata.__func__.27
                0x0000a3f5       0x12 ./drivers/fsl_lpspi.o
 .rodata.s_baudratePrescaler
                0x0000a407        0x8 ./drivers/fsl_lpspi.o
 .rodata.LPUART_ReadNonBlocking.str1.1
                0x0000a40f       0x1a ./drivers/fsl_lpuart.o
 .rodata.LPUART_GetInstance.str1.1
                0x0000a429       0x25 ./drivers/fsl_lpuart.o
 .rodata.LPUART_TransferGetRxRingBufferLength.str1.1
                0x0000a44e        0xf ./drivers/fsl_lpuart.o
 .rodata.LPUART_Init.str1.1
                0x0000a45d       0xb7 ./drivers/fsl_lpuart.o
                                0x101 (size before relaxing)
 .rodata.LPUART_TransferHandleIRQ.str1.1
                0x0000a514       0x12 ./drivers/fsl_lpuart.o
 .rodata.__func__.0
                0x0000a526       0x18 ./drivers/fsl_lpuart.o
 .rodata.__func__.1
                0x0000a53e       0x22 ./drivers/fsl_lpuart.o
 .rodata.__func__.2
                0x0000a560       0x17 ./drivers/fsl_lpuart.o
 .rodata.__func__.3
                0x0000a577       0x19 ./drivers/fsl_lpuart.o
 .rodata.__func__.12
                0x0000a590       0x1c ./drivers/fsl_lpuart.o
 .rodata.__func__.13
                0x0000a5ac       0x14 ./drivers/fsl_lpuart.o
 .rodata.__func__.14
                0x0000a5c0       0x15 ./drivers/fsl_lpuart.o
 .rodata.__func__.18
                0x0000a5d5       0x18 ./drivers/fsl_lpuart.o
 .rodata.__func__.20
                0x0000a5ed       0x12 ./drivers/fsl_lpuart.o
 .rodata.__func__.21
                0x0000a5ff        0xc ./drivers/fsl_lpuart.o
 .rodata.__func__.22
                0x0000a60b       0x25 ./drivers/fsl_lpuart.o
 .rodata.__func__.23
                0x0000a630       0x13 ./drivers/fsl_lpuart.o
 .rodata.s_lpuartIRQ
                0x0000a643        0x3 ./drivers/fsl_lpuart.o
                0x0000a643                s_lpuartIRQ
 .rodata.PWT_GetInstance.isra.0.str1.1
                0x0000a646       0x2c ./drivers/fsl_pwt.o
 .rodata.PWT_Init.str1.1
                0x0000a672       0x51 ./drivers/fsl_pwt.o
 .rodata.__func__.0
                0x0000a672       0x15 ./drivers/fsl_pwt.o
 .rodata.__func__.1
                0x0000a687       0x13 ./drivers/fsl_pwt.o
 .rodata.__func__.2
                0x0000a69a       0x12 ./drivers/fsl_pwt.o
 .rodata.__func__.3
                0x0000a6ac       0x10 ./drivers/fsl_pwt.o
 .rodata.__func__.4
                0x0000a6bc        0x9 ./drivers/fsl_pwt.o
 .rodata.HAL_UartInit.str1.1
                0x0000a6c5       0xaa ./component/uart/fsl_adapter_lpuart.o
                                 0xb9 (size before relaxing)
 .rodata.HAL_UartReceiveBlocking.str1.1
                0x0000a76f        0xc ./component/uart/fsl_adapter_lpuart.o
                                 0x19 (size before relaxing)
 .rodata.__func__.1
                0x0000a77b       0x15 ./component/uart/fsl_adapter_lpuart.o
 .rodata.__func__.4
                0x0000a790        0xd ./component/uart/fsl_adapter_lpuart.o
 .rodata.BOARD_InitDebugConsole.str1.1
                0x0000a79d       0x4a ./board/board.o
                                 0x63 (size before relaxing)
 .rodata.__func__.0
                0x0000a7e7        0xf ./board/board.o
 .rodata.CLOCK_SetIpSrc.constprop.0.str1.1
                0x0000a7f6       0x63 ./board/clock_config.o
 .rodata.__func__.1
                0x0000a7f6        0xf ./board/clock_config.o
 .rodata.CLOCK_EnableClock.str1.1
                0x0000a805       0x88 ./board/pin_mux.o
 .rodata.__func__.1
                0x0000a805       0x12 ./board/pin_mux.o
 .rodata._ctype_
                0x0000a817      0x101 c:/nxp/mcuxpressoide_11.8.1_1197/ide/plugins/com.nxp.mcuxpresso.tools.win32_11.8.1.202308071233/tools/bin/../lib/gcc/arm-none-eabi/12.2.1/thumb/v6-m/nofp\libc_nano.a(libc_a-ctype_.o)
                0x0000a817                _ctype_
 .rodata._printf_float.str1.1
                0x0000a918       0x12 c:/nxp/mcuxpressoide_11.8.1_1197/ide/plugins/com.nxp.mcuxpresso.tools.win32_11.8.1.202308071233/tools/bin/../lib/gcc/arm-none-eabi/12.2.1/thumb/v6-m/nofp\libc_nano.a(libc_a-nano-vfprintf_float.o)
 .rodata._dtoa_r.str1.1
                0x0000a92a       0x8e c:/nxp/mcuxpressoide_11.8.1_1197/ide/plugins/com.nxp.mcuxpresso.tools.win32_11.8.1.202308071233/tools/bin/../lib/gcc/arm-none-eabi/12.2.1/thumb/v6-m/nofp\libc_nano.a(libc_a-dtoa.o)
                                 0x90 (size before relaxing)
 .rodata._Balloc.str1.1
                0x0000a9b8       0x5a c:/nxp/mcuxpressoide_11.8.1_1197/ide/plugins/com.nxp.mcuxpresso.tools.win32_11.8.1.202308071233/tools/bin/../lib/gcc/arm-none-eabi/12.2.1/thumb/v6-m/nofp\libc_nano.a(libc_a-mprec.o)
                                 0x71 (size before relaxing)
 .rodata.__multadd.str1.1
                0x0000aa12       0x11 c:/nxp/mcuxpressoide_11.8.1_1197/ide/plugins/com.nxp.mcuxpresso.tools.win32_11.8.1.202308071233/tools/bin/../lib/gcc/arm-none-eabi/12.2.1/thumb/v6-m/nofp\libc_nano.a(libc_a-mprec.o)
 .rodata._setlocale_r.str1.1
                0x0000aa12        0x8 c:/nxp/mcuxpressoide_11.8.1_1197/ide/plugins/com.nxp.mcuxpresso.tools.win32_11.8.1.202308071233/tools/bin/../lib/gcc/arm-none-eabi/12.2.1/thumb/v6-m/nofp\libc_nano.a(libc_a-locale.o)
                                  0x9 (size before relaxing)
 .rodata.str1.1
                0x0000aa1a        0x2 c:/nxp/mcuxpressoide_11.8.1_1197/ide/plugins/com.nxp.mcuxpresso.tools.win32_11.8.1.202308071233/tools/bin/../lib/gcc/arm-none-eabi/12.2.1/thumb/v6-m/nofp\libc_nano.a(libc_a-locale.o)
                0x0000aa24                . = ALIGN (0x4)

.glue_7         0x0000aa1c        0x0
 .glue_7        0x0000aa1c        0x0 linker stubs

.glue_7t        0x0000aa1c        0x0
 .glue_7t       0x0000aa1c        0x0 linker stubs

.vfp11_veneer   0x0000aa1c        0x0
 .vfp11_veneer  0x0000aa1c        0x0 linker stubs

.v4_bx          0x0000aa1c        0x0
 .v4_bx         0x0000aa1c        0x0 linker stubs

.iplt           0x0000aa1c        0x0
 .iplt          0x0000aa1c        0x0 ./utilities/fsl_assert.o

.ARM.extab
 *(SORT_BY_ALIGNMENT(.ARM.extab*) SORT_BY_ALIGNMENT(.gnu.linkonce.armextab.*))

.ARM.exidx      0x0000aa1c        0x8
                0x0000aa1c                __exidx_start = .
 *(SORT_BY_ALIGNMENT(.ARM.exidx*) SORT_BY_ALIGNMENT(.gnu.linkonce.armexidx.*))
 .ARM.exidx.text.__udivmoddi4
                0x0000aa1c        0x8 c:/nxp/mcuxpressoide_11.8.1_1197/ide/plugins/com.nxp.mcuxpresso.tools.win32_11.8.1.202308071233/tools/bin/../lib/gcc/arm-none-eabi/12.2.1/thumb/v6-m/nofp\libgcc.a(_udivmoddi4.o)
                0x0000aa24                __exidx_end = .
                0x0000aa24                _etext = .

.rel.dyn        0x0000aa24        0x0
 .rel.iplt      0x0000aa24        0x0 ./utilities/fsl_assert.o

.mtb_buffer_default
                0x1ffff800       0x80
 *(SORT_BY_ALIGNMENT(.mtb*))
 .mtb.$RAM1     0x1ffff800       0x80 ./source/mtb.o
                0x1ffff800                __mtb_buffer__

.uninit_RESERVED
                0x1ffff880        0x0
                0x1ffff880                _start_uninit_RESERVED = .
 *(SORT_BY_ALIGNMENT(.bss.$RESERVED*))
                0x1ffff880                . = ALIGN (0x4)
                0x1ffff880                _end_uninit_RESERVED = .

.data           0x1ffff880      0x1ec load address 0x0000aa24
 FILL mask 0xff
                0x1ffff880                _data = .
                [!provide]                PROVIDE (__start_data_RAM = .)
                [!provide]                PROVIDE (__start_data_SRAM = .)
 *(SORT_BY_ALIGNMENT(vtable))
 *(SORT_BY_ALIGNMENT(.ramfunc*))
 *(SORT_BY_ALIGNMENT(CodeQuickAccess))
 *(SORT_BY_ALIGNMENT(DataQuickAccess))
 *(SORT_BY_ALIGNMENT(RamFunction))
 *(SORT_BY_ALIGNMENT(.data*))
 .data.tiny     0x1ffff880        0x8 c:/nxp/mcuxpressoide_11.8.1_1197/ide/plugins/com.nxp.mcuxpresso.tools.win32_11.8.1.202308071233/tools/bin/../lib/gcc/arm-none-eabi/12.2.1/thumb/v6-m/nofp\libm.a(libm_a-e_sqrt.o)
 .data.one      0x1ffff888        0x8 c:/nxp/mcuxpressoide_11.8.1_1197/ide/plugins/com.nxp.mcuxpresso.tools.win32_11.8.1.202308071233/tools/bin/../lib/gcc/arm-none-eabi/12.2.1/thumb/v6-m/nofp\libm.a(libm_a-e_sqrt.o)
 .data.txCount  0x1ffff890        0x4 ./rbwsInertialMeasurementUnit/src/rbwsI2C.o
                0x1ffff890                txCount
 .data.b        0x1ffff894        0xc ./rbwsInertialMeasurementUnit/src/rbwsMPU6050.o
                0x1ffff894                b
 .data.statusWrite
                0x1ffff8a0        0x4 ./rbwsInertialMeasurementUnit/src/rbwsMPU6050.o
                0x1ffff8a0                statusWrite
 .data.statusRead
                0x1ffff8a4        0x4 ./rbwsInertialMeasurementUnit/src/rbwsMPU6050.o
                0x1ffff8a4                statusRead
 .data.SystemCoreClock
                0x1ffff8a8        0x4 ./device/system_MKE16Z4.o
                0x1ffff8a8                SystemCoreClock
 .data._impure_ptr
                0x1ffff8ac        0x4 c:/nxp/mcuxpressoide_11.8.1_1197/ide/plugins/com.nxp.mcuxpresso.tools.win32_11.8.1.202308071233/tools/bin/../lib/gcc/arm-none-eabi/12.2.1/thumb/v6-m/nofp\libc_nano.a(libc_a-impure.o)
                0x1ffff8ac                _impure_ptr
 .data._impure_data
                0x1ffff8b0       0x4c c:/nxp/mcuxpressoide_11.8.1_1197/ide/plugins/com.nxp.mcuxpresso.tools.win32_11.8.1.202308071233/tools/bin/../lib/gcc/arm-none-eabi/12.2.1/thumb/v6-m/nofp\libc_nano.a(libc_a-impure.o)
                0x1ffff8b0                _impure_data
 .data.__global_locale
                0x1ffff8fc      0x16c c:/nxp/mcuxpressoide_11.8.1_1197/ide/plugins/com.nxp.mcuxpresso.tools.win32_11.8.1.202308071233/tools/bin/../lib/gcc/arm-none-eabi/12.2.1/thumb/v6-m/nofp\libc_nano.a(libc_a-locale.o)
                0x1ffff8fc                __global_locale
 .data.acc_sensitivity
                0x1ffffa68        0x2 ./rbwsInertialMeasurementUnit/src/rbwsMPU6050.o
                0x1ffffa68                acc_sensitivity
 .data.gyro_sensitivity
                0x1ffffa6a        0x2 ./rbwsInertialMeasurementUnit/src/rbwsMPU6050.o
                0x1ffffa6a                gyro_sensitivity
                0x1ffffa6c                . = ALIGN (0x4)
                0x1ffffa6c                _edata = .
                [!provide]                PROVIDE (__end_data_RAM = .)
                [!provide]                PROVIDE (__end_data_SRAM = .)

.igot.plt       0x1ffffa6c        0x0 load address 0x0000ac10
 .igot.plt      0x1ffffa6c        0x0 ./utilities/fsl_assert.o

.bss            0x1ffffa6c      0x2b4
                0x1ffffa6c                _bss = .
                [!provide]                PROVIDE (__start_bss_RAM = .)
                [!provide]                PROVIDE (__start_bss_SRAM = .)
 *(SORT_BY_ALIGNMENT(.bss*))
 .bss.g_serialHandle
                0x1ffffa6c        0x4 ./utilities/fsl_debug_console.o
                0x1ffffa6c                g_serialHandle
 .bss.s_debugConsoleState
                0x1ffffa70       0x20 ./utilities/fsl_debug_console.o
 .bss.past_meas_gyro_zf
                0x1ffffa90        0x4 ./rbwsInertialMeasurementUnit/src/rbwsMPU6050.o
                0x1ffffa90                past_meas_gyro_zf
 .bss.past_meas_gyro_yf
                0x1ffffa94        0x4 ./rbwsInertialMeasurementUnit/src/rbwsMPU6050.o
                0x1ffffa94                past_meas_gyro_yf
 .bss.past_meas_gyro_xf
                0x1ffffa98        0x4 ./rbwsInertialMeasurementUnit/src/rbwsMPU6050.o
                0x1ffffa98                past_meas_gyro_xf
 .bss.past_meas_accel_zf
                0x1ffffa9c        0x4 ./rbwsInertialMeasurementUnit/src/rbwsMPU6050.o
                0x1ffffa9c                past_meas_accel_zf
 .bss.past_meas_accel_yf
                0x1ffffaa0        0x4 ./rbwsInertialMeasurementUnit/src/rbwsMPU6050.o
                0x1ffffaa0                past_meas_accel_yf
 .bss.past_meas_accel_xf
                0x1ffffaa4        0x4 ./rbwsInertialMeasurementUnit/src/rbwsMPU6050.o
                0x1ffffaa4                past_meas_accel_xf
 .bss.gyro_zf   0x1ffffaa8        0x4 ./rbwsInertialMeasurementUnit/src/rbwsMPU6050.o
                0x1ffffaa8                gyro_zf
 .bss.gyro_yf   0x1ffffaac        0x4 ./rbwsInertialMeasurementUnit/src/rbwsMPU6050.o
                0x1ffffaac                gyro_yf
 .bss.gyro_xf   0x1ffffab0        0x4 ./rbwsInertialMeasurementUnit/src/rbwsMPU6050.o
                0x1ffffab0                gyro_xf
 .bss.accel_zf  0x1ffffab4        0x4 ./rbwsInertialMeasurementUnit/src/rbwsMPU6050.o
                0x1ffffab4                accel_zf
 .bss.accel_yf  0x1ffffab8        0x4 ./rbwsInertialMeasurementUnit/src/rbwsMPU6050.o
                0x1ffffab8                accel_yf
 .bss.accel_xf  0x1ffffabc        0x4 ./rbwsInertialMeasurementUnit/src/rbwsMPU6050.o
                0x1ffffabc                accel_xf
 .bss.uxSchedulerSuspended
                0x1ffffac0        0x4 ./freertos/freertos-kernel/tasks.o
 .bss.xNextTaskUnblockTime
                0x1ffffac4        0x4 ./freertos/freertos-kernel/tasks.o
 .bss.xNumOfOverflows
                0x1ffffac8        0x4 ./freertos/freertos-kernel/tasks.o
 .bss.xYieldPending
                0x1ffffacc        0x4 ./freertos/freertos-kernel/tasks.o
 .bss.xPendedTicks
                0x1ffffad0        0x4 ./freertos/freertos-kernel/tasks.o
 .bss.uxTopReadyPriority
                0x1ffffad4        0x4 ./freertos/freertos-kernel/tasks.o
 .bss.xTickCount
                0x1ffffad8        0x4 ./freertos/freertos-kernel/tasks.o
 .bss.pxOverflowDelayedTaskList
                0x1ffffadc        0x4 ./freertos/freertos-kernel/tasks.o
 .bss.pxDelayedTaskList
                0x1ffffae0        0x4 ./freertos/freertos-kernel/tasks.o
 .bss.pxReadyTasksLists
                0x1ffffae4       0x64 ./freertos/freertos-kernel/tasks.o
 .bss.pxCurrentTCB
                0x1ffffb48        0x4 ./freertos/freertos-kernel/tasks.o
                0x1ffffb48                pxCurrentTCB
 .bss.g_xtal0Freq
                0x1ffffb4c        0x4 ./drivers/fsl_clock.o
                0x1ffffb4c                g_xtal0Freq
 .bss.s_lpi2cSlaveHandle
                0x1ffffb50        0x4 ./drivers/fsl_lpi2c.o
 .bss.s_lpi2cSlaveIsr
                0x1ffffb54        0x4 ./drivers/fsl_lpi2c.o
 .bss.s_lpi2cMasterHandle
                0x1ffffb58        0x4 ./drivers/fsl_lpi2c.o
                0x1ffffb58                s_lpi2cMasterHandle
 .bss.s_lpi2cMasterIsr
                0x1ffffb5c        0x4 ./drivers/fsl_lpi2c.o
                0x1ffffb5c                s_lpi2cMasterIsr
 .bss.s_lpspiSlaveIsr
                0x1ffffb60        0x4 ./drivers/fsl_lpspi.o
 .bss.s_lpspiMasterIsr
                0x1ffffb64        0x4 ./drivers/fsl_lpspi.o
 .bss.s_lpspiHandle
                0x1ffffb68        0x4 ./drivers/fsl_lpspi.o
 .bss.s_lpuartIsr
                0x1ffffb6c        0xc ./drivers/fsl_lpuart.o
                0x1ffffb6c                s_lpuartIsr
 .bss.s_lpuartHandle
                0x1ffffb78        0xc ./drivers/fsl_lpuart.o
                0x1ffffb78                s_lpuartHandle
 .bss.LPUART2_handle
                0x1ffffb84       0x30 ./board/peripherals.o
                0x1ffffb84                LPUART2_handle
 .bss.__malloc_sbrk_start
                0x1ffffbb4        0x4 c:/nxp/mcuxpressoide_11.8.1_1197/ide/plugins/com.nxp.mcuxpresso.tools.win32_11.8.1.202308071233/tools/bin/../lib/gcc/arm-none-eabi/12.2.1/thumb/v6-m/nofp\libc_nano.a(libc_a-mallocr.o)
                0x1ffffbb4                __malloc_sbrk_start
 .bss.__malloc_free_list
                0x1ffffbb8        0x4 c:/nxp/mcuxpressoide_11.8.1_1197/ide/plugins/com.nxp.mcuxpresso.tools.win32_11.8.1.202308071233/tools/bin/../lib/gcc/arm-none-eabi/12.2.1/thumb/v6-m/nofp\libc_nano.a(libc_a-mallocr.o)
                0x1ffffbb8                __malloc_free_list
 .bss.__sf      0x1ffffbbc      0x138 c:/nxp/mcuxpressoide_11.8.1_1197/ide/plugins/com.nxp.mcuxpresso.tools.win32_11.8.1.202308071233/tools/bin/../lib/gcc/arm-none-eabi/12.2.1/thumb/v6-m/nofp\libc_nano.a(libc_a-findfp.o)
                0x1ffffbbc                __sf
 .bss.errno     0x1ffffcf4        0x4 c:/nxp/mcuxpressoide_11.8.1_1197/ide/plugins/com.nxp.mcuxpresso.tools.win32_11.8.1.202308071233/tools/bin/../lib/gcc/arm-none-eabi/12.2.1/thumb/v6-m/nofp\libc_nano.a(libc_a-reent.o)
                0x1ffffcf4                errno
 .bss.__end_of_heap
                0x1ffffcf8        0x4 c:/nxp/mcuxpressoide_11.8.1_1197/ide/plugins/com.nxp.mcuxpresso.tools.win32_11.8.1.202308071233/tools/bin/../lib/gcc/arm-none-eabi/12.2.1/../../../../arm-none-eabi/lib/thumb/v6-m/nofp\libcr_newlib_nohost.a(_cr_sbrk.o)
                0x1ffffcf8                __end_of_heap
 .bss.pulseWidth
                0x1ffffcfc        0x2 ./rbwsPWT/src/rbwsPWT.o
                0x1ffffcfc                pulseWidth
 .bss.servoUpdatedDutyCycle
                0x1ffffcfe        0x2 ./rbwsMotorControl/src/rbwsMotorControl.o
                0x1ffffcfe                servoUpdatedDutyCycle
 .bss.lidarUpdatedDutyCycle
                0x1ffffd00        0x2 ./rbwsMotorControl/src/rbwsMotorControl.o
                0x1ffffd00                lidarUpdatedDutyCycle
 .bss.motorUpdatedDutycycle
                0x1ffffd02        0x2 ./rbwsMotorControl/src/rbwsMotorControl.o
                0x1ffffd02                motorUpdatedDutycycle
 .bss.gyro_z    0x1ffffd04        0x2 ./rbwsInertialMeasurementUnit/src/rbwsMPU6050.o
                0x1ffffd04                gyro_z
 .bss.gyro_y    0x1ffffd06        0x2 ./rbwsInertialMeasurementUnit/src/rbwsMPU6050.o
                0x1ffffd06                gyro_y
 .bss.gyro_x    0x1ffffd08        0x2 ./rbwsInertialMeasurementUnit/src/rbwsMPU6050.o
                0x1ffffd08                gyro_x
 .bss.accel_z   0x1ffffd0a        0x2 ./rbwsInertialMeasurementUnit/src/rbwsMPU6050.o
                0x1ffffd0a                accel_z
 .bss.accel_y   0x1ffffd0c        0x2 ./rbwsInertialMeasurementUnit/src/rbwsMPU6050.o
                0x1ffffd0c                accel_y
 .bss.accel_x   0x1ffffd0e        0x2 ./rbwsInertialMeasurementUnit/src/rbwsMPU6050.o
                0x1ffffd0e                accel_x
 .bss.s_debugConsoleReadWaitSemaphore
                0x1ffffd10        0x1 ./utilities/fsl_debug_console.o
 .bss.reg       0x1ffffd11        0x1 ./rbwsPWT/src/rbwsPWT.o
                0x1ffffd11                reg
 .bss.pwtConfig
                0x1ffffd12        0x4 ./rbwsPWT/src/rbwsPWT.o
                0x1ffffd12                pwtConfig
 .bss.overflowFlag
                0x1ffffd16        0x1 ./rbwsPWT/src/rbwsPWT.o
                0x1ffffd16                overflowFlag
 .bss.busyWait  0x1ffffd17        0x1 ./rbwsPWT/src/rbwsPWT.o
                0x1ffffd17                busyWait
 .bss.scanStarted
                0x1ffffd18        0x1 ./rbwsLidarA1M8/src/rbwsLidarA1M8_main.o
                0x1ffffd18                scanStarted
 .bss.connectionStatus
                0x1ffffd19        0x1 ./rbwsInertialMeasurementUnit/src/rbwsMPU6050.o
                0x1ffffd19                connectionStatus
 .bss.g_master_rxBuff
                0x1ffffd1a        0x1 ./rbwsInertialMeasurementUnit/src/rbwsMPU6050.o
                0x1ffffd1a                g_master_rxBuff
 .bss.g_master_txBuff
                0x1ffffd1b        0x1 ./rbwsInertialMeasurementUnit/src/rbwsMPU6050.o
                0x1ffffd1b                g_master_txBuff
 .bss.g_lpspiDummyData
                0x1ffffd1c        0x1 ./drivers/fsl_lpspi.o
                0x1ffffd1c                g_lpspiDummyData
 .bss.__lock___malloc_recursive_mutex
                0x1ffffd1d        0x1 c:/nxp/mcuxpressoide_11.8.1_1197/ide/plugins/com.nxp.mcuxpresso.tools.win32_11.8.1.202308071233/tools/bin/../lib/gcc/arm-none-eabi/12.2.1/thumb/v6-m/nofp\libc_nano.a(libc_a-lock.o)
                0x1ffffd1d                __lock___malloc_recursive_mutex
 *(SORT_BY_ALIGNMENT(COMMON))
                0x1ffffd20                . = ALIGN (0x4)
 *fill*         0x1ffffd1e        0x2 
                0x1ffffd20                _ebss = .
                [!provide]                PROVIDE (__end_bss_RAM = .)
                [!provide]                PROVIDE (__end_bss_SRAM = .)
                [!provide]                PROVIDE (end = .)

.noinit         0x1ffffd20        0x0
                0x1ffffd20                _noinit = .
                [!provide]                PROVIDE (__start_noinit_RAM = .)
                [!provide]                PROVIDE (__start_noinit_SRAM = .)
 *(SORT_BY_ALIGNMENT(.noinit*))
                0x1ffffd20                . = ALIGN (0x4)
                0x1ffffd20                _end_noinit = .
                [!provide]                PROVIDE (__end_noinit_RAM = .)
                [!provide]                PROVIDE (__end_noinit_SRAM = .)
                0x00000200                _HeapSize = 0x200

.heap           0x1ffffd20      0x200
                0x1ffffd20                _pvHeapStart = .
                0x1fffff20                . = (. + _HeapSize)
 *fill*         0x1ffffd20      0x200 
                0x1fffff20                . = ALIGN (0x4)
                0x1fffff20                _pvHeapLimit = .
                0x00000200                _StackSize = 0x200

.heap2stackfill
                0x1fffff20      0x200
                0x20000120                . = (. + _StackSize)
 *fill*         0x1fffff20      0x200 

.stack          0x20001600        0x0
                0x20001600                _vStackBase = .
                0x20001600                . = ALIGN (0x4)
                0x20001800                _vStackTop = (. + _StackSize)
                0x00000000                _image_start = LOADADDR (.text)
                0x0000ac10                _image_end = (LOADADDR (.data) + SIZEOF (.data))
                0x0000ac10                _image_size = (_image_end - _image_start)
OUTPUT(Licenta.axf elf32-littlearm)
LOAD linker stubs

.debug_info     0x00000000    0x20b9f
 .debug_info    0x00000000      0x123 ./utilities/fsl_assert.o
 .debug_info    0x00000123     0x12b7 ./utilities/fsl_debug_console.o
 .debug_info    0x000013da     0x1482 ./utilities/fsl_str.o
 .debug_info    0x0000285c      0x66e ./startup/startup_mke16z4.o
 .debug_info    0x00002eca      0x155 ./source/Licenta.o
 .debug_info    0x0000301f       0x54 ./source/mtb.o
 .debug_info    0x00003073       0x3d ./source/semihost_hardfault.o
 .debug_info    0x000030b0      0xe6d ./rbwsPWT/src/rbwsPWT.o
 .debug_info    0x00003f1d      0xaa2 ./rbwsMotorControl/src/rbwsMotorControl.o
 .debug_info    0x000049bf      0x969 ./rbwsLidarA1M8/src/rbwsLidarA1M8_main.o
 .debug_info    0x00005328      0xc03 ./rbwsInertialMeasurementUnit/src/rbwsI2C.o
 .debug_info    0x00005f2b      0xf4b ./rbwsInertialMeasurementUnit/src/rbwsMPU6050.o
 .debug_info    0x00006e76      0x2ed ./freertos/freertos-kernel/portable/GCC/ARM_CM0/port.o
 .debug_info    0x00007163     0x2ccd ./freertos/freertos-kernel/tasks.o
 .debug_info    0x00009e30     0x17ba ./drivers/fsl_clock.o
 .debug_info    0x0000b5ea      0x1a9 ./drivers/fsl_common_arm.o
 .debug_info    0x0000b793     0x1fd4 ./drivers/fsl_ftm.o
 .debug_info    0x0000d767     0x4057 ./drivers/fsl_lpi2c.o
 .debug_info    0x000117be     0x4315 ./drivers/fsl_lpspi.o
 .debug_info    0x00015ad3     0x3304 ./drivers/fsl_lpuart.o
 .debug_info    0x00018dd7      0x6fd ./drivers/fsl_pwt.o
 .debug_info    0x000194d4      0x379 ./device/system_MKE16Z4.o
 .debug_info    0x0001984d      0xdce ./component/uart/fsl_adapter_lpuart.o
 .debug_info    0x0001a61b     0x1216 ./component/serial_manager/fsl_component_serial_manager.o
 .debug_info    0x0001b831      0x5e1 ./component/serial_manager/fsl_component_serial_port_uart.o
 .debug_info    0x0001be12      0x3c8 ./board/board.o
 .debug_info    0x0001c1da     0x1543 ./board/clock_config.o
 .debug_info    0x0001d71d     0x1d63 ./board/peripherals.o
 .debug_info    0x0001f480     0x1572 ./board/pin_mux.o
 .debug_info    0x000209f2      0x13b c:/nxp/mcuxpressoide_11.8.1_1197/ide/plugins/com.nxp.mcuxpresso.tools.win32_11.8.1.202308071233/tools/bin/../lib/gcc/arm-none-eabi/12.2.1/../../../../arm-none-eabi/lib/thumb/v6-m/nofp\libcr_newlib_nohost.a(_cr_sbrk.o)
 .debug_info    0x00020b2d       0x72 c:/nxp/mcuxpressoide_11.8.1_1197/ide/plugins/com.nxp.mcuxpresso.tools.win32_11.8.1.202308071233/tools/bin/../lib/gcc/arm-none-eabi/12.2.1/../../../../arm-none-eabi/lib/thumb/v6-m/nofp\libcr_newlib_nohost.a(_cr_check_heap.o)

.debug_abbrev   0x00000000     0x4fde
 .debug_abbrev  0x00000000       0xa3 ./utilities/fsl_assert.o
 .debug_abbrev  0x000000a3      0x383 ./utilities/fsl_debug_console.o
 .debug_abbrev  0x00000426      0x3c2 ./utilities/fsl_str.o
 .debug_abbrev  0x000007e8      0x1d5 ./startup/startup_mke16z4.o
 .debug_abbrev  0x000009bd       0x7d ./source/Licenta.o
 .debug_abbrev  0x00000a3a       0x45 ./source/mtb.o
 .debug_abbrev  0x00000a7f       0x2f ./source/semihost_hardfault.o
 .debug_abbrev  0x00000aae      0x34d ./rbwsPWT/src/rbwsPWT.o
 .debug_abbrev  0x00000dfb      0x252 ./rbwsMotorControl/src/rbwsMotorControl.o
 .debug_abbrev  0x0000104d      0x276 ./rbwsLidarA1M8/src/rbwsLidarA1M8_main.o
 .debug_abbrev  0x000012c3      0x2d8 ./rbwsInertialMeasurementUnit/src/rbwsI2C.o
 .debug_abbrev  0x0000159b      0x2c3 ./rbwsInertialMeasurementUnit/src/rbwsMPU6050.o
 .debug_abbrev  0x0000185e      0x1dc ./freertos/freertos-kernel/portable/GCC/ARM_CM0/port.o
 .debug_abbrev  0x00001a3a      0x49f ./freertos/freertos-kernel/tasks.o
 .debug_abbrev  0x00001ed9      0x3fa ./drivers/fsl_clock.o
 .debug_abbrev  0x000022d3      0x131 ./drivers/fsl_common_arm.o
 .debug_abbrev  0x00002404      0x404 ./drivers/fsl_ftm.o
 .debug_abbrev  0x00002808      0x585 ./drivers/fsl_lpi2c.o
 .debug_abbrev  0x00002d8d      0x498 ./drivers/fsl_lpspi.o
 .debug_abbrev  0x00003225      0x534 ./drivers/fsl_lpuart.o
 .debug_abbrev  0x00003759      0x263 ./drivers/fsl_pwt.o
 .debug_abbrev  0x000039bc      0x14f ./device/system_MKE16Z4.o
 .debug_abbrev  0x00003b0b      0x25d ./component/uart/fsl_adapter_lpuart.o
 .debug_abbrev  0x00003d68      0x2e3 ./component/serial_manager/fsl_component_serial_manager.o
 .debug_abbrev  0x0000404b      0x1c5 ./component/serial_manager/fsl_component_serial_port_uart.o
 .debug_abbrev  0x00004210      0x1c6 ./board/board.o
 .debug_abbrev  0x000043d6      0x40f ./board/clock_config.o
 .debug_abbrev  0x000047e5      0x33c ./board/peripherals.o
 .debug_abbrev  0x00004b21      0x34f ./board/pin_mux.o
 .debug_abbrev  0x00004e70      0x104 c:/nxp/mcuxpressoide_11.8.1_1197/ide/plugins/com.nxp.mcuxpresso.tools.win32_11.8.1.202308071233/tools/bin/../lib/gcc/arm-none-eabi/12.2.1/../../../../arm-none-eabi/lib/thumb/v6-m/nofp\libcr_newlib_nohost.a(_cr_sbrk.o)
 .debug_abbrev  0x00004f74       0x6a c:/nxp/mcuxpressoide_11.8.1_1197/ide/plugins/com.nxp.mcuxpresso.tools.win32_11.8.1.202308071233/tools/bin/../lib/gcc/arm-none-eabi/12.2.1/../../../../arm-none-eabi/lib/thumb/v6-m/nofp\libcr_newlib_nohost.a(_cr_check_heap.o)

.debug_loclists
                0x00000000     0xc211
 .debug_loclists
                0x00000000       0x78 ./utilities/fsl_assert.o
 .debug_loclists
                0x00000078      0x5d1 ./utilities/fsl_debug_console.o
 .debug_loclists
                0x00000649     0x10ed ./utilities/fsl_str.o
 .debug_loclists
                0x00001736      0x149 ./startup/startup_mke16z4.o
 .debug_loclists
                0x0000187f      0x1bd ./rbwsPWT/src/rbwsPWT.o
 .debug_loclists
                0x00001a3c      0x191 ./rbwsMotorControl/src/rbwsMotorControl.o
 .debug_loclists
                0x00001bcd      0x184 ./rbwsLidarA1M8/src/rbwsLidarA1M8_main.o
 .debug_loclists
                0x00001d51      0x1d7 ./rbwsInertialMeasurementUnit/src/rbwsI2C.o
 .debug_loclists
                0x00001f28      0x1c4 ./rbwsInertialMeasurementUnit/src/rbwsMPU6050.o
 .debug_loclists
                0x000020ec       0x86 ./freertos/freertos-kernel/portable/GCC/ARM_CM0/port.o
 .debug_loclists
                0x00002172     0x1687 ./freertos/freertos-kernel/tasks.o
 .debug_loclists
                0x000037f9      0x439 ./drivers/fsl_clock.o
 .debug_loclists
                0x00003c32       0x41 ./drivers/fsl_common_arm.o
 .debug_loclists
                0x00003c73     0x1088 ./drivers/fsl_ftm.o
 .debug_loclists
                0x00004cfb     0x20dc ./drivers/fsl_lpi2c.o
 .debug_loclists
                0x00006dd7     0x212a ./drivers/fsl_lpspi.o
 .debug_loclists
                0x00008f01     0x1a83 ./drivers/fsl_lpuart.o
 .debug_loclists
                0x0000a984      0x127 ./drivers/fsl_pwt.o
 .debug_loclists
                0x0000aaab       0x34 ./device/system_MKE16Z4.o
 .debug_loclists
                0x0000aadf      0x3eb ./component/uart/fsl_adapter_lpuart.o
 .debug_loclists
                0x0000aeca      0x80a ./component/serial_manager/fsl_component_serial_manager.o
 .debug_loclists
                0x0000b6d4      0x1be ./component/serial_manager/fsl_component_serial_port_uart.o
 .debug_loclists
                0x0000b892       0x57 ./board/board.o
 .debug_loclists
                0x0000b8e9      0x142 ./board/clock_config.o
 .debug_loclists
                0x0000ba2b       0xde ./board/peripherals.o
 .debug_loclists
                0x0000bb09      0x69d ./board/pin_mux.o
 .debug_loclists
                0x0000c1a6       0x4b c:/nxp/mcuxpressoide_11.8.1_1197/ide/plugins/com.nxp.mcuxpresso.tools.win32_11.8.1.202308071233/tools/bin/../lib/gcc/arm-none-eabi/12.2.1/../../../../arm-none-eabi/lib/thumb/v6-m/nofp\libcr_newlib_nohost.a(_cr_sbrk.o)
 .debug_loclists
                0x0000c1f1       0x20 c:/nxp/mcuxpressoide_11.8.1_1197/ide/plugins/com.nxp.mcuxpresso.tools.win32_11.8.1.202308071233/tools/bin/../lib/gcc/arm-none-eabi/12.2.1/../../../../arm-none-eabi/lib/thumb/v6-m/nofp\libcr_newlib_nohost.a(_cr_check_heap.o)

.debug_aranges  0x00000000      0xe40
 .debug_aranges
                0x00000000       0x20 ./utilities/fsl_assert.o
 .debug_aranges
                0x00000020       0xb8 ./utilities/fsl_debug_console.o
 .debug_aranges
                0x000000d8       0x48 ./utilities/fsl_str.o
 .debug_aranges
                0x00000120      0x160 ./startup/startup_mke16z4.o
 .debug_aranges
                0x00000280       0x20 ./source/Licenta.o
 .debug_aranges
                0x000002a0       0x18 ./source/mtb.o
 .debug_aranges
                0x000002b8       0x20 ./source/semihost_hardfault.o
 .debug_aranges
                0x000002d8       0x38 ./rbwsPWT/src/rbwsPWT.o
 .debug_aranges
                0x00000310       0x50 ./rbwsMotorControl/src/rbwsMotorControl.o
 .debug_aranges
                0x00000360       0x40 ./rbwsLidarA1M8/src/rbwsLidarA1M8_main.o
 .debug_aranges
                0x000003a0       0x30 ./rbwsInertialMeasurementUnit/src/rbwsI2C.o
 .debug_aranges
                0x000003d0       0x88 ./rbwsInertialMeasurementUnit/src/rbwsMPU6050.o
 .debug_aranges
                0x00000458       0x88 ./freertos/freertos-kernel/portable/GCC/ARM_CM0/port.o
 .debug_aranges
                0x000004e0      0x1d0 ./freertos/freertos-kernel/tasks.o
 .debug_aranges
                0x000006b0       0xd0 ./drivers/fsl_clock.o
 .debug_aranges
                0x00000780       0x20 ./drivers/fsl_common_arm.o
 .debug_aranges
                0x000007a0       0xb8 ./drivers/fsl_ftm.o
 .debug_aranges
                0x00000858      0x128 ./drivers/fsl_lpi2c.o
 .debug_aranges
                0x00000980      0x118 ./drivers/fsl_lpspi.o
 .debug_aranges
                0x00000a98      0x110 ./drivers/fsl_lpuart.o
 .debug_aranges
                0x00000ba8       0x38 ./drivers/fsl_pwt.o
 .debug_aranges
                0x00000be0       0x30 ./device/system_MKE16Z4.o
 .debug_aranges
                0x00000c10       0x48 ./component/uart/fsl_adapter_lpuart.o
 .debug_aranges
                0x00000c58       0x70 ./component/serial_manager/fsl_component_serial_manager.o
 .debug_aranges
                0x00000cc8       0x48 ./component/serial_manager/fsl_component_serial_port_uart.o
 .debug_aranges
                0x00000d10       0x20 ./board/board.o
 .debug_aranges
                0x00000d30       0x38 ./board/clock_config.o
 .debug_aranges
                0x00000d68       0x28 ./board/peripherals.o
 .debug_aranges
                0x00000d90       0x70 ./board/pin_mux.o
 .debug_aranges
                0x00000e00       0x20 c:/nxp/mcuxpressoide_11.8.1_1197/ide/plugins/com.nxp.mcuxpresso.tools.win32_11.8.1.202308071233/tools/bin/../lib/gcc/arm-none-eabi/12.2.1/../../../../arm-none-eabi/lib/thumb/v6-m/nofp\libcr_newlib_nohost.a(_cr_sbrk.o)
 .debug_aranges
                0x00000e20       0x20 c:/nxp/mcuxpressoide_11.8.1_1197/ide/plugins/com.nxp.mcuxpresso.tools.win32_11.8.1.202308071233/tools/bin/../lib/gcc/arm-none-eabi/12.2.1/../../../../arm-none-eabi/lib/thumb/v6-m/nofp\libcr_newlib_nohost.a(_cr_check_heap.o)

.debug_rnglists
                0x00000000     0x15bd
 .debug_rnglists
                0x00000000       0x13 ./utilities/fsl_assert.o
 .debug_rnglists
                0x00000013       0x9e ./utilities/fsl_debug_console.o
 .debug_rnglists
                0x000000b1      0x111 ./utilities/fsl_str.o
 .debug_rnglists
                0x000001c2      0x103 ./startup/startup_mke16z4.o
 .debug_rnglists
                0x000002c5       0x13 ./source/Licenta.o
 .debug_rnglists
                0x000002d8       0x13 ./source/semihost_hardfault.o
 .debug_rnglists
                0x000002eb       0x75 ./rbwsPWT/src/rbwsPWT.o